main.c:105:5:main	40	static,ignoring_inline_asm
main.c:276:6:SystemClock_Config	120	static
main.c:331:13:MX_SPI1_Init	8	static
main.c:379:13:MX_SPI2_Init	8	static
main.c:427:13:MX_USART1_UART_Init	8	static
main.c:472:13:MX_USART3_UART_Init	8	static
main.c:516:13:MX_DMA_Init	16	static
main.c:540:13:MX_GPIO_Init	56	static
main.c:584:6:HAL_GPIO_EXTI_Callback	16	static
main.c:590:6:tx_h_complete	16	static
main.c:601:6:HAL_SPI_ErrorCallback	16	static
main.c:605:6:HAL_UART_ErrorCallback	16	static
main.c:617:6:Error_Handler	8	static,ignoring_inline_asm
