main.c:90:5:main	56	static,ignoring_inline_asm
main.c:255:6:SystemClock_Config	120	static
main.c:312:13:MX_SPI1_Init	8	static
main.c:360:13:MX_SPI2_Init	8	static
main.c:408:13:MX_USART1_UART_Init	8	static
main.c:456:13:MX_USART3_UART_Init	8	static
main.c:503:13:MX_DMA_Init	16	static
main.c:528:13:MX_GPIO_Init	56	static
main.c:573:6:HAL_GPIO_EXTI_Callback	16	static
main.c:581:6:HAL_SPI_RxCpltCallback	16	static
main.c:588:6:tx_complete	16	static
main.c:595:6:tx_h_complete	16	static
main.c:609:6:HAL_SPI_ErrorCallback	16	static
main.c:614:6:HAL_UART_TxCpltCallback	16	static
main.c:623:6:HAL_UART_ErrorCallback	16	static
main.c:636:6:Error_Handler	8	static,ignoring_inline_asm
