stm32h7xx_it.c:75:6:NMI_Handler	4	static
stm32h7xx_it.c:88:6:HardFault_Handler	4	static
stm32h7xx_it.c:101:6:MemManage_Handler	4	static
stm32h7xx_it.c:114:6:BusFault_Handler	4	static
stm32h7xx_it.c:127:6:UsageFault_Handler	4	static
stm32h7xx_it.c:140:6:SVC_Handler	4	static
stm32h7xx_it.c:152:6:DebugMon_Handler	4	static
stm32h7xx_it.c:164:6:PendSV_Handler	4	static
stm32h7xx_it.c:176:6:SysTick_Handler	8	static
stm32h7xx_it.c:196:6:DMA1_Stream0_IRQHandler	8	static
stm32h7xx_it.c:209:6:DMA1_Stream1_IRQHandler	8	static
stm32h7xx_it.c:221:6:DMA2_Stream0_IRQHandler	8	static
stm32h7xx_it.c:231:6:EXTI15_10_IRQHandler	8	static
stm32h7xx_it.c:235:6:USART3_IRQHandler	8	static
stm32h7xx_it.c:240:6:SPI1_IRQHandler	8	static
