stm32h7xx_it.c:77:6:NMI_Handler	4	static
stm32h7xx_it.c:90:6:HardFault_Handler	4	static
stm32h7xx_it.c:103:6:MemManage_Handler	4	static
stm32h7xx_it.c:116:6:BusFault_Handler	4	static
stm32h7xx_it.c:129:6:UsageFault_Handler	4	static
stm32h7xx_it.c:142:6:SVC_Handler	4	static
stm32h7xx_it.c:154:6:DebugMon_Handler	4	static
stm32h7xx_it.c:166:6:PendSV_Handler	4	static
stm32h7xx_it.c:178:6:SysTick_Handler	8	static
stm32h7xx_it.c:198:6:DMA1_Stream0_IRQHandler	8	static
stm32h7xx_it.c:206:6:DMA1_Stream1_IRQHandler	8	static
stm32h7xx_it.c:211:6:DMA2_Stream0_IRQHandler	8	static
stm32h7xx_it.c:216:6:DMA2_Stream1_IRQHandler	8	static
stm32h7xx_it.c:221:6:EXTI15_10_IRQHandler	8	static
stm32h7xx_it.c:225:6:USART1_IRQHandler	8	static
stm32h7xx_it.c:230:6:USART3_IRQHandler	8	static
stm32h7xx_it.c:235:6:SPI1_IRQHandler	8	static
stm32h7xx_it.c:240:6:SPI2_IRQHandler	8	static
