stm32h7xx_it.c:50:6:NMI_Handler	4	static
stm32h7xx_it.c:59:6:HardFault_Handler	4	static
stm32h7xx_it.c:72:6:MemManage_Handler	4	static
stm32h7xx_it.c:85:6:BusFault_Handler	4	static
stm32h7xx_it.c:98:6:UsageFault_Handler	4	static
stm32h7xx_it.c:111:6:SVC_Handler	4	static
stm32h7xx_it.c:120:6:DebugMon_Handler	4	static
stm32h7xx_it.c:129:6:PendSV_Handler	4	static
stm32h7xx_it.c:138:6:SysTick_Handler	8	static
stm32h7xx_it.c:156:6:DMA2_Stream1_IRQHandler	8	static
stm32h7xx_it.c:168:6:DMA2_Stream7_IRQHandler	8	static
stm32h7xx_it.c:181:6:USART6_IRQHandler	8	static
stm32h7xx_it.c:191:6:EXTI15_10_IRQHandler	8	static
