Archive member included to satisfy reference by file (symbol)

c:/st/stm32cubeide_1.8.0/stm32cubeide/plugins/com.st.stm32cube.ide.mcu.externaltools.gnu-tools-for-stm32.9-2020-q2-update.win32_2.0.0.202105311346/tools/bin/../lib/gcc/arm-none-eabi/9.3.1/../../../../arm-none-eabi/lib/thumb/v7e-m+dp/hard\libc_nano.a(lib_a-errno.o)
                              ./Core/Src/syscalls.o (__errno)
c:/st/stm32cubeide_1.8.0/stm32cubeide/plugins/com.st.stm32cube.ide.mcu.externaltools.gnu-tools-for-stm32.9-2020-q2-update.win32_2.0.0.202105311346/tools/bin/../lib/gcc/arm-none-eabi/9.3.1/../../../../arm-none-eabi/lib/thumb/v7e-m+dp/hard\libc_nano.a(lib_a-exit.o)
                              c:/st/stm32cubeide_1.8.0/stm32cubeide/plugins/com.st.stm32cube.ide.mcu.externaltools.gnu-tools-for-stm32.9-2020-q2-update.win32_2.0.0.202105311346/tools/bin/../lib/gcc/arm-none-eabi/9.3.1/../../../../arm-none-eabi/lib/thumb/v7e-m+dp/hard/crt0.o (exit)
c:/st/stm32cubeide_1.8.0/stm32cubeide/plugins/com.st.stm32cube.ide.mcu.externaltools.gnu-tools-for-stm32.9-2020-q2-update.win32_2.0.0.202105311346/tools/bin/../lib/gcc/arm-none-eabi/9.3.1/../../../../arm-none-eabi/lib/thumb/v7e-m+dp/hard\libc_nano.a(lib_a-impure.o)
                              c:/st/stm32cubeide_1.8.0/stm32cubeide/plugins/com.st.stm32cube.ide.mcu.externaltools.gnu-tools-for-stm32.9-2020-q2-update.win32_2.0.0.202105311346/tools/bin/../lib/gcc/arm-none-eabi/9.3.1/../../../../arm-none-eabi/lib/thumb/v7e-m+dp/hard\libc_nano.a(lib_a-exit.o) (_global_impure_ptr)
c:/st/stm32cubeide_1.8.0/stm32cubeide/plugins/com.st.stm32cube.ide.mcu.externaltools.gnu-tools-for-stm32.9-2020-q2-update.win32_2.0.0.202105311346/tools/bin/../lib/gcc/arm-none-eabi/9.3.1/../../../../arm-none-eabi/lib/thumb/v7e-m+dp/hard\libc_nano.a(lib_a-init.o)
                              c:/st/stm32cubeide_1.8.0/stm32cubeide/plugins/com.st.stm32cube.ide.mcu.externaltools.gnu-tools-for-stm32.9-2020-q2-update.win32_2.0.0.202105311346/tools/bin/../lib/gcc/arm-none-eabi/9.3.1/../../../../arm-none-eabi/lib/thumb/v7e-m+dp/hard/crt0.o (__libc_init_array)
c:/st/stm32cubeide_1.8.0/stm32cubeide/plugins/com.st.stm32cube.ide.mcu.externaltools.gnu-tools-for-stm32.9-2020-q2-update.win32_2.0.0.202105311346/tools/bin/../lib/gcc/arm-none-eabi/9.3.1/../../../../arm-none-eabi/lib/thumb/v7e-m+dp/hard\libc_nano.a(lib_a-memset.o)
                              c:/st/stm32cubeide_1.8.0/stm32cubeide/plugins/com.st.stm32cube.ide.mcu.externaltools.gnu-tools-for-stm32.9-2020-q2-update.win32_2.0.0.202105311346/tools/bin/../lib/gcc/arm-none-eabi/9.3.1/../../../../arm-none-eabi/lib/thumb/v7e-m+dp/hard/crt0.o (memset)
c:/st/stm32cubeide_1.8.0/stm32cubeide/plugins/com.st.stm32cube.ide.mcu.externaltools.gnu-tools-for-stm32.9-2020-q2-update.win32_2.0.0.202105311346/tools/bin/../lib/gcc/arm-none-eabi/9.3.1/thumb/v7e-m+dp/hard\libgcc.a(_aeabi_ldivmod.o)
                              ./Drivers/STM32H7xx_HAL_Driver/Src/stm32h7xx_hal_uart.o (__aeabi_ldivmod)
c:/st/stm32cubeide_1.8.0/stm32cubeide/plugins/com.st.stm32cube.ide.mcu.externaltools.gnu-tools-for-stm32.9-2020-q2-update.win32_2.0.0.202105311346/tools/bin/../lib/gcc/arm-none-eabi/9.3.1/thumb/v7e-m+dp/hard\libgcc.a(_aeabi_uldivmod.o)
                              ./Drivers/STM32H7xx_HAL_Driver/Src/stm32h7xx_hal_uart.o (__aeabi_uldivmod)
c:/st/stm32cubeide_1.8.0/stm32cubeide/plugins/com.st.stm32cube.ide.mcu.externaltools.gnu-tools-for-stm32.9-2020-q2-update.win32_2.0.0.202105311346/tools/bin/../lib/gcc/arm-none-eabi/9.3.1/thumb/v7e-m+dp/hard\libgcc.a(_udivmoddi4.o)
                              c:/st/stm32cubeide_1.8.0/stm32cubeide/plugins/com.st.stm32cube.ide.mcu.externaltools.gnu-tools-for-stm32.9-2020-q2-update.win32_2.0.0.202105311346/tools/bin/../lib/gcc/arm-none-eabi/9.3.1/thumb/v7e-m+dp/hard\libgcc.a(_aeabi_ldivmod.o) (__udivmoddi4)
c:/st/stm32cubeide_1.8.0/stm32cubeide/plugins/com.st.stm32cube.ide.mcu.externaltools.gnu-tools-for-stm32.9-2020-q2-update.win32_2.0.0.202105311346/tools/bin/../lib/gcc/arm-none-eabi/9.3.1/thumb/v7e-m+dp/hard\libgcc.a(_dvmd_tls.o)
                              c:/st/stm32cubeide_1.8.0/stm32cubeide/plugins/com.st.stm32cube.ide.mcu.externaltools.gnu-tools-for-stm32.9-2020-q2-update.win32_2.0.0.202105311346/tools/bin/../lib/gcc/arm-none-eabi/9.3.1/thumb/v7e-m+dp/hard\libgcc.a(_aeabi_ldivmod.o) (__aeabi_ldiv0)

Allocating common symbols
Common symbol       size              file

hspi2               0x88              ./Core/Src/main.o
huart3              0x90              ./Core/Src/main.o
hpcd_USB_OTG_FS     0x408             ./Core/Src/main.o
uwTick              0x4               ./Drivers/STM32H7xx_HAL_Driver/Src/stm32h7xx_hal.o
hdma_usart3_tx      0x78              ./Core/Src/main.o
pFlash              0x1c              ./Drivers/STM32H7xx_HAL_Driver/Src/stm32h7xx_hal_flash.o
hpb_exti            0x8               ./Core/Src/stm32h7xx_nucleo.o
hdma_usart1_tx      0x78              ./Core/Src/main.o
huart1              0x90              ./Core/Src/main.o
[...]
Memory Configuration

Name             Origin             Length             Attributes
FLASH            0x0000000008000000 0x0000000000200000 xr
DTCMRAM          0x0000000020000000 0x0000000000020000 xrw
RAM_D1           0x0000000024000000 0x0000000000080000 xrw
RAM_D2           0x0000000030000000 0x0000000000048000 xrw
RAM_D3           0x0000000038000000 0x0000000000010000 xrw
ITCMRAM          0x0000000000000000 0x0000000000010000 xrw
*default*        0x0000000000000000 0xffffffffffffffff

Linker script and memory map

LOAD c:/st/stm32cubeide_1.8.0/stm32cubeide/plugins/com.st.stm32cube.ide.mcu.externaltools.gnu-tools-for-stm32.9-2020-q2-update.win32_2.0.0.202105311346/tools/bin/../lib/gcc/arm-none-eabi/9.3.1/thumb/v7e-m+dp/hard/crti.o
LOAD c:/st/stm32cubeide_1.8.0/stm32cubeide/plugins/com.st.stm32cube.ide.mcu.externaltools.gnu-tools-for-stm32.9-2020-q2-update.win32_2.0.0.202105311346/tools/bin/../lib/gcc/arm-none-eabi/9.3.1/thumb/v7e-m+dp/hard/crtbegin.o
LOAD c:/st/stm32cubeide_1.8.0/stm32cubeide/plugins/com.st.stm32cube.ide.mcu.externaltools.gnu-tools-for-stm32.9-2020-q2-update.win32_2.0.0.202105311346/tools/bin/../lib/gcc/arm-none-eabi/9.3.1/../../../../arm-none-eabi/lib/thumb/v7e-m+dp/hard/crt0.o
LOAD ./Core/Src/main.o
LOAD ./Core/Src/stm32h7xx_hal_msp.o
LOAD ./Core/Src/stm32h7xx_it.o
LOAD ./Core/Src/stm32h7xx_nucleo.o
LOAD ./Core/Src/syscalls.o
LOAD ./Core/Src/sysmem.o
LOAD ./Core/Src/system_stm32h7xx.o
LOAD ./Core/Startup/startup_stm32h743zitx.o
LOAD ./Drivers/STM32H7xx_HAL_Driver/Src/stm32h7xx_hal.o
LOAD ./Drivers/STM32H7xx_HAL_Driver/Src/stm32h7xx_hal_cortex.o
LOAD ./Drivers/STM32H7xx_HAL_Driver/Src/stm32h7xx_hal_dma.o
LOAD ./Drivers/STM32H7xx_HAL_Driver/Src/stm32h7xx_hal_dma_ex.o
LOAD ./Drivers/STM32H7xx_HAL_Driver/Src/stm32h7xx_hal_eth.o
LOAD ./Drivers/STM32H7xx_HAL_Driver/Src/stm32h7xx_hal_eth_ex.o
LOAD ./Drivers/STM32H7xx_HAL_Driver/Src/stm32h7xx_hal_exti.o
LOAD ./Drivers/STM32H7xx_HAL_Driver/Src/stm32h7xx_hal_flash.o
LOAD ./Drivers/STM32H7xx_HAL_Driver/Src/stm32h7xx_hal_flash_ex.o
LOAD ./Drivers/STM32H7xx_HAL_Driver/Src/stm32h7xx_hal_gpio.o
LOAD ./Drivers/STM32H7xx_HAL_Driver/Src/stm32h7xx_hal_hsem.o
LOAD ./Drivers/STM32H7xx_HAL_Driver/Src/stm32h7xx_hal_i2c.o
LOAD ./Drivers/STM32H7xx_HAL_Driver/Src/stm32h7xx_hal_i2c_ex.o
LOAD ./Drivers/STM32H7xx_HAL_Driver/Src/stm32h7xx_hal_mdma.o
LOAD ./Drivers/STM32H7xx_HAL_Driver/Src/stm32h7xx_hal_pcd.o
LOAD ./Drivers/STM32H7xx_HAL_Driver/Src/stm32h7xx_hal_pcd_ex.o
LOAD ./Drivers/STM32H7xx_HAL_Driver/Src/stm32h7xx_hal_pwr.o
LOAD ./Drivers/STM32H7xx_HAL_Driver/Src/stm32h7xx_hal_pwr_ex.o
LOAD ./Drivers/STM32H7xx_HAL_Driver/Src/stm32h7xx_hal_rcc.o
LOAD ./Drivers/STM32H7xx_HAL_Driver/Src/stm32h7xx_hal_rcc_ex.o
LOAD ./Drivers/STM32H7xx_HAL_Driver/Src/stm32h7xx_hal_spi.o
LOAD ./Drivers/STM32H7xx_HAL_Driver/Src/stm32h7xx_hal_spi_ex.o
LOAD ./Drivers/STM32H7xx_HAL_Driver/Src/stm32h7xx_hal_tim.o
LOAD ./Drivers/STM32H7xx_HAL_Driver/Src/stm32h7xx_hal_tim_ex.o
LOAD ./Drivers/STM32H7xx_HAL_Driver/Src/stm32h7xx_hal_uart.o
LOAD ./Drivers/STM32H7xx_HAL_Driver/Src/stm32h7xx_hal_uart_ex.o
LOAD ./Drivers/STM32H7xx_HAL_Driver/Src/stm32h7xx_ll_usb.o
START GROUP
LOAD c:/st/stm32cubeide_1.8.0/stm32cubeide/plugins/com.st.stm32cube.ide.mcu.externaltools.gnu-tools-for-stm32.9-2020-q2-update.win32_2.0.0.202105311346/tools/bin/../lib/gcc/arm-none-eabi/9.3.1/../../../../arm-none-eabi/lib/thumb/v7e-m+dp/hard\libc_nano.a
LOAD c:/st/stm32cubeide_1.8.0/stm32cubeide/plugins/com.st.stm32cube.ide.mcu.externaltools.gnu-tools-for-stm32.9-2020-q2-update.win32_2.0.0.202105311346/tools/bin/../lib/gcc/arm-none-eabi/9.3.1/../../../../arm-none-eabi/lib/thumb/v7e-m+dp/hard\libm.a
END GROUP
START GROUP
LOAD c:/st/stm32cubeide_1.8.0/stm32cubeide/plugins/com.st.stm32cube.ide.mcu.externaltools.gnu-tools-for-stm32.9-2020-q2-update.win32_2.0.0.202105311346/tools/bin/../lib/gcc/arm-none-eabi/9.3.1/thumb/v7e-m+dp/hard\libgcc.a
LOAD c:/st/stm32cubeide_1.8.0/stm32cubeide/plugins/com.st.stm32cube.ide.mcu.externaltools.gnu-tools-for-stm32.9-2020-q2-update.win32_2.0.0.202105311346/tools/bin/../lib/gcc/arm-none-eabi/9.3.1/../../../../arm-none-eabi/lib/thumb/v7e-m+dp/hard\libc_nano.a
END GROUP
START GROUP
LOAD c:/st/stm32cubeide_1.8.0/stm32cubeide/plugins/com.st.stm32cube.ide.mcu.externaltools.gnu-tools-for-stm32.9-2020-q2-update.win32_2.0.0.202105311346/tools/bin/../lib/gcc/arm-none-eabi/9.3.1/thumb/v7e-m+dp/hard\libgcc.a
LOAD c:/st/stm32cubeide_1.8.0/stm32cubeide/plugins/com.st.stm32cube.ide.mcu.externaltools.gnu-tools-for-stm32.9-2020-q2-update.win32_2.0.0.202105311346/tools/bin/../lib/gcc/arm-none-eabi/9.3.1/../../../../arm-none-eabi/lib/thumb/v7e-m+dp/hard\libc_nano.a
LOAD c:/st/stm32cubeide_1.8.0/stm32cubeide/plugins/com.st.stm32cube.ide.mcu.externaltools.gnu-tools-for-stm32.9-2020-q2-update.win32_2.0.0.202105311346/tools/bin/../lib/gcc/arm-none-eabi/9.3.1/../../../../arm-none-eabi/lib/thumb/v7e-m+dp/hard\libnosys.a
END GROUP
START GROUP
LOAD c:/st/stm32cubeide_1.8.0/stm32cubeide/plugins/com.st.stm32cube.ide.mcu.externaltools.gnu-tools-for-stm32.9-2020-q2-update.win32_2.0.0.202105311346/tools/bin/../lib/gcc/arm-none-eabi/9.3.1/thumb/v7e-m+dp/hard\libgcc.a
LOAD c:/st/stm32cubeide_1.8.0/stm32cubeide/plugins/com.st.stm32cube.ide.mcu.externaltools.gnu-tools-for-stm32.9-2020-q2-update.win32_2.0.0.202105311346/tools/bin/../lib/gcc/arm-none-eabi/9.3.1/../../../../arm-none-eabi/lib/thumb/v7e-m+dp/hard\libc_nano.a
LOAD c:/st/stm32cubeide_1.8.0/stm32cubeide/plugins/com.st.stm32cube.ide.mcu.externaltools.gnu-tools-for-stm32.9-2020-q2-update.win32_2.0.0.202105311346/tools/bin/../lib/gcc/arm-none-eabi/9.3.1/../../../../arm-none-eabi/lib/thumb/v7e-m+dp/hard\libnosys.a
END GROUP
LOAD c:/st/stm32cubeide_1.8.0/stm32cubeide/plugins/com.st.stm32cube.ide.mcu.externaltools.gnu-tools-for-stm32.9-2020-q2-update.win32_2.0.0.202105311346/tools/bin/../lib/gcc/arm-none-eabi/9.3.1/thumb/v7e-m+dp/hard/crtend.o
LOAD c:/st/stm32cubeide_1.8.0/stm32cubeide/plugins/com.st.stm32cube.ide.mcu.externaltools.gnu-tools-for-stm32.9-2020-q2-update.win32_2.0.0.202105311346/tools/bin/../lib/gcc/arm-none-eabi/9.3.1/thumb/v7e-m+dp/hard/crtn.o
                0x0000000024080000                _estack = (ORIGIN (RAM_D1) + LENGTH (RAM_D1))
                0x0000000000000200                _Min_Heap_Size = 0x200
                0x0000000000000400                _Min_Stack_Size = 0x400

.isr_vector     0x0000000008000000      0x298
                0x0000000008000000                . = ALIGN (0x4)
 *(.isr_vector)
 .isr_vector    0x0000000008000000      0x298 ./Core/Startup/startup_stm32h743zitx.o
                0x0000000008000000                g_pfnVectors
                0x0000000008000298                . = ALIGN (0x4)

.text           0x0000000008000298     0x5d70
                0x0000000008000298                . = ALIGN (0x4)
 *(.text)
 .text          0x0000000008000298       0x40 c:/st/stm32cubeide_1.8.0/stm32cubeide/plugins/com.st.stm32cube.ide.mcu.externaltools.gnu-tools-for-stm32.9-2020-q2-update.win32_2.0.0.202105311346/tools/bin/../lib/gcc/arm-none-eabi/9.3.1/thumb/v7e-m+dp/hard/crtbegin.o
 .text          0x00000000080002d8       0x30 c:/st/stm32cubeide_1.8.0/stm32cubeide/plugins/com.st.stm32cube.ide.mcu.externaltools.gnu-tools-for-stm32.9-2020-q2-update.win32_2.0.0.202105311346/tools/bin/../lib/gcc/arm-none-eabi/9.3.1/thumb/v7e-m+dp/hard\libgcc.a(_aeabi_uldivmod.o)
                0x00000000080002d8                __aeabi_uldivmod
 .text          0x0000000008000308      0x2c4 c:/st/stm32cubeide_1.8.0/stm32cubeide/plugins/com.st.stm32cube.ide.mcu.externaltools.gnu-tools-for-stm32.9-2020-q2-update.win32_2.0.0.202105311346/tools/bin/../lib/gcc/arm-none-eabi/9.3.1/thumb/v7e-m+dp/hard\libgcc.a(_udivmoddi4.o)
                0x0000000008000308                __udivmoddi4
 .text          0x00000000080005cc        0x4 c:/st/stm32cubeide_1.8.0/stm32cubeide/plugins/com.st.stm32cube.ide.mcu.externaltools.gnu-tools-for-stm32.9-2020-q2-update.win32_2.0.0.202105311346/tools/bin/../lib/gcc/arm-none-eabi/9.3.1/thumb/v7e-m+dp/hard\libgcc.a(_dvmd_tls.o)
                0x00000000080005cc                __aeabi_idiv0
                0x00000000080005cc                __aeabi_ldiv0
 *(.text*)
 .text.tx_complete
                0x00000000080005d0        0xc ./Core/Src/main.o
 .text.tx_h_complete
                0x00000000080005dc        0xc ./Core/Src/main.o
 .text.HAL_GPIO_EXTI_Callback
                0x00000000080005e8       0x18 ./Core/Src/main.o
                0x00000000080005e8                HAL_GPIO_EXTI_Callback
 .text.HAL_SPI_ErrorCallback
                0x0000000008000600        0xc ./Core/Src/main.o
                0x0000000008000600                HAL_SPI_ErrorCallback
 .text.HAL_UART_TxCpltCallback
                0x000000000800060c        0xc ./Core/Src/main.o
                0x000000000800060c                HAL_UART_TxCpltCallback
 .text.Error_Handler
                0x0000000008000618       0x14 ./Core/Src/main.o
                0x0000000008000618                Error_Handler
 .text.SystemClock_Config
                0x000000000800062c       0xd4 ./Core/Src/main.o
                0x000000000800062c                SystemClock_Config
 .text.startup.main
                0x0000000008000700      0x624 ./Core/Src/main.o
                0x0000000008000700                main
 .text.HAL_UART_ErrorCallback
                0x0000000008000d24        0xc ./Core/Src/main.o
                0x0000000008000d24                HAL_UART_ErrorCallback
 .text.HAL_MspInit
                0x0000000008000d30       0x24 ./Core/Src/stm32h7xx_hal_msp.o
                0x0000000008000d30                HAL_MspInit
 .text.HAL_SPI_MspInit
                0x0000000008000d54      0x240 ./Core/Src/stm32h7xx_hal_msp.o
                0x0000000008000d54                HAL_SPI_MspInit
 .text.HAL_UART_MspInit
                0x0000000008000f94      0x1ec ./Core/Src/stm32h7xx_hal_msp.o
                0x0000000008000f94                HAL_UART_MspInit
 .text.NMI_Handler
                0x0000000008001180        0x4 ./Core/Src/stm32h7xx_it.o
                0x0000000008001180                NMI_Handler
 .text.HardFault_Handler
                0x0000000008001184        0x4 ./Core/Src/stm32h7xx_it.o
                0x0000000008001184                HardFault_Handler
 .text.MemManage_Handler
                0x0000000008001188        0x4 ./Core/Src/stm32h7xx_it.o
                0x0000000008001188                MemManage_Handler
 .text.BusFault_Handler
                0x000000000800118c        0x4 ./Core/Src/stm32h7xx_it.o
                0x000000000800118c                BusFault_Handler
 .text.UsageFault_Handler
                0x0000000008001190        0x4 ./Core/Src/stm32h7xx_it.o
                0x0000000008001190                UsageFault_Handler
 .text.SVC_Handler
                0x0000000008001194        0x4 ./Core/Src/stm32h7xx_it.o
                0x0000000008001194                SVC_Handler
 .text.DebugMon_Handler
                0x0000000008001198        0x4 ./Core/Src/stm32h7xx_it.o
                0x0000000008001198                DebugMon_Handler
 .text.PendSV_Handler
                0x000000000800119c        0x4 ./Core/Src/stm32h7xx_it.o
                0x000000000800119c                PendSV_Handler
 .text.SysTick_Handler
                0x00000000080011a0        0x4 ./Core/Src/stm32h7xx_it.o
                0x00000000080011a0                SysTick_Handler
 .text.DMA1_Stream0_IRQHandler
                0x00000000080011a4        0xc ./Core/Src/stm32h7xx_it.o
                0x00000000080011a4                DMA1_Stream0_IRQHandler
 .text.DMA1_Stream1_IRQHandler
                0x00000000080011b0       0x18 ./Core/Src/stm32h7xx_it.o
                0x00000000080011b0                DMA1_Stream1_IRQHandler
 .text.DMA2_Stream0_IRQHandler
                0x00000000080011c8       0x18 ./Core/Src/stm32h7xx_it.o
                0x00000000080011c8                DMA2_Stream0_IRQHandler
 .text.EXTI15_10_IRQHandler
                0x00000000080011e0        0x8 ./Core/Src/stm32h7xx_it.o
                0x00000000080011e0                EXTI15_10_IRQHandler
 .text.USART3_IRQHandler
                0x00000000080011e8       0x18 ./Core/Src/stm32h7xx_it.o
                0x00000000080011e8                USART3_IRQHandler
 .text.SPI1_IRQHandler
                0x0000000008001200       0x18 ./Core/Src/stm32h7xx_it.o
                0x0000000008001200                SPI1_IRQHandler
 .text.BSP_LED_Init
                0x0000000008001218       0x9c ./Core/Src/stm32h7xx_nucleo.o
                0x0000000008001218                BSP_LED_Init
 .text.BSP_LED_On
                0x00000000080012b4       0x2c ./Core/Src/stm32h7xx_nucleo.o
                0x00000000080012b4                BSP_LED_On
 .text.BSP_LED_Off
                0x00000000080012e0       0x2c ./Core/Src/stm32h7xx_nucleo.o
                0x00000000080012e0                BSP_LED_Off
 .text.BSP_LED_Toggle
                0x000000000800130c       0x28 ./Core/Src/stm32h7xx_nucleo.o
                0x000000000800130c                BSP_LED_Toggle
 .text.BSP_PB_Init
                0x0000000008001334       0x94 ./Core/Src/stm32h7xx_nucleo.o
                0x0000000008001334                BSP_PB_Init
 .text.BSP_PB_Callback
                0x00000000080013c8        0x4 ./Core/Src/stm32h7xx_nucleo.o
                0x00000000080013c8                BSP_PB_Callback
 .text.BUTTON_USER_EXTI_Callback
                0x00000000080013cc        0xc ./Core/Src/stm32h7xx_nucleo.o
 .text.SystemInit
                0x00000000080013d8       0xd4 ./Core/Src/system_stm32h7xx.o
                0x00000000080013d8                SystemInit
 .text.Reset_Handler
                0x00000000080014ac       0x50 ./Core/Startup/startup_stm32h743zitx.o
                0x00000000080014ac                Reset_Handler
 .text.Default_Handler
                0x00000000080014fc        0x2 ./Core/Startup/startup_stm32h743zitx.o
                0x00000000080014fc                RTC_Alarm_IRQHandler
                0x00000000080014fc                EXTI2_IRQHandler
                0x00000000080014fc                TIM8_CC_IRQHandler
                0x00000000080014fc                HRTIM1_Master_IRQHandler
                0x00000000080014fc                UART8_IRQHandler
                0x00000000080014fc                SPI4_IRQHandler
                0x00000000080014fc                TIM1_CC_IRQHandler
                0x00000000080014fc                BDMA_Channel6_IRQHandler
                0x00000000080014fc                DMA2_Stream5_IRQHandler
                0x00000000080014fc                HRTIM1_FLT_IRQHandler
                0x00000000080014fc                JPEG_IRQHandler
                0x00000000080014fc                DMA1_Stream5_IRQHandler
                0x00000000080014fc                BDMA_Channel1_IRQHandler
                0x00000000080014fc                HRTIM1_TIMD_IRQHandler
                0x00000000080014fc                TAMP_STAMP_IRQHandler
                0x00000000080014fc                EXTI3_IRQHandler
                0x00000000080014fc                LPTIM4_IRQHandler
                0x00000000080014fc                TIM8_TRG_COM_TIM14_IRQHandler
                0x00000000080014fc                LPTIM2_IRQHandler
                0x00000000080014fc                DFSDM1_FLT1_IRQHandler
                0x00000000080014fc                DMAMUX2_OVR_IRQHandler
                0x00000000080014fc                TIM8_UP_TIM13_IRQHandler
                0x00000000080014fc                I2C3_ER_IRQHandler
                0x00000000080014fc                DFSDM1_FLT2_IRQHandler
                0x00000000080014fc                MDMA_IRQHandler
                0x00000000080014fc                LPTIM3_IRQHandler
                0x00000000080014fc                HSEM1_IRQHandler
                0x00000000080014fc                EXTI0_IRQHandler
                0x00000000080014fc                I2C2_EV_IRQHandler
                0x00000000080014fc                DMA1_Stream2_IRQHandler
                0x00000000080014fc                FPU_IRQHandler
                0x00000000080014fc                OTG_HS_WKUP_IRQHandler
                0x00000000080014fc                FDCAN1_IT1_IRQHandler
                0x00000000080014fc                LTDC_ER_IRQHandler
                0x00000000080014fc                DMA2_Stream2_IRQHandler
                0x00000000080014fc                HRTIM1_TIME_IRQHandler
                0x00000000080014fc                TIM6_DAC_IRQHandler
                0x00000000080014fc                DCMI_IRQHandler
                0x00000000080014fc                HRTIM1_TIMC_IRQHandler
                0x00000000080014fc                DMA2_Stream3_IRQHandler
                0x00000000080014fc                SAI2_IRQHandler
                0x00000000080014fc                DFSDM1_FLT3_IRQHandler
                0x00000000080014fc                USART6_IRQHandler
                0x00000000080014fc                TIM17_IRQHandler
                0x00000000080014fc                BDMA_Channel7_IRQHandler
                0x00000000080014fc                LPTIM5_IRQHandler
                0x00000000080014fc                UART5_IRQHandler
                0x00000000080014fc                ADC3_IRQHandler
                0x00000000080014fc                TIM4_IRQHandler
                0x00000000080014fc                BDMA_Channel2_IRQHandler
                0x00000000080014fc                QUADSPI_IRQHandler
                0x00000000080014fc                I2C1_EV_IRQHandler
                0x00000000080014fc                DMA1_Stream6_IRQHandler
                0x00000000080014fc                DMAMUX1_OVR_IRQHandler
                0x00000000080014fc                TIM16_IRQHandler
                0x00000000080014fc                UART4_IRQHandler
                0x00000000080014fc                BDMA_Channel5_IRQHandler
                0x00000000080014fc                TIM3_IRQHandler
                0x00000000080014fc                RCC_IRQHandler
                0x00000000080014fc                TIM8_BRK_TIM12_IRQHandler
                0x00000000080014fc                TIM1_TRG_COM_IRQHandler
                0x00000000080014fc                Default_Handler
                0x00000000080014fc                ECC_IRQHandler
                0x00000000080014fc                CEC_IRQHandler
                0x00000000080014fc                BDMA_Channel0_IRQHandler
                0x00000000080014fc                ADC_IRQHandler
                0x00000000080014fc                DMA1_Stream7_IRQHandler
                0x00000000080014fc                HRTIM1_TIMA_IRQHandler
                0x00000000080014fc                SPI5_IRQHandler
                0x00000000080014fc                TIM7_IRQHandler
                0x00000000080014fc                SDMMC1_IRQHandler
                0x00000000080014fc                TIM5_IRQHandler
                0x00000000080014fc                DMA2_Stream7_IRQHandler
                0x00000000080014fc                TIM15_IRQHandler
                0x00000000080014fc                PVD_AVD_IRQHandler
                0x00000000080014fc                I2C3_EV_IRQHandler
                0x00000000080014fc                EXTI9_5_IRQHandler
                0x00000000080014fc                RTC_WKUP_IRQHandler
                0x00000000080014fc                LTDC_IRQHandler
                0x00000000080014fc                SAI3_IRQHandler
                0x00000000080014fc                ETH_WKUP_IRQHandler
                0x00000000080014fc                SPDIF_RX_IRQHandler
                0x00000000080014fc                SPI2_IRQHandler
                0x00000000080014fc                OTG_HS_EP1_IN_IRQHandler
                0x00000000080014fc                CRS_IRQHandler
                0x00000000080014fc                EXTI4_IRQHandler
                0x00000000080014fc                RNG_IRQHandler
                0x00000000080014fc                HRTIM1_TIMB_IRQHandler
                0x00000000080014fc                FDCAN2_IT1_IRQHandler
                0x00000000080014fc                ETH_IRQHandler
                0x00000000080014fc                TIM1_UP_IRQHandler
                0x00000000080014fc                BDMA_Channel4_IRQHandler
                0x00000000080014fc                OTG_HS_EP1_OUT_IRQHandler
                0x00000000080014fc                WWDG_IRQHandler
                0x00000000080014fc                SPI6_IRQHandler
                0x00000000080014fc                MDIOS_IRQHandler
                0x00000000080014fc                I2C4_EV_IRQHandler
                0x00000000080014fc                FDCAN2_IT0_IRQHandler
                0x00000000080014fc                LPUART1_IRQHandler
                0x00000000080014fc                FDCAN1_IT0_IRQHandler
                0x00000000080014fc                TIM2_IRQHandler
                0x00000000080014fc                OTG_FS_WKUP_IRQHandler
                0x00000000080014fc                OTG_HS_IRQHandler
                0x00000000080014fc                DMA2D_IRQHandler
                0x00000000080014fc                TIM1_BRK_IRQHandler
                0x00000000080014fc                EXTI1_IRQHandler
                0x00000000080014fc                SDMMC2_IRQHandler
                0x00000000080014fc                OTG_FS_EP1_OUT_IRQHandler
                0x00000000080014fc                BDMA_Channel3_IRQHandler
                0x00000000080014fc                UART7_IRQHandler
                0x00000000080014fc                MDIOS_WKUP_IRQHandler
                0x00000000080014fc                USART2_IRQHandler
                0x00000000080014fc                DFSDM1_FLT0_IRQHandler
                0x00000000080014fc                SAI4_IRQHandler
                0x00000000080014fc                I2C2_ER_IRQHandler
                0x00000000080014fc                DMA2_Stream1_IRQHandler
                0x00000000080014fc                FLASH_IRQHandler
                0x00000000080014fc                DMA2_Stream4_IRQHandler
                0x00000000080014fc                USART1_IRQHandler
                0x00000000080014fc                OTG_FS_IRQHandler
                0x00000000080014fc                SPI3_IRQHandler
                0x00000000080014fc                WAKEUP_PIN_IRQHandler
                0x00000000080014fc                DMA1_Stream4_IRQHandler
                0x00000000080014fc                OTG_FS_EP1_IN_IRQHandler
                0x00000000080014fc                I2C1_ER_IRQHandler
                0x00000000080014fc                FMC_IRQHandler
                0x00000000080014fc                FDCAN_CAL_IRQHandler
                0x00000000080014fc                SWPMI1_IRQHandler
                0x00000000080014fc                COMP1_IRQHandler
                0x00000000080014fc                LPTIM1_IRQHandler
                0x00000000080014fc                I2C4_ER_IRQHandler
                0x00000000080014fc                DMA2_Stream6_IRQHandler
                0x00000000080014fc                SAI1_IRQHandler
                0x00000000080014fc                DMA1_Stream3_IRQHandler
 *fill*         0x00000000080014fe        0x2 
 .text.HAL_InitTick
                0x0000000008001500       0x4c ./Drivers/STM32H7xx_HAL_Driver/Src/stm32h7xx_hal.o
                0x0000000008001500                HAL_InitTick
 .text.HAL_Init
                0x000000000800154c       0x60 ./Drivers/STM32H7xx_HAL_Driver/Src/stm32h7xx_hal.o
                0x000000000800154c                HAL_Init
 .text.HAL_IncTick
                0x00000000080015ac       0x18 ./Drivers/STM32H7xx_HAL_Driver/Src/stm32h7xx_hal.o
                0x00000000080015ac                HAL_IncTick
 .text.HAL_GetTick
                0x00000000080015c4        0xc ./Drivers/STM32H7xx_HAL_Driver/Src/stm32h7xx_hal.o
                0x00000000080015c4                HAL_GetTick
 .text.HAL_Delay
                0x00000000080015d0       0x24 ./Drivers/STM32H7xx_HAL_Driver/Src/stm32h7xx_hal.o
                0x00000000080015d0                HAL_Delay
 .text.HAL_GetREVID
                0x00000000080015f4        0xc ./Drivers/STM32H7xx_HAL_Driver/Src/stm32h7xx_hal.o
                0x00000000080015f4                HAL_GetREVID
 .text.HAL_EnableCompensationCell
                0x0000000008001600       0x10 ./Drivers/STM32H7xx_HAL_Driver/Src/stm32h7xx_hal.o
                0x0000000008001600                HAL_EnableCompensationCell
 .text.HAL_NVIC_SetPriorityGrouping
                0x0000000008001610       0x28 ./Drivers/STM32H7xx_HAL_Driver/Src/stm32h7xx_hal_cortex.o
                0x0000000008001610                HAL_NVIC_SetPriorityGrouping
 .text.HAL_NVIC_SetPriority
                0x0000000008001638       0x74 ./Drivers/STM32H7xx_HAL_Driver/Src/stm32h7xx_hal_cortex.o
                0x0000000008001638                HAL_NVIC_SetPriority
 .text.HAL_NVIC_EnableIRQ
                0x00000000080016ac       0x1c ./Drivers/STM32H7xx_HAL_Driver/Src/stm32h7xx_hal_cortex.o
                0x00000000080016ac                HAL_NVIC_EnableIRQ
 .text.HAL_SYSTICK_Config
                0x00000000080016c8       0x30 ./Drivers/STM32H7xx_HAL_Driver/Src/stm32h7xx_hal_cortex.o
                0x00000000080016c8                HAL_SYSTICK_Config
 .text.DMA_CalcBaseAndBitshift
                0x00000000080016f8       0xf8 ./Drivers/STM32H7xx_HAL_Driver/Src/stm32h7xx_hal_dma.o
 .text.DMA_CalcDMAMUXChannelBaseAndMask
                0x00000000080017f0       0xd8 ./Drivers/STM32H7xx_HAL_Driver/Src/stm32h7xx_hal_dma.o
 .text.HAL_DMA_Init
                0x00000000080018c8      0x4f4 ./Drivers/STM32H7xx_HAL_Driver/Src/stm32h7xx_hal_dma.o
                0x00000000080018c8                HAL_DMA_Init
 .text.HAL_DMA_Start
                0x0000000008001dbc      0x210 ./Drivers/STM32H7xx_HAL_Driver/Src/stm32h7xx_hal_dma.o
                0x0000000008001dbc                HAL_DMA_Start
 .text.HAL_DMA_Start_IT
                0x0000000008001fcc      0x354 ./Drivers/STM32H7xx_HAL_Driver/Src/stm32h7xx_hal_dma.o
                0x0000000008001fcc                HAL_DMA_Start_IT
 .text.HAL_DMA_Abort
                0x0000000008002320      0x300 ./Drivers/STM32H7xx_HAL_Driver/Src/stm32h7xx_hal_dma.o
                0x0000000008002320                HAL_DMA_Abort
 .text.HAL_DMA_Abort_IT
                0x0000000008002620      0x19c ./Drivers/STM32H7xx_HAL_Driver/Src/stm32h7xx_hal_dma.o
                0x0000000008002620                HAL_DMA_Abort_IT
 .text.HAL_DMA_IRQHandler
                0x00000000080027bc      0x6bc ./Drivers/STM32H7xx_HAL_Driver/Src/stm32h7xx_hal_dma.o
                0x00000000080027bc                HAL_DMA_IRQHandler
 .text.HAL_EXTI_RegisterCallback
                0x0000000008002e78       0x10 ./Drivers/STM32H7xx_HAL_Driver/Src/stm32h7xx_hal_exti.o
                0x0000000008002e78                HAL_EXTI_RegisterCallback
 .text.HAL_EXTI_GetHandle
                0x0000000008002e88        0xc ./Drivers/STM32H7xx_HAL_Driver/Src/stm32h7xx_hal_exti.o
                0x0000000008002e88                HAL_EXTI_GetHandle
 .text.HAL_GPIO_Init
                0x0000000008002e94      0x23c ./Drivers/STM32H7xx_HAL_Driver/Src/stm32h7xx_hal_gpio.o
                0x0000000008002e94                HAL_GPIO_Init
 .text.HAL_GPIO_WritePin
                0x00000000080030d0        0x8 ./Drivers/STM32H7xx_HAL_Driver/Src/stm32h7xx_hal_gpio.o
                0x00000000080030d0                HAL_GPIO_WritePin
 .text.HAL_GPIO_TogglePin
                0x00000000080030d8       0x14 ./Drivers/STM32H7xx_HAL_Driver/Src/stm32h7xx_hal_gpio.o
                0x00000000080030d8                HAL_GPIO_TogglePin
 .text.HAL_GPIO_EXTI_IRQHandler
                0x00000000080030ec       0x1c ./Drivers/STM32H7xx_HAL_Driver/Src/stm32h7xx_hal_gpio.o
                0x00000000080030ec                HAL_GPIO_EXTI_IRQHandler
 .text.HAL_PWREx_ConfigSupply
                0x0000000008003108       0x4c ./Drivers/STM32H7xx_HAL_Driver/Src/stm32h7xx_hal_pwr_ex.o
                0x0000000008003108                HAL_PWREx_ConfigSupply
 .text.HAL_RCC_GetSysClockFreq.part.0
                0x0000000008003154      0x130 ./Drivers/STM32H7xx_HAL_Driver/Src/stm32h7xx_hal_rcc.o
 .text.HAL_RCC_OscConfig
                0x0000000008003284      0x5ec ./Drivers/STM32H7xx_HAL_Driver/Src/stm32h7xx_hal_rcc.o
                0x0000000008003284                HAL_RCC_OscConfig
 .text.HAL_RCC_GetSysClockFreq
                0x0000000008003870      0x140 ./Drivers/STM32H7xx_HAL_Driver/Src/stm32h7xx_hal_rcc.o
                0x0000000008003870                HAL_RCC_GetSysClockFreq
 .text.HAL_RCC_ClockConfig
                0x00000000080039b0      0x254 ./Drivers/STM32H7xx_HAL_Driver/Src/stm32h7xx_hal_rcc.o
                0x00000000080039b0                HAL_RCC_ClockConfig
 .text.HAL_RCC_GetHCLKFreq
                0x0000000008003c04       0x80 ./Drivers/STM32H7xx_HAL_Driver/Src/stm32h7xx_hal_rcc.o
                0x0000000008003c04                HAL_RCC_GetHCLKFreq
 .text.HAL_RCC_GetPCLK1Freq
                0x0000000008003c84       0x90 ./Drivers/STM32H7xx_HAL_Driver/Src/stm32h7xx_hal_rcc.o
                0x0000000008003c84                HAL_RCC_GetPCLK1Freq
 .text.HAL_RCC_GetPCLK2Freq
                0x0000000008003d14       0x90 ./Drivers/STM32H7xx_HAL_Driver/Src/stm32h7xx_hal_rcc.o
                0x0000000008003d14                HAL_RCC_GetPCLK2Freq
 .text.RCCEx_PLL2_Config
                0x0000000008003da4       0xf8 ./Drivers/STM32H7xx_HAL_Driver/Src/stm32h7xx_hal_rcc_ex.o
 .text.RCCEx_PLL3_Config
                0x0000000008003e9c       0xf8 ./Drivers/STM32H7xx_HAL_Driver/Src/stm32h7xx_hal_rcc_ex.o
 .text.HAL_RCCEx_PeriphCLKConfig
                0x0000000008003f94      0xaac ./Drivers/STM32H7xx_HAL_Driver/Src/stm32h7xx_hal_rcc_ex.o
                0x0000000008003f94                HAL_RCCEx_PeriphCLKConfig
 .text.HAL_RCCEx_GetD3PCLK1Freq
                0x0000000008004a40       0x24 ./Drivers/STM32H7xx_HAL_Driver/Src/stm32h7xx_hal_rcc_ex.o
                0x0000000008004a40                HAL_RCCEx_GetD3PCLK1Freq
 .text.HAL_RCCEx_GetPLL2ClockFreq
                0x0000000008004a64      0x17c ./Drivers/STM32H7xx_HAL_Driver/Src/stm32h7xx_hal_rcc_ex.o
                0x0000000008004a64                HAL_RCCEx_GetPLL2ClockFreq
 .text.HAL_RCCEx_GetPLL3ClockFreq
                0x0000000008004be0      0x17c ./Drivers/STM32H7xx_HAL_Driver/Src/stm32h7xx_hal_rcc_ex.o
                0x0000000008004be0                HAL_RCCEx_GetPLL3ClockFreq
 .text.SPI_CloseTransfer
                0x0000000008004d5c       0xb8 ./Drivers/STM32H7xx_HAL_Driver/Src/stm32h7xx_hal_spi.o
 .text.HAL_SPI_Init
                0x0000000008004e14      0x174 ./Drivers/STM32H7xx_HAL_Driver/Src/stm32h7xx_hal_spi.o
                0x0000000008004e14                HAL_SPI_Init
 .text.HAL_SPI_TxCpltCallback
                0x0000000008004f88        0x4 ./Drivers/STM32H7xx_HAL_Driver/Src/stm32h7xx_hal_spi.o
                0x0000000008004f88                HAL_SPI_TxCpltCallback
 .text.HAL_SPI_RxCpltCallback
                0x0000000008004f8c        0x4 ./Drivers/STM32H7xx_HAL_Driver/Src/stm32h7xx_hal_spi.o
                0x0000000008004f8c                HAL_SPI_RxCpltCallback
 .text.HAL_SPI_TxRxCpltCallback
                0x0000000008004f90        0x4 ./Drivers/STM32H7xx_HAL_Driver/Src/stm32h7xx_hal_spi.o
                0x0000000008004f90                HAL_SPI_TxRxCpltCallback
 .text.HAL_SPI_IRQHandler
                0x0000000008004f94      0x244 ./Drivers/STM32H7xx_HAL_Driver/Src/stm32h7xx_hal_spi.o
                0x0000000008004f94                HAL_SPI_IRQHandler
 .text.SPI_DMAAbortOnError
                0x00000000080051d8       0x1c ./Drivers/STM32H7xx_HAL_Driver/Src/stm32h7xx_hal_spi.o
 .text.HAL_UART_Transmit_DMA
                0x00000000080051f4       0xa0 ./Drivers/STM32H7xx_HAL_Driver/Src/stm32h7xx_hal_uart.o
                0x00000000080051f4                HAL_UART_Transmit_DMA
 .text.UART_DMATransmitCplt
                0x0000000008005294       0x2c ./Drivers/STM32H7xx_HAL_Driver/Src/stm32h7xx_hal_uart.o
 .text.HAL_UART_TxHalfCpltCallback
                0x00000000080052c0        0x4 ./Drivers/STM32H7xx_HAL_Driver/Src/stm32h7xx_hal_uart.o
                0x00000000080052c0                HAL_UART_TxHalfCpltCallback
 .text.UART_DMATxHalfCplt
                0x00000000080052c4        0xc ./Drivers/STM32H7xx_HAL_Driver/Src/stm32h7xx_hal_uart.o
 .text.UART_DMAError
                0x00000000080052d0       0x88 ./Drivers/STM32H7xx_HAL_Driver/Src/stm32h7xx_hal_uart.o
 .text.UART_DMAAbortOnError
                0x0000000008005358       0x14 ./Drivers/STM32H7xx_HAL_Driver/Src/stm32h7xx_hal_uart.o
 .text.HAL_UARTEx_RxEventCallback
                0x000000000800536c        0x4 ./Drivers/STM32H7xx_HAL_Driver/Src/stm32h7xx_hal_uart.o
                0x000000000800536c                HAL_UARTEx_RxEventCallback
 .text.HAL_UART_IRQHandler
                0x0000000008005370      0x2c8 ./Drivers/STM32H7xx_HAL_Driver/Src/stm32h7xx_hal_uart.o
                0x0000000008005370                HAL_UART_IRQHandler
 .text.UART_AdvFeatureConfig
                0x0000000008005638       0xb0 ./Drivers/STM32H7xx_HAL_Driver/Src/stm32h7xx_hal_uart.o
                0x0000000008005638                UART_AdvFeatureConfig
 .text.UART_CheckIdleState
                0x00000000080056e8       0xc8 ./Drivers/STM32H7xx_HAL_Driver/Src/stm32h7xx_hal_uart.o
                0x00000000080056e8                UART_CheckIdleState
 .text.HAL_UART_Init
                0x00000000080057b0      0x5c0 ./Drivers/STM32H7xx_HAL_Driver/Src/stm32h7xx_hal_uart.o
                0x00000000080057b0                HAL_UART_Init
 .text.UART_WaitOnFlagUntilTimeout
                0x0000000008005d70       0xb4 ./Drivers/STM32H7xx_HAL_Driver/Src/stm32h7xx_hal_uart.o
                0x0000000008005d70                UART_WaitOnFlagUntilTimeout
 .text.HAL_UARTEx_WakeupCallback
                0x0000000008005e24        0x4 ./Drivers/STM32H7xx_HAL_Driver/Src/stm32h7xx_hal_uart_ex.o
                0x0000000008005e24                HAL_UARTEx_WakeupCallback
 .text.HAL_UARTEx_RxFifoFullCallback
                0x0000000008005e28        0x4 ./Drivers/STM32H7xx_HAL_Driver/Src/stm32h7xx_hal_uart_ex.o
                0x0000000008005e28                HAL_UARTEx_RxFifoFullCallback
 .text.HAL_UARTEx_TxFifoEmptyCallback
                0x0000000008005e2c        0x4 ./Drivers/STM32H7xx_HAL_Driver/Src/stm32h7xx_hal_uart_ex.o
                0x0000000008005e2c                HAL_UARTEx_TxFifoEmptyCallback
 .text.HAL_UARTEx_EnableFifoMode
                0x0000000008005e30       0x70 ./Drivers/STM32H7xx_HAL_Driver/Src/stm32h7xx_hal_uart_ex.o
                0x0000000008005e30                HAL_UARTEx_EnableFifoMode
 .text.HAL_UARTEx_SetTxFifoThreshold
                0x0000000008005ea0       0x7c ./Drivers/STM32H7xx_HAL_Driver/Src/stm32h7xx_hal_uart_ex.o
                0x0000000008005ea0                HAL_UARTEx_SetTxFifoThreshold
 .text.HAL_UARTEx_SetRxFifoThreshold
                0x0000000008005f1c       0x7c ./Drivers/STM32H7xx_HAL_Driver/Src/stm32h7xx_hal_uart_ex.o
                0x0000000008005f1c                HAL_UARTEx_SetRxFifoThreshold
 .text.__libc_init_array
                0x0000000008005f98       0x48 c:/st/stm32cubeide_1.8.0/stm32cubeide/plugins/com.st.stm32cube.ide.mcu.externaltools.gnu-tools-for-stm32.9-2020-q2-update.win32_2.0.0.202105311346/tools/bin/../lib/gcc/arm-none-eabi/9.3.1/../../../../arm-none-eabi/lib/thumb/v7e-m+dp/hard\libc_nano.a(lib_a-init.o)
                0x0000000008005f98                __libc_init_array
 .text.memset   0x0000000008005fe0       0x10 c:/st/stm32cubeide_1.8.0/stm32cubeide/plugins/com.st.stm32cube.ide.mcu.externaltools.gnu-tools-for-stm32.9-2020-q2-update.win32_2.0.0.202105311346/tools/bin/../lib/gcc/arm-none-eabi/9.3.1/../../../../arm-none-eabi/lib/thumb/v7e-m+dp/hard\libc_nano.a(lib_a-memset.o)
                0x0000000008005fe0                memset
 *(.glue_7)
 .glue_7        0x0000000008005ff0        0x0 linker stubs
 *(.glue_7t)
 .glue_7t       0x0000000008005ff0        0x0 linker stubs
 *(.eh_frame)
 .eh_frame      0x0000000008005ff0        0x0 c:/st/stm32cubeide_1.8.0/stm32cubeide/plugins/com.st.stm32cube.ide.mcu.externaltools.gnu-tools-for-stm32.9-2020-q2-update.win32_2.0.0.202105311346/tools/bin/../lib/gcc/arm-none-eabi/9.3.1/thumb/v7e-m+dp/hard/crtbegin.o
 *(.init)
 .init          0x0000000008005ff0        0x4 c:/st/stm32cubeide_1.8.0/stm32cubeide/plugins/com.st.stm32cube.ide.mcu.externaltools.gnu-tools-for-stm32.9-2020-q2-update.win32_2.0.0.202105311346/tools/bin/../lib/gcc/arm-none-eabi/9.3.1/thumb/v7e-m+dp/hard/crti.o
                0x0000000008005ff0                _init
 .init          0x0000000008005ff4        0x8 c:/st/stm32cubeide_1.8.0/stm32cubeide/plugins/com.st.stm32cube.ide.mcu.externaltools.gnu-tools-for-stm32.9-2020-q2-update.win32_2.0.0.202105311346/tools/bin/../lib/gcc/arm-none-eabi/9.3.1/thumb/v7e-m+dp/hard/crtn.o
 *(.fini)
 .fini          0x0000000008005ffc        0x4 c:/st/stm32cubeide_1.8.0/stm32cubeide/plugins/com.st.stm32cube.ide.mcu.externaltools.gnu-tools-for-stm32.9-2020-q2-update.win32_2.0.0.202105311346/tools/bin/../lib/gcc/arm-none-eabi/9.3.1/thumb/v7e-m+dp/hard/crti.o
                0x0000000008005ffc                _fini
 .fini          0x0000000008006000        0x8 c:/st/stm32cubeide_1.8.0/stm32cubeide/plugins/com.st.stm32cube.ide.mcu.externaltools.gnu-tools-for-stm32.9-2020-q2-update.win32_2.0.0.202105311346/tools/bin/../lib/gcc/arm-none-eabi/9.3.1/thumb/v7e-m+dp/hard/crtn.o
                0x0000000008006008                . = ALIGN (0x4)
                0x0000000008006008                _etext = .

.vfp11_veneer   0x0000000008006008        0x0
 .vfp11_veneer  0x0000000008006008        0x0 linker stubs

.v4_bx          0x0000000008006008        0x0
 .v4_bx         0x0000000008006008        0x0 linker stubs

.iplt           0x0000000008006008        0x0
 .iplt          0x0000000008006008        0x0 c:/st/stm32cubeide_1.8.0/stm32cubeide/plugins/com.st.stm32cube.ide.mcu.externaltools.gnu-tools-for-stm32.9-2020-q2-update.win32_2.0.0.202105311346/tools/bin/../lib/gcc/arm-none-eabi/9.3.1/thumb/v7e-m+dp/hard/crtbegin.o

.rodata         0x0000000008006008       0x90
                0x0000000008006008                . = ALIGN (0x4)
 *(.rodata)
 *(.rodata*)
 .rodata.LED_PIN
                0x0000000008006008        0x6 ./Core/Src/stm32h7xx_nucleo.o
 *fill*         0x000000000800600e        0x2 
 .rodata.LED_PORT
                0x0000000008006010        0xc ./Core/Src/stm32h7xx_nucleo.o
 .rodata.D1CorePrescTable
                0x000000000800601c       0x10 ./Core/Src/system_stm32h7xx.o
                0x000000000800601c                D1CorePrescTable
 .rodata.flagBitshiftOffset.11333
                0x000000000800602c        0x8 ./Drivers/STM32H7xx_HAL_Driver/Src/stm32h7xx_hal_dma.o
 .rodata.CSWTCH.59
                0x0000000008006034       0x29 ./Drivers/STM32H7xx_HAL_Driver/Src/stm32h7xx_hal_uart.o
 *fill*         0x000000000800605d        0x3 
 .rodata.CSWTCH.60
                0x0000000008006060        0x6 ./Drivers/STM32H7xx_HAL_Driver/Src/stm32h7xx_hal_uart.o
 *fill*         0x0000000008006066        0x2 
 .rodata.CSWTCH.67
                0x0000000008006068        0x6 ./Drivers/STM32H7xx_HAL_Driver/Src/stm32h7xx_hal_uart.o
 *fill*         0x000000000800606e        0x2 
 .rodata.UARTPrescTable
                0x0000000008006070       0x18 ./Drivers/STM32H7xx_HAL_Driver/Src/stm32h7xx_hal_uart.o
                0x0000000008006070                UARTPrescTable
 .rodata.denominator.11289
                0x0000000008006088        0x8 ./Drivers/STM32H7xx_HAL_Driver/Src/stm32h7xx_hal_uart_ex.o
 .rodata.numerator.11288
                0x0000000008006090        0x8 ./Drivers/STM32H7xx_HAL_Driver/Src/stm32h7xx_hal_uart_ex.o
                0x0000000008006098                . = ALIGN (0x4)

.ARM.extab
 *(.ARM.extab* .gnu.linkonce.armextab.*)

.ARM            0x0000000008006098        0x8
                0x0000000008006098                __exidx_start = .
 *(.ARM.exidx*)
 .ARM.exidx     0x0000000008006098        0x8 c:/st/stm32cubeide_1.8.0/stm32cubeide/plugins/com.st.stm32cube.ide.mcu.externaltools.gnu-tools-for-stm32.9-2020-q2-update.win32_2.0.0.202105311346/tools/bin/../lib/gcc/arm-none-eabi/9.3.1/thumb/v7e-m+dp/hard\libgcc.a(_udivmoddi4.o)
                0x00000000080060a0                __exidx_end = .

.rel.dyn        0x00000000080060a0        0x0
 .rel.iplt      0x00000000080060a0        0x0 c:/st/stm32cubeide_1.8.0/stm32cubeide/plugins/com.st.stm32cube.ide.mcu.externaltools.gnu-tools-for-stm32.9-2020-q2-update.win32_2.0.0.202105311346/tools/bin/../lib/gcc/arm-none-eabi/9.3.1/thumb/v7e-m+dp/hard/crtbegin.o

.preinit_array  0x00000000080060a0        0x0
                0x00000000080060a0                PROVIDE (__preinit_array_start = .)
 *(.preinit_array*)
                0x00000000080060a0                PROVIDE (__preinit_array_end = .)

.init_array     0x00000000080060a0        0x4
                0x00000000080060a0                PROVIDE (__init_array_start = .)
 *(SORT_BY_NAME(.init_array.*))
 *(.init_array*)
 .init_array    0x00000000080060a0        0x4 c:/st/stm32cubeide_1.8.0/stm32cubeide/plugins/com.st.stm32cube.ide.mcu.externaltools.gnu-tools-for-stm32.9-2020-q2-update.win32_2.0.0.202105311346/tools/bin/../lib/gcc/arm-none-eabi/9.3.1/thumb/v7e-m+dp/hard/crtbegin.o
                0x00000000080060a4                PROVIDE (__init_array_end = .)

.fini_array     0x00000000080060a4        0x4
                [!provide]                        PROVIDE (__fini_array_start = .)
 *(SORT_BY_NAME(.fini_array.*))
 *(.fini_array*)
 .fini_array    0x00000000080060a4        0x4 c:/st/stm32cubeide_1.8.0/stm32cubeide/plugins/com.st.stm32cube.ide.mcu.externaltools.gnu-tools-for-stm32.9-2020-q2-update.win32_2.0.0.202105311346/tools/bin/../lib/gcc/arm-none-eabi/9.3.1/thumb/v7e-m+dp/hard/crtbegin.o
                [!provide]                        PROVIDE (__fini_array_end = .)
                0x00000000080060a8                _sidata = LOADADDR (.data)

.data           0x0000000024000000       0x10 load address 0x00000000080060a8
                0x0000000024000000                . = ALIGN (0x4)
                0x0000000024000000                _sdata = .
 *(.data)
 *(.data*)
 .data.SystemCoreClock
                0x0000000024000000        0x4 ./Core/Src/system_stm32h7xx.o
                0x0000000024000000                SystemCoreClock
 .data.SystemD2Clock
                0x0000000024000004        0x4 ./Core/Src/system_stm32h7xx.o
                0x0000000024000004                SystemD2Clock
 .data.uwTickFreq
                0x0000000024000008        0x1 ./Drivers/STM32H7xx_HAL_Driver/Src/stm32h7xx_hal.o
                0x0000000024000008                uwTickFreq
 *fill*         0x0000000024000009        0x3 
 .data.uwTickPrio
                0x000000002400000c        0x4 ./Drivers/STM32H7xx_HAL_Driver/Src/stm32h7xx_hal.o
                0x000000002400000c                uwTickPrio
 *(.RamFunc)
 *(.RamFunc*)
                0x0000000024000010                . = ALIGN (0x4)
                0x0000000024000010                _edata = .

.igot.plt       0x0000000024000010        0x0 load address 0x00000000080060b8
 .igot.plt      0x0000000024000010        0x0 c:/st/stm32cubeide_1.8.0/stm32cubeide/plugins/com.st.stm32cube.ide.mcu.externaltools.gnu-tools-for-stm32.9-2020-q2-update.win32_2.0.0.202105311346/tools/bin/../lib/gcc/arm-none-eabi/9.3.1/thumb/v7e-m+dp/hard/crtbegin.o
                0x0000000024000010                . = ALIGN (0x4)

.bss            0x0000000024000020     0xd080 load address 0x00000000080060b8
                0x0000000024000020                _sbss = .
                0x0000000024000020                __bss_start__ = _sbss
 *(.bss)
 .bss           0x0000000024000020       0x1c c:/st/stm32cubeide_1.8.0/stm32cubeide/plugins/com.st.stm32cube.ide.mcu.externaltools.gnu-tools-for-stm32.9-2020-q2-update.win32_2.0.0.202105311346/tools/bin/../lib/gcc/arm-none-eabi/9.3.1/thumb/v7e-m+dp/hard/crtbegin.o
 *(.bss*)
 .bss.UartReady
                0x000000002400003c        0x1 ./Core/Src/main.o
                0x000000002400003c                UartReady
 *fill*         0x000000002400003d        0x3 
 .bss.UserButtonStatus
                0x0000000024000040        0x4 ./Core/Src/main.o
                0x0000000024000040                UserButtonStatus
 *fill*         0x0000000024000044       0x1c 
 .bss.aRxBuffer
                0x0000000024000060     0x4000 ./Core/Src/main.o
                0x0000000024000060                aRxBuffer
 .bss.aTxBuffer
                0x0000000024004060      0x800 ./Core/Src/main.o
                0x0000000024004060                aTxBuffer
 .bss.wTransferState
                0x0000000024004860        0x4 ./Core/Src/main.o
                0x0000000024004860                wTransferState
 .bss.yi        0x0000000024004864     0x8000 ./Core/Src/main.o
                0x0000000024004864                yi
 *(COMMON)
 COMMON         0x000000002400c864      0x7a0 ./Core/Src/main.o
                0x000000002400c864                hspi2
                0x000000002400c8ec                huart3
                0x000000002400c97c                hpcd_USB_OTG_FS
                0x000000002400cd84                hdma_usart3_tx
                0x000000002400cdfc                hdma_usart1_tx
                0x000000002400ce74                huart1
                0x000000002400cf04                hspi1
                0x000000002400cf8c                hdma_spi1_rx
 COMMON         0x000000002400d004       0x98 ./Core/Src/stm32h7xx_nucleo.o
                0x000000002400d004                hpb_exti
                0x000000002400d00c                hcom_uart
 COMMON         0x000000002400d09c        0x4 ./Drivers/STM32H7xx_HAL_Driver/Src/stm32h7xx_hal.o
                0x000000002400d09c                uwTick
                0x000000002400d0a0                . = ALIGN (0x4)
                0x000000002400d0a0                _ebss = .
                0x000000002400d0a0                __bss_end__ = _ebss

._user_heap_stack
                0x000000002400d0a0      0x600 load address 0x00000000080060b8
                0x000000002400d0a0                . = ALIGN (0x8)
                [!provide]                        PROVIDE (end = .)
                0x000000002400d0a0                PROVIDE (_end = .)
                0x000000002400d2a0                . = (. + _Min_Heap_Size)
 *fill*         0x000000002400d0a0      0x200 
                0x000000002400d6a0                . = (. + _Min_Stack_Size)
 *fill*         0x000000002400d2a0      0x400 
                0x000000002400d6a0                . = ALIGN (0x8)

/DISCARD/
 libc.a(*)
 libm.a(*)
 libgcc.a(*)

.ARM.attributes
                0x0000000000000000       0x2e
 *(.ARM.attributes)
 .ARM.attributes
                0x0000000000000000       0x1e c:/st/stm32cubeide_1.8.0/stm32cubeide/plugins/com.st.stm32cube.ide.mcu.externaltools.gnu-tools-for-stm32.9-2020-q2-update.win32_2.0.0.202105311346/tools/bin/../lib/gcc/arm-none-eabi/9.3.1/thumb/v7e-m+dp/hard/crti.o
 .ARM.attributes
                0x000000000000001e       0x32 c:/st/stm32cubeide_1.8.0/stm32cubeide/plugins/com.st.stm32cube.ide.mcu.externaltools.gnu-tools-for-stm32.9-2020-q2-update.win32_2.0.0.202105311346/tools/bin/../lib/gcc/arm-none-eabi/9.3.1/thumb/v7e-m+dp/hard/crtbegin.o
 .ARM.attributes
                0x0000000000000050       0x32 ./Core/Src/main.o
 .ARM.attributes
                0x0000000000000082       0x32 ./Core/Src/stm32h7xx_hal_msp.o
 .ARM.attributes
                0x00000000000000b4       0x32 ./Core/Src/stm32h7xx_it.o
 .ARM.attributes
                0x00000000000000e6       0x32 ./Core/Src/stm32h7xx_nucleo.o
 .ARM.attributes
                0x0000000000000118       0x32 ./Core/Src/system_stm32h7xx.o
 .ARM.attributes
                0x000000000000014a       0x21 ./Core/Startup/startup_stm32h743zitx.o
 .ARM.attributes
                0x000000000000016b       0x32 ./Drivers/STM32H7xx_HAL_Driver/Src/stm32h7xx_hal.o
 .ARM.attributes
                0x000000000000019d       0x32 ./Drivers/STM32H7xx_HAL_Driver/Src/stm32h7xx_hal_cortex.o
 .ARM.attributes
                0x00000000000001cf       0x32 ./Drivers/STM32H7xx_HAL_Driver/Src/stm32h7xx_hal_dma.o
 .ARM.attributes
                0x0000000000000201       0x32 ./Drivers/STM32H7xx_HAL_Driver/Src/stm32h7xx_hal_exti.o
 .ARM.attributes
                0x0000000000000233       0x32 ./Drivers/STM32H7xx_HAL_Driver/Src/stm32h7xx_hal_gpio.o
 .ARM.attributes
                0x0000000000000265       0x32 ./Drivers/STM32H7xx_HAL_Driver/Src/stm32h7xx_hal_pwr_ex.o
 .ARM.attributes
                0x0000000000000297       0x32 ./Drivers/STM32H7xx_HAL_Driver/Src/stm32h7xx_hal_rcc.o
 .ARM.attributes
                0x00000000000002c9       0x32 ./Drivers/STM32H7xx_HAL_Driver/Src/stm32h7xx_hal_rcc_ex.o
 .ARM.attributes
                0x00000000000002fb       0x32 ./Drivers/STM32H7xx_HAL_Driver/Src/stm32h7xx_hal_spi.o
 .ARM.attributes
                0x000000000000032d       0x32 ./Drivers/STM32H7xx_HAL_Driver/Src/stm32h7xx_hal_uart.o
 .ARM.attributes
                0x000000000000035f       0x32 ./Drivers/STM32H7xx_HAL_Driver/Src/stm32h7xx_hal_uart_ex.o
 .ARM.attributes
                0x0000000000000391       0x32 c:/st/stm32cubeide_1.8.0/stm32cubeide/plugins/com.st.stm32cube.ide.mcu.externaltools.gnu-tools-for-stm32.9-2020-q2-update.win32_2.0.0.202105311346/tools/bin/../lib/gcc/arm-none-eabi/9.3.1/../../../../arm-none-eabi/lib/thumb/v7e-m+dp/hard\libc_nano.a(lib_a-init.o)
 .ARM.attributes
                0x00000000000003c3       0x32 c:/st/stm32cubeide_1.8.0/stm32cubeide/plugins/com.st.stm32cube.ide.mcu.externaltools.gnu-tools-for-stm32.9-2020-q2-update.win32_2.0.0.202105311346/tools/bin/../lib/gcc/arm-none-eabi/9.3.1/../../../../arm-none-eabi/lib/thumb/v7e-m+dp/hard\libc_nano.a(lib_a-memset.o)
 .ARM.attributes
                0x00000000000003f5       0x1e c:/st/stm32cubeide_1.8.0/stm32cubeide/plugins/com.st.stm32cube.ide.mcu.externaltools.gnu-tools-for-stm32.9-2020-q2-update.win32_2.0.0.202105311346/tools/bin/../lib/gcc/arm-none-eabi/9.3.1/thumb/v7e-m+dp/hard\libgcc.a(_aeabi_uldivmod.o)
 .ARM.attributes
                0x0000000000000413       0x32 c:/st/stm32cubeide_1.8.0/stm32cubeide/plugins/com.st.stm32cube.ide.mcu.externaltools.gnu-tools-for-stm32.9-2020-q2-update.win32_2.0.0.202105311346/tools/bin/../lib/gcc/arm-none-eabi/9.3.1/thumb/v7e-m+dp/hard\libgcc.a(_udivmoddi4.o)
 .ARM.attributes
                0x0000000000000445       0x1e c:/st/stm32cubeide_1.8.0/stm32cubeide/plugins/com.st.stm32cube.ide.mcu.externaltools.gnu-tools-for-stm32.9-2020-q2-update.win32_2.0.0.202105311346/tools/bin/../lib/gcc/arm-none-eabi/9.3.1/thumb/v7e-m+dp/hard\libgcc.a(_dvmd_tls.o)
 .ARM.attributes
                0x0000000000000463       0x1e c:/st/stm32cubeide_1.8.0/stm32cubeide/plugins/com.st.stm32cube.ide.mcu.externaltools.gnu-tools-for-stm32.9-2020-q2-update.win32_2.0.0.202105311346/tools/bin/../lib/gcc/arm-none-eabi/9.3.1/thumb/v7e-m+dp/hard/crtn.o
OUTPUT(UART_test2.elf elf32-littlearm)
LOAD linker stubs
LOAD c:/st/stm32cubeide_1.8.0/stm32cubeide/plugins/com.st.stm32cube.ide.mcu.externaltools.gnu-tools-for-stm32.9-2020-q2-update.win32_2.0.0.202105311346/tools/bin/../lib/gcc/arm-none-eabi/9.3.1/../../../../arm-none-eabi/lib/thumb/v7e-m+dp/hard\libc.a
LOAD c:/st/stm32cubeide_1.8.0/stm32cubeide/plugins/com.st.stm32cube.ide.mcu.externaltools.gnu-tools-for-stm32.9-2020-q2-update.win32_2.0.0.202105311346/tools/bin/../lib/gcc/arm-none-eabi/9.3.1/../../../../arm-none-eabi/lib/thumb/v7e-m+dp/hard\libm.a
LOAD c:/st/stm32cubeide_1.8.0/stm32cubeide/plugins/com.st.stm32cube.ide.mcu.externaltools.gnu-tools-for-stm32.9-2020-q2-update.win32_2.0.0.202105311346/tools/bin/../lib/gcc/arm-none-eabi/9.3.1/thumb/v7e-m+dp/hard\libgcc.a

.comment        0x0000000000000000       0x53
 .comment       0x0000000000000000       0x53 ./Core/Src/main.o
                                         0x54 (size before relaxing)
 .comment       0x0000000000000053       0x54 ./Core/Src/stm32h7xx_hal_msp.o
 .comment       0x0000000000000053       0x54 ./Core/Src/stm32h7xx_it.o
 .comment       0x0000000000000053       0x54 ./Core/Src/stm32h7xx_nucleo.o
 .comment       0x0000000000000053       0x54 ./Core/Src/system_stm32h7xx.o
 .comment       0x0000000000000053       0x54 ./Drivers/STM32H7xx_HAL_Driver/Src/stm32h7xx_hal.o
 .comment       0x0000000000000053       0x54 ./Drivers/STM32H7xx_HAL_Driver/Src/stm32h7xx_hal_cortex.o
 .comment       0x0000000000000053       0x54 ./Drivers/STM32H7xx_HAL_Driver/Src/stm32h7xx_hal_dma.o
 .comment       0x0000000000000053       0x54 ./Drivers/STM32H7xx_HAL_Driver/Src/stm32h7xx_hal_exti.o
 .comment       0x0000000000000053       0x54 ./Drivers/STM32H7xx_HAL_Driver/Src/stm32h7xx_hal_gpio.o
 .comment       0x0000000000000053       0x54 ./Drivers/STM32H7xx_HAL_Driver/Src/stm32h7xx_hal_pwr_ex.o
 .comment       0x0000000000000053       0x54 ./Drivers/STM32H7xx_HAL_Driver/Src/stm32h7xx_hal_rcc.o
 .comment       0x0000000000000053       0x54 ./Drivers/STM32H7xx_HAL_Driver/Src/stm32h7xx_hal_rcc_ex.o
 .comment       0x0000000000000053       0x54 ./Drivers/STM32H7xx_HAL_Driver/Src/stm32h7xx_hal_spi.o
 .comment       0x0000000000000053       0x54 ./Drivers/STM32H7xx_HAL_Driver/Src/stm32h7xx_hal_uart.o
 .comment       0x0000000000000053       0x54 ./Drivers/STM32H7xx_HAL_Driver/Src/stm32h7xx_hal_uart_ex.o

.debug_frame    0x0000000000000000       0xac
 .debug_frame   0x0000000000000000       0x2c c:/st/stm32cubeide_1.8.0/stm32cubeide/plugins/com.st.stm32cube.ide.mcu.externaltools.gnu-tools-for-stm32.9-2020-q2-update.win32_2.0.0.202105311346/tools/bin/../lib/gcc/arm-none-eabi/9.3.1/../../../../arm-none-eabi/lib/thumb/v7e-m+dp/hard\libc_nano.a(lib_a-init.o)
 .debug_frame   0x000000000000002c       0x20 c:/st/stm32cubeide_1.8.0/stm32cubeide/plugins/com.st.stm32cube.ide.mcu.externaltools.gnu-tools-for-stm32.9-2020-q2-update.win32_2.0.0.202105311346/tools/bin/../lib/gcc/arm-none-eabi/9.3.1/../../../../arm-none-eabi/lib/thumb/v7e-m+dp/hard\libc_nano.a(lib_a-memset.o)
 .debug_frame   0x000000000000004c       0x2c c:/st/stm32cubeide_1.8.0/stm32cubeide/plugins/com.st.stm32cube.ide.mcu.externaltools.gnu-tools-for-stm32.9-2020-q2-update.win32_2.0.0.202105311346/tools/bin/../lib/gcc/arm-none-eabi/9.3.1/thumb/v7e-m+dp/hard\libgcc.a(_aeabi_uldivmod.o)
 .debug_frame   0x0000000000000078       0x34 c:/st/stm32cubeide_1.8.0/stm32cubeide/plugins/com.st.stm32cube.ide.mcu.externaltools.gnu-tools-for-stm32.9-2020-q2-update.win32_2.0.0.202105311346/tools/bin/../lib/gcc/arm-none-eabi/9.3.1/thumb/v7e-m+dp/hard\libgcc.a(_udivmoddi4.o)
