Archive member included to satisfy reference by file (symbol)

c:/st/stm32cubeide_1.8.0/stm32cubeide/plugins/com.st.stm32cube.ide.mcu.externaltools.gnu-tools-for-stm32.9-2020-q2-update.win32_2.0.0.202105311346/tools/bin/../lib/gcc/arm-none-eabi/9.3.1/../../../../arm-none-eabi/lib/thumb/v7e-m+dp/hard\libc_nano.a(lib_a-errno.o)
                              ./Core/Src/syscalls.o (__errno)
c:/st/stm32cubeide_1.8.0/stm32cubeide/plugins/com.st.stm32cube.ide.mcu.externaltools.gnu-tools-for-stm32.9-2020-q2-update.win32_2.0.0.202105311346/tools/bin/../lib/gcc/arm-none-eabi/9.3.1/../../../../arm-none-eabi/lib/thumb/v7e-m+dp/hard\libc_nano.a(lib_a-exit.o)
                              c:/st/stm32cubeide_1.8.0/stm32cubeide/plugins/com.st.stm32cube.ide.mcu.externaltools.gnu-tools-for-stm32.9-2020-q2-update.win32_2.0.0.202105311346/tools/bin/../lib/gcc/arm-none-eabi/9.3.1/../../../../arm-none-eabi/lib/thumb/v7e-m+dp/hard/crt0.o (exit)
c:/st/stm32cubeide_1.8.0/stm32cubeide/plugins/com.st.stm32cube.ide.mcu.externaltools.gnu-tools-for-stm32.9-2020-q2-update.win32_2.0.0.202105311346/tools/bin/../lib/gcc/arm-none-eabi/9.3.1/../../../../arm-none-eabi/lib/thumb/v7e-m+dp/hard\libc_nano.a(lib_a-impure.o)
                              c:/st/stm32cubeide_1.8.0/stm32cubeide/plugins/com.st.stm32cube.ide.mcu.externaltools.gnu-tools-for-stm32.9-2020-q2-update.win32_2.0.0.202105311346/tools/bin/../lib/gcc/arm-none-eabi/9.3.1/../../../../arm-none-eabi/lib/thumb/v7e-m+dp/hard\libc_nano.a(lib_a-exit.o) (_global_impure_ptr)
c:/st/stm32cubeide_1.8.0/stm32cubeide/plugins/com.st.stm32cube.ide.mcu.externaltools.gnu-tools-for-stm32.9-2020-q2-update.win32_2.0.0.202105311346/tools/bin/../lib/gcc/arm-none-eabi/9.3.1/../../../../arm-none-eabi/lib/thumb/v7e-m+dp/hard\libc_nano.a(lib_a-init.o)
                              c:/st/stm32cubeide_1.8.0/stm32cubeide/plugins/com.st.stm32cube.ide.mcu.externaltools.gnu-tools-for-stm32.9-2020-q2-update.win32_2.0.0.202105311346/tools/bin/../lib/gcc/arm-none-eabi/9.3.1/../../../../arm-none-eabi/lib/thumb/v7e-m+dp/hard/crt0.o (__libc_init_array)
c:/st/stm32cubeide_1.8.0/stm32cubeide/plugins/com.st.stm32cube.ide.mcu.externaltools.gnu-tools-for-stm32.9-2020-q2-update.win32_2.0.0.202105311346/tools/bin/../lib/gcc/arm-none-eabi/9.3.1/../../../../arm-none-eabi/lib/thumb/v7e-m+dp/hard\libc_nano.a(lib_a-memset.o)
                              c:/st/stm32cubeide_1.8.0/stm32cubeide/plugins/com.st.stm32cube.ide.mcu.externaltools.gnu-tools-for-stm32.9-2020-q2-update.win32_2.0.0.202105311346/tools/bin/../lib/gcc/arm-none-eabi/9.3.1/../../../../arm-none-eabi/lib/thumb/v7e-m+dp/hard/crt0.o (memset)
c:/st/stm32cubeide_1.8.0/stm32cubeide/plugins/com.st.stm32cube.ide.mcu.externaltools.gnu-tools-for-stm32.9-2020-q2-update.win32_2.0.0.202105311346/tools/bin/../lib/gcc/arm-none-eabi/9.3.1/thumb/v7e-m+dp/hard\libgcc.a(_aeabi_uldivmod.o)
                              ./Drivers/STM32H7xx_HAL_Driver/Src/stm32h7xx_hal_uart.o (__aeabi_uldivmod)
c:/st/stm32cubeide_1.8.0/stm32cubeide/plugins/com.st.stm32cube.ide.mcu.externaltools.gnu-tools-for-stm32.9-2020-q2-update.win32_2.0.0.202105311346/tools/bin/../lib/gcc/arm-none-eabi/9.3.1/thumb/v7e-m+dp/hard\libgcc.a(_udivmoddi4.o)
                              c:/st/stm32cubeide_1.8.0/stm32cubeide/plugins/com.st.stm32cube.ide.mcu.externaltools.gnu-tools-for-stm32.9-2020-q2-update.win32_2.0.0.202105311346/tools/bin/../lib/gcc/arm-none-eabi/9.3.1/thumb/v7e-m+dp/hard\libgcc.a(_aeabi_uldivmod.o) (__udivmoddi4)
c:/st/stm32cubeide_1.8.0/stm32cubeide/plugins/com.st.stm32cube.ide.mcu.externaltools.gnu-tools-for-stm32.9-2020-q2-update.win32_2.0.0.202105311346/tools/bin/../lib/gcc/arm-none-eabi/9.3.1/thumb/v7e-m+dp/hard\libgcc.a(_dvmd_tls.o)
                              c:/st/stm32cubeide_1.8.0/stm32cubeide/plugins/com.st.stm32cube.ide.mcu.externaltools.gnu-tools-for-stm32.9-2020-q2-update.win32_2.0.0.202105311346/tools/bin/../lib/gcc/arm-none-eabi/9.3.1/thumb/v7e-m+dp/hard\libgcc.a(_aeabi_uldivmod.o) (__aeabi_ldiv0)

Allocating common symbols
Common symbol       size              file

hspi2               0x88              ./Core/Src/main.o
huart3              0x90              ./Core/Src/main.o
hdma_spi2_rx        0x78              ./Core/Src/main.o
uwTick              0x4               ./Drivers/STM32H7xx_HAL_Driver/Src/stm32h7xx_hal.o
hdma_usart3_tx      0x78              ./Core/Src/main.o
pFlash              0x1c              ./Drivers/STM32H7xx_HAL_Driver/Src/stm32h7xx_hal_flash.o
hpb_exti            0x8               ./Core/Src/stm32h7xx_nucleo.o
hdma_usart1_tx      0x78              ./Core/Src/main.o
huart1              0x90              ./Core/Src/main.o
hspi1               0x88              ./Core/Src/main.o
hcom_uart           0x90              ./Core/Src/stm32h7xx_nucleo.o
hdma_spi1_rx        0x78              ./Core/Src/main.o

Discarded input sections

[...]
Memory Configuration

Name             Origin             Length             Attributes
FLASH            0x0000000008000000 0x0000000000200000 xr
DTCMRAM          0x0000000020000000 0x0000000000020000 xrw
RAM_D1           0x0000000024000000 0x0000000000080000 xrw
RAM_D2           0x0000000030000000 0x0000000000048000 xrw
RAM_D3           0x0000000038000000 0x0000000000010000 xrw
ITCMRAM          0x0000000000000000 0x0000000000010000 xrw
*default*        0x0000000000000000 0xffffffffffffffff

Linker script and memory map

LOAD c:/st/stm32cubeide_1.8.0/stm32cubeide/plugins/com.st.stm32cube.ide.mcu.externaltools.gnu-tools-for-stm32.9-2020-q2-update.win32_2.0.0.202105311346/tools/bin/../lib/gcc/arm-none-eabi/9.3.1/thumb/v7e-m+dp/hard/crti.o
LOAD c:/st/stm32cubeide_1.8.0/stm32cubeide/plugins/com.st.stm32cube.ide.mcu.externaltools.gnu-tools-for-stm32.9-2020-q2-update.win32_2.0.0.202105311346/tools/bin/../lib/gcc/arm-none-eabi/9.3.1/thumb/v7e-m+dp/hard/crtbegin.o
LOAD c:/st/stm32cubeide_1.8.0/stm32cubeide/plugins/com.st.stm32cube.ide.mcu.externaltools.gnu-tools-for-stm32.9-2020-q2-update.win32_2.0.0.202105311346/tools/bin/../lib/gcc/arm-none-eabi/9.3.1/../../../../arm-none-eabi/lib/thumb/v7e-m+dp/hard/crt0.o
LOAD ./Core/Src/main.o
LOAD ./Core/Src/stm32h7xx_hal_msp.o
LOAD ./Core/Src/stm32h7xx_it.o
LOAD ./Core/Src/stm32h7xx_nucleo.o
LOAD ./Core/Src/syscalls.o
LOAD ./Core/Src/sysmem.o
LOAD ./Core/Src/system_stm32h7xx.o
LOAD ./Core/Startup/startup_stm32h743zitx.o
LOAD ./Drivers/STM32H7xx_HAL_Driver/Src/stm32h7xx_hal.o
LOAD ./Drivers/STM32H7xx_HAL_Driver/Src/stm32h7xx_hal_cortex.o
LOAD ./Drivers/STM32H7xx_HAL_Driver/Src/stm32h7xx_hal_dma.o
LOAD ./Drivers/STM32H7xx_HAL_Driver/Src/stm32h7xx_hal_dma_ex.o
LOAD ./Drivers/STM32H7xx_HAL_Driver/Src/stm32h7xx_hal_eth.o
LOAD ./Drivers/STM32H7xx_HAL_Driver/Src/stm32h7xx_hal_eth_ex.o
LOAD ./Drivers/STM32H7xx_HAL_Driver/Src/stm32h7xx_hal_exti.o
LOAD ./Drivers/STM32H7xx_HAL_Driver/Src/stm32h7xx_hal_flash.o
LOAD ./Drivers/STM32H7xx_HAL_Driver/Src/stm32h7xx_hal_flash_ex.o
LOAD ./Drivers/STM32H7xx_HAL_Driver/Src/stm32h7xx_hal_gpio.o
LOAD ./Drivers/STM32H7xx_HAL_Driver/Src/stm32h7xx_hal_hsem.o
LOAD ./Drivers/STM32H7xx_HAL_Driver/Src/stm32h7xx_hal_i2c.o
LOAD ./Drivers/STM32H7xx_HAL_Driver/Src/stm32h7xx_hal_i2c_ex.o
LOAD ./Drivers/STM32H7xx_HAL_Driver/Src/stm32h7xx_hal_mdma.o
LOAD ./Drivers/STM32H7xx_HAL_Driver/Src/stm32h7xx_hal_pcd.o
LOAD ./Drivers/STM32H7xx_HAL_Driver/Src/stm32h7xx_hal_pcd_ex.o
LOAD ./Drivers/STM32H7xx_HAL_Driver/Src/stm32h7xx_hal_pwr.o
LOAD ./Drivers/STM32H7xx_HAL_Driver/Src/stm32h7xx_hal_pwr_ex.o
LOAD ./Drivers/STM32H7xx_HAL_Driver/Src/stm32h7xx_hal_rcc.o
LOAD ./Drivers/STM32H7xx_HAL_Driver/Src/stm32h7xx_hal_rcc_ex.o
LOAD ./Drivers/STM32H7xx_HAL_Driver/Src/stm32h7xx_hal_spi.o
LOAD ./Drivers/STM32H7xx_HAL_Driver/Src/stm32h7xx_hal_spi_ex.o
LOAD ./Drivers/STM32H7xx_HAL_Driver/Src/stm32h7xx_hal_tim.o
LOAD ./Drivers/STM32H7xx_HAL_Driver/Src/stm32h7xx_hal_tim_ex.o
LOAD ./Drivers/STM32H7xx_HAL_Driver/Src/stm32h7xx_hal_uart.o
LOAD ./Drivers/STM32H7xx_HAL_Driver/Src/stm32h7xx_hal_uart_ex.o
LOAD ./Drivers/STM32H7xx_HAL_Driver/Src/stm32h7xx_ll_usb.o
START GROUP
LOAD c:/st/stm32cubeide_1.8.0/stm32cubeide/plugins/com.st.stm32cube.ide.mcu.externaltools.gnu-tools-for-stm32.9-2020-q2-update.win32_2.0.0.202105311346/tools/bin/../lib/gcc/arm-none-eabi/9.3.1/../../../../arm-none-eabi/lib/thumb/v7e-m+dp/hard\libc_nano.a
LOAD c:/st/stm32cubeide_1.8.0/stm32cubeide/plugins/com.st.stm32cube.ide.mcu.externaltools.gnu-tools-for-stm32.9-2020-q2-update.win32_2.0.0.202105311346/tools/bin/../lib/gcc/arm-none-eabi/9.3.1/../../../../arm-none-eabi/lib/thumb/v7e-m+dp/hard\libm.a
END GROUP
START GROUP
LOAD c:/st/stm32cubeide_1.8.0/stm32cubeide/plugins/com.st.stm32cube.ide.mcu.externaltools.gnu-tools-for-stm32.9-2020-q2-update.win32_2.0.0.202105311346/tools/bin/../lib/gcc/arm-none-eabi/9.3.1/thumb/v7e-m+dp/hard\libgcc.a
LOAD c:/st/stm32cubeide_1.8.0/stm32cubeide/plugins/com.st.stm32cube.ide.mcu.externaltools.gnu-tools-for-stm32.9-2020-q2-update.win32_2.0.0.202105311346/tools/bin/../lib/gcc/arm-none-eabi/9.3.1/../../../../arm-none-eabi/lib/thumb/v7e-m+dp/hard\libc_nano.a
END GROUP
START GROUP
LOAD c:/st/stm32cubeide_1.8.0/stm32cubeide/plugins/com.st.stm32cube.ide.mcu.externaltools.gnu-tools-for-stm32.9-2020-q2-update.win32_2.0.0.202105311346/tools/bin/../lib/gcc/arm-none-eabi/9.3.1/thumb/v7e-m+dp/hard\libgcc.a
LOAD c:/st/stm32cubeide_1.8.0/stm32cubeide/plugins/com.st.stm32cube.ide.mcu.externaltools.gnu-tools-for-stm32.9-2020-q2-update.win32_2.0.0.202105311346/tools/bin/../lib/gcc/arm-none-eabi/9.3.1/../../../../arm-none-eabi/lib/thumb/v7e-m+dp/hard\libc_nano.a
LOAD c:/st/stm32cubeide_1.8.0/stm32cubeide/plugins/com.st.stm32cube.ide.mcu.externaltools.gnu-tools-for-stm32.9-2020-q2-update.win32_2.0.0.202105311346/tools/bin/../lib/gcc/arm-none-eabi/9.3.1/../../../../arm-none-eabi/lib/thumb/v7e-m+dp/hard\libnosys.a
END GROUP
START GROUP
LOAD c:/st/stm32cubeide_1.8.0/stm32cubeide/plugins/com.st.stm32cube.ide.mcu.externaltools.gnu-tools-for-stm32.9-2020-q2-update.win32_2.0.0.202105311346/tools/bin/../lib/gcc/arm-none-eabi/9.3.1/thumb/v7e-m+dp/hard\libgcc.a
LOAD c:/st/stm32cubeide_1.8.0/stm32cubeide/plugins/com.st.stm32cube.ide.mcu.externaltools.gnu-tools-for-stm32.9-2020-q2-update.win32_2.0.0.202105311346/tools/bin/../lib/gcc/arm-none-eabi/9.3.1/../../../../arm-none-eabi/lib/thumb/v7e-m+dp/hard\libc_nano.a
LOAD c:/st/stm32cubeide_1.8.0/stm32cubeide/plugins/com.st.stm32cube.ide.mcu.externaltools.gnu-tools-for-stm32.9-2020-q2-update.win32_2.0.0.202105311346/tools/bin/../lib/gcc/arm-none-eabi/9.3.1/../../../../arm-none-eabi/lib/thumb/v7e-m+dp/hard\libnosys.a
END GROUP
LOAD c:/st/stm32cubeide_1.8.0/stm32cubeide/plugins/com.st.stm32cube.ide.mcu.externaltools.gnu-tools-for-stm32.9-2020-q2-update.win32_2.0.0.202105311346/tools/bin/../lib/gcc/arm-none-eabi/9.3.1/thumb/v7e-m+dp/hard/crtend.o
LOAD c:/st/stm32cubeide_1.8.0/stm32cubeide/plugins/com.st.stm32cube.ide.mcu.externaltools.gnu-tools-for-stm32.9-2020-q2-update.win32_2.0.0.202105311346/tools/bin/../lib/gcc/arm-none-eabi/9.3.1/thumb/v7e-m+dp/hard/crtn.o
                0x0000000024080000                _estack = (ORIGIN (RAM_D1) + LENGTH (RAM_D1))
                0x0000000000000200                _Min_Heap_Size = 0x200
                0x0000000000000400                _Min_Stack_Size = 0x400

.isr_vector     0x0000000008000000      0x298
                0x0000000008000000                . = ALIGN (0x4)
 *(.isr_vector)
 .isr_vector    0x0000000008000000      0x298 ./Core/Startup/startup_stm32h743zitx.o
                0x0000000008000000                g_pfnVectors
                0x0000000008000298                . = ALIGN (0x4)

.text           0x0000000008000298     0x69b0
                0x0000000008000298                . = ALIGN (0x4)
 *(.text)
 .text          0x0000000008000298       0x40 c:/st/stm32cubeide_1.8.0/stm32cubeide/plugins/com.st.stm32cube.ide.mcu.externaltools.gnu-tools-for-stm32.9-2020-q2-update.win32_2.0.0.202105311346/tools/bin/../lib/gcc/arm-none-eabi/9.3.1/thumb/v7e-m+dp/hard/crtbegin.o
 .text          0x00000000080002d8       0x30 c:/st/stm32cubeide_1.8.0/stm32cubeide/plugins/com.st.stm32cube.ide.mcu.externaltools.gnu-tools-for-stm32.9-2020-q2-update.win32_2.0.0.202105311346/tools/bin/../lib/gcc/arm-none-eabi/9.3.1/thumb/v7e-m+dp/hard\libgcc.a(_aeabi_uldivmod.o)
                0x00000000080002d8                __aeabi_uldivmod
 .text          0x0000000008000308      0x2c4 c:/st/stm32cubeide_1.8.0/stm32cubeide/plugins/com.st.stm32cube.ide.mcu.externaltools.gnu-tools-for-stm32.9-2020-q2-update.win32_2.0.0.202105311346/tools/bin/../lib/gcc/arm-none-eabi/9.3.1/thumb/v7e-m+dp/hard\libgcc.a(_udivmoddi4.o)
                0x0000000008000308                __udivmoddi4
 .text          0x00000000080005cc        0x4 c:/st/stm32cubeide_1.8.0/stm32cubeide/plugins/com.st.stm32cube.ide.mcu.externaltools.gnu-tools-for-stm32.9-2020-q2-update.win32_2.0.0.202105311346/tools/bin/../lib/gcc/arm-none-eabi/9.3.1/thumb/v7e-m+dp/hard\libgcc.a(_dvmd_tls.o)
                0x00000000080005cc                __aeabi_idiv0
                0x00000000080005cc                __aeabi_ldiv0
 *(.text*)
 .text.tx_h_complete
                0x00000000080005d0        0xc ./Core/Src/main.o
 .text.HAL_GPIO_EXTI_Callback
                0x00000000080005dc       0x18 ./Core/Src/main.o
                0x00000000080005dc                HAL_GPIO_EXTI_Callback
 .text.Error_Handler
                0x00000000080005f4       0x16 ./Core/Src/main.o
                0x00000000080005f4                Error_Handler
 *fill*         0x000000000800060a        0x2 
 .text.SystemClock_Config
                0x000000000800060c       0xd8 ./Core/Src/main.o
                0x000000000800060c                SystemClock_Config
 *fill*         0x00000000080006e4        0x4 
 .text.main     0x00000000080006e8      0x924 ./Core/Src/main.o
                0x00000000080006e8                main
 .text.HAL_SPI_ErrorCallback
                0x000000000800100c       0x10 ./Core/Src/main.o
                0x000000000800100c                HAL_SPI_ErrorCallback
 .text.HAL_UART_ErrorCallback
                0x000000000800101c        0xc ./Core/Src/main.o
                0x000000000800101c                HAL_UART_ErrorCallback
 .text.HAL_MspInit
                0x0000000008001028       0x24 ./Core/Src/stm32h7xx_hal_msp.o
                0x0000000008001028                HAL_MspInit
 .text.HAL_SPI_MspInit
                0x000000000800104c      0x264 ./Core/Src/stm32h7xx_hal_msp.o
                0x000000000800104c                HAL_SPI_MspInit
 .text.HAL_UART_MspInit
                0x00000000080012b0      0x1ec ./Core/Src/stm32h7xx_hal_msp.o
                0x00000000080012b0                HAL_UART_MspInit
 .text.NMI_Handler
                0x000000000800149c        0x2 ./Core/Src/stm32h7xx_it.o
                0x000000000800149c                NMI_Handler
 .text.HardFault_Handler
                0x000000000800149e        0x2 ./Core/Src/stm32h7xx_it.o
                0x000000000800149e                HardFault_Handler
 .text.MemManage_Handler
                0x00000000080014a0        0x2 ./Core/Src/stm32h7xx_it.o
                0x00000000080014a0                MemManage_Handler
 .text.BusFault_Handler
                0x00000000080014a2        0x2 ./Core/Src/stm32h7xx_it.o
                0x00000000080014a2                BusFault_Handler
 .text.UsageFault_Handler
                0x00000000080014a4        0x2 ./Core/Src/stm32h7xx_it.o
                0x00000000080014a4                UsageFault_Handler
 .text.SVC_Handler
                0x00000000080014a6        0x2 ./Core/Src/stm32h7xx_it.o
                0x00000000080014a6                SVC_Handler
 .text.DebugMon_Handler
                0x00000000080014a8        0x2 ./Core/Src/stm32h7xx_it.o
                0x00000000080014a8                DebugMon_Handler
 .text.PendSV_Handler
                0x00000000080014aa        0x2 ./Core/Src/stm32h7xx_it.o
                0x00000000080014aa                PendSV_Handler
 .text.SysTick_Handler
                0x00000000080014ac        0x8 ./Core/Src/stm32h7xx_it.o
                0x00000000080014ac                SysTick_Handler
 .text.DMA1_Stream0_IRQHandler
                0x00000000080014b4       0x14 ./Core/Src/stm32h7xx_it.o
                0x00000000080014b4                DMA1_Stream0_IRQHandler
 .text.DMA1_Stream1_IRQHandler
                0x00000000080014c8       0x14 ./Core/Src/stm32h7xx_it.o
                0x00000000080014c8                DMA1_Stream1_IRQHandler
 .text.DMA2_Stream0_IRQHandler
                0x00000000080014dc       0x14 ./Core/Src/stm32h7xx_it.o
                0x00000000080014dc                DMA2_Stream0_IRQHandler
 .text.DMA2_Stream1_IRQHandler
                0x00000000080014f0       0x14 ./Core/Src/stm32h7xx_it.o
                0x00000000080014f0                DMA2_Stream1_IRQHandler
 .text.EXTI15_10_IRQHandler
                0x0000000008001504        0xc ./Core/Src/stm32h7xx_it.o
                0x0000000008001504                EXTI15_10_IRQHandler
 .text.USART1_IRQHandler
                0x0000000008001510       0x14 ./Core/Src/stm32h7xx_it.o
                0x0000000008001510                USART1_IRQHandler
 .text.USART3_IRQHandler
                0x0000000008001524       0x14 ./Core/Src/stm32h7xx_it.o
                0x0000000008001524                USART3_IRQHandler
 .text.SPI1_IRQHandler
                0x0000000008001538       0x14 ./Core/Src/stm32h7xx_it.o
                0x0000000008001538                SPI1_IRQHandler
 .text.SPI2_IRQHandler
                0x000000000800154c       0x14 ./Core/Src/stm32h7xx_it.o
                0x000000000800154c                SPI2_IRQHandler
 .text.BSP_LED_Init
                0x0000000008001560       0xa4 ./Core/Src/stm32h7xx_nucleo.o
                0x0000000008001560                BSP_LED_Init
 .text.BSP_LED_On
                0x0000000008001604       0x2c ./Core/Src/stm32h7xx_nucleo.o
                0x0000000008001604                BSP_LED_On
 .text.BSP_LED_Off
                0x0000000008001630       0x2c ./Core/Src/stm32h7xx_nucleo.o
                0x0000000008001630                BSP_LED_Off
 .text.BSP_LED_Toggle
                0x000000000800165c       0x28 ./Core/Src/stm32h7xx_nucleo.o
                0x000000000800165c                BSP_LED_Toggle
 .text.BSP_PB_Init
                0x0000000008001684       0x90 ./Core/Src/stm32h7xx_nucleo.o
                0x0000000008001684                BSP_PB_Init
 .text.BSP_PB_Callback
                0x0000000008001714        0x2 ./Core/Src/stm32h7xx_nucleo.o
                0x0000000008001714                BSP_PB_Callback
 .text.BUTTON_USER_EXTI_Callback
                0x0000000008001716        0xa ./Core/Src/stm32h7xx_nucleo.o
 .text.SystemInit
                0x0000000008001720       0xd4 ./Core/Src/system_stm32h7xx.o
                0x0000000008001720                SystemInit
 .text.Reset_Handler
                0x00000000080017f4       0x50 ./Core/Startup/startup_stm32h743zitx.o
                0x00000000080017f4                Reset_Handler
 .text.Default_Handler
                0x0000000008001844        0x2 ./Core/Startup/startup_stm32h743zitx.o
                0x0000000008001844                RTC_Alarm_IRQHandler
                0x0000000008001844                EXTI2_IRQHandler
                0x0000000008001844                TIM8_CC_IRQHandler
                0x0000000008001844                HRTIM1_Master_IRQHandler
                0x0000000008001844                UART8_IRQHandler
                0x0000000008001844                SPI4_IRQHandler
                0x0000000008001844                TIM1_CC_IRQHandler
                0x0000000008001844                BDMA_Channel6_IRQHandler
                0x0000000008001844                DMA2_Stream5_IRQHandler
                0x0000000008001844                HRTIM1_FLT_IRQHandler
                0x0000000008001844                JPEG_IRQHandler
                0x0000000008001844                DMA1_Stream5_IRQHandler
                0x0000000008001844                BDMA_Channel1_IRQHandler
                0x0000000008001844                HRTIM1_TIMD_IRQHandler
                0x0000000008001844                TAMP_STAMP_IRQHandler
                0x0000000008001844                EXTI3_IRQHandler
                0x0000000008001844                LPTIM4_IRQHandler
                0x0000000008001844                TIM8_TRG_COM_TIM14_IRQHandler
                0x0000000008001844                LPTIM2_IRQHandler
                0x0000000008001844                DFSDM1_FLT1_IRQHandler
                0x0000000008001844                DMAMUX2_OVR_IRQHandler
                0x0000000008001844                TIM8_UP_TIM13_IRQHandler
                0x0000000008001844                I2C3_ER_IRQHandler
                0x0000000008001844                DFSDM1_FLT2_IRQHandler
                0x0000000008001844                MDMA_IRQHandler
                0x0000000008001844                LPTIM3_IRQHandler
                0x0000000008001844                HSEM1_IRQHandler
                0x0000000008001844                EXTI0_IRQHandler
                0x0000000008001844                I2C2_EV_IRQHandler
                0x0000000008001844                DMA1_Stream2_IRQHandler
                0x0000000008001844                FPU_IRQHandler
                0x0000000008001844                OTG_HS_WKUP_IRQHandler
                0x0000000008001844                FDCAN1_IT1_IRQHandler
                0x0000000008001844                LTDC_ER_IRQHandler
                0x0000000008001844                DMA2_Stream2_IRQHandler
                0x0000000008001844                HRTIM1_TIME_IRQHandler
                0x0000000008001844                TIM6_DAC_IRQHandler
                0x0000000008001844                DCMI_IRQHandler
                0x0000000008001844                HRTIM1_TIMC_IRQHandler
                0x0000000008001844                DMA2_Stream3_IRQHandler
                0x0000000008001844                SAI2_IRQHandler
                0x0000000008001844                DFSDM1_FLT3_IRQHandler
                0x0000000008001844                USART6_IRQHandler
                0x0000000008001844                TIM17_IRQHandler
                0x0000000008001844                BDMA_Channel7_IRQHandler
                0x0000000008001844                LPTIM5_IRQHandler
                0x0000000008001844                UART5_IRQHandler
                0x0000000008001844                ADC3_IRQHandler
                0x0000000008001844                TIM4_IRQHandler
                0x0000000008001844                BDMA_Channel2_IRQHandler
                0x0000000008001844                QUADSPI_IRQHandler
                0x0000000008001844                I2C1_EV_IRQHandler
                0x0000000008001844                DMA1_Stream6_IRQHandler
                0x0000000008001844                DMAMUX1_OVR_IRQHandler
                0x0000000008001844                TIM16_IRQHandler
                0x0000000008001844                UART4_IRQHandler
                0x0000000008001844                BDMA_Channel5_IRQHandler
                0x0000000008001844                TIM3_IRQHandler
                0x0000000008001844                RCC_IRQHandler
                0x0000000008001844                TIM8_BRK_TIM12_IRQHandler
                0x0000000008001844                TIM1_TRG_COM_IRQHandler
                0x0000000008001844                Default_Handler
                0x0000000008001844                ECC_IRQHandler
                0x0000000008001844                CEC_IRQHandler
                0x0000000008001844                BDMA_Channel0_IRQHandler
                0x0000000008001844                ADC_IRQHandler
                0x0000000008001844                DMA1_Stream7_IRQHandler
                0x0000000008001844                HRTIM1_TIMA_IRQHandler
                0x0000000008001844                SPI5_IRQHandler
                0x0000000008001844                TIM7_IRQHandler
                0x0000000008001844                SDMMC1_IRQHandler
                0x0000000008001844                TIM5_IRQHandler
                0x0000000008001844                DMA2_Stream7_IRQHandler
                0x0000000008001844                TIM15_IRQHandler
                0x0000000008001844                PVD_AVD_IRQHandler
                0x0000000008001844                I2C3_EV_IRQHandler
                0x0000000008001844                EXTI9_5_IRQHandler
                0x0000000008001844                RTC_WKUP_IRQHandler
                0x0000000008001844                LTDC_IRQHandler
                0x0000000008001844                SAI3_IRQHandler
                0x0000000008001844                ETH_WKUP_IRQHandler
                0x0000000008001844                SPDIF_RX_IRQHandler
                0x0000000008001844                OTG_HS_EP1_IN_IRQHandler
                0x0000000008001844                CRS_IRQHandler
                0x0000000008001844                EXTI4_IRQHandler
                0x0000000008001844                RNG_IRQHandler
                0x0000000008001844                HRTIM1_TIMB_IRQHandler
                0x0000000008001844                FDCAN2_IT1_IRQHandler
                0x0000000008001844                ETH_IRQHandler
                0x0000000008001844                TIM1_UP_IRQHandler
                0x0000000008001844                BDMA_Channel4_IRQHandler
                0x0000000008001844                OTG_HS_EP1_OUT_IRQHandler
                0x0000000008001844                WWDG_IRQHandler
                0x0000000008001844                SPI6_IRQHandler
                0x0000000008001844                MDIOS_IRQHandler
                0x0000000008001844                I2C4_EV_IRQHandler
                0x0000000008001844                FDCAN2_IT0_IRQHandler
                0x0000000008001844                LPUART1_IRQHandler
                0x0000000008001844                FDCAN1_IT0_IRQHandler
                0x0000000008001844                TIM2_IRQHandler
                0x0000000008001844                OTG_FS_WKUP_IRQHandler
                0x0000000008001844                OTG_HS_IRQHandler
                0x0000000008001844                DMA2D_IRQHandler
                0x0000000008001844                TIM1_BRK_IRQHandler
                0x0000000008001844                EXTI1_IRQHandler
                0x0000000008001844                SDMMC2_IRQHandler
                0x0000000008001844                OTG_FS_EP1_OUT_IRQHandler
                0x0000000008001844                BDMA_Channel3_IRQHandler
                0x0000000008001844                UART7_IRQHandler
                0x0000000008001844                MDIOS_WKUP_IRQHandler
                0x0000000008001844                USART2_IRQHandler
                0x0000000008001844                DFSDM1_FLT0_IRQHandler
                0x0000000008001844                SAI4_IRQHandler
                0x0000000008001844                I2C2_ER_IRQHandler
                0x0000000008001844                FLASH_IRQHandler
                0x0000000008001844                DMA2_Stream4_IRQHandler
                0x0000000008001844                OTG_FS_IRQHandler
                0x0000000008001844                SPI3_IRQHandler
                0x0000000008001844                WAKEUP_PIN_IRQHandler
                0x0000000008001844                DMA1_Stream4_IRQHandler
                0x0000000008001844                OTG_FS_EP1_IN_IRQHandler
                0x0000000008001844                I2C1_ER_IRQHandler
                0x0000000008001844                FMC_IRQHandler
                0x0000000008001844                FDCAN_CAL_IRQHandler
                0x0000000008001844                SWPMI1_IRQHandler
                0x0000000008001844                COMP1_IRQHandler
                0x0000000008001844                LPTIM1_IRQHandler
                0x0000000008001844                I2C4_ER_IRQHandler
                0x0000000008001844                DMA2_Stream6_IRQHandler
                0x0000000008001844                SAI1_IRQHandler
                0x0000000008001844                DMA1_Stream3_IRQHandler
 *fill*         0x0000000008001846        0x2 
 .text.HAL_InitTick
                0x0000000008001848       0x4c ./Drivers/STM32H7xx_HAL_Driver/Src/stm32h7xx_hal.o
                0x0000000008001848                HAL_InitTick
 .text.HAL_Init
                0x0000000008001894       0x5c ./Drivers/STM32H7xx_HAL_Driver/Src/stm32h7xx_hal.o
                0x0000000008001894                HAL_Init
 .text.HAL_IncTick
                0x00000000080018f0       0x18 ./Drivers/STM32H7xx_HAL_Driver/Src/stm32h7xx_hal.o
                0x00000000080018f0                HAL_IncTick
 .text.HAL_GetTick
                0x0000000008001908        0xc ./Drivers/STM32H7xx_HAL_Driver/Src/stm32h7xx_hal.o
                0x0000000008001908                HAL_GetTick
 .text.HAL_Delay
                0x0000000008001914       0x28 ./Drivers/STM32H7xx_HAL_Driver/Src/stm32h7xx_hal.o
                0x0000000008001914                HAL_Delay
 .text.HAL_SuspendTick
                0x000000000800193c       0x10 ./Drivers/STM32H7xx_HAL_Driver/Src/stm32h7xx_hal.o
                0x000000000800193c                HAL_SuspendTick
 .text.HAL_GetREVID
                0x000000000800194c        0xc ./Drivers/STM32H7xx_HAL_Driver/Src/stm32h7xx_hal.o
                0x000000000800194c                HAL_GetREVID
 .text.HAL_EnableCompensationCell
                0x0000000008001958       0x10 ./Drivers/STM32H7xx_HAL_Driver/Src/stm32h7xx_hal.o
                0x0000000008001958                HAL_EnableCompensationCell
 .text.HAL_NVIC_SetPriorityGrouping
                0x0000000008001968       0x24 ./Drivers/STM32H7xx_HAL_Driver/Src/stm32h7xx_hal_cortex.o
                0x0000000008001968                HAL_NVIC_SetPriorityGrouping
 .text.HAL_NVIC_SetPriority
                0x000000000800198c       0x60 ./Drivers/STM32H7xx_HAL_Driver/Src/stm32h7xx_hal_cortex.o
                0x000000000800198c                HAL_NVIC_SetPriority
 .text.HAL_NVIC_EnableIRQ
                0x00000000080019ec       0x1c ./Drivers/STM32H7xx_HAL_Driver/Src/stm32h7xx_hal_cortex.o
                0x00000000080019ec                HAL_NVIC_EnableIRQ
 .text.HAL_NVIC_DisableIRQ
                0x0000000008001a08       0x28 ./Drivers/STM32H7xx_HAL_Driver/Src/stm32h7xx_hal_cortex.o
                0x0000000008001a08                HAL_NVIC_DisableIRQ
 .text.HAL_SYSTICK_Config
                0x0000000008001a30       0x2c ./Drivers/STM32H7xx_HAL_Driver/Src/stm32h7xx_hal_cortex.o
                0x0000000008001a30                HAL_SYSTICK_Config
 .text.DMA_SetConfig
                0x0000000008001a5c      0x264 ./Drivers/STM32H7xx_HAL_Driver/Src/stm32h7xx_hal_dma.o
 .text.DMA_CalcBaseAndBitshift
                0x0000000008001cc0       0xec ./Drivers/STM32H7xx_HAL_Driver/Src/stm32h7xx_hal_dma.o
 .text.DMA_CalcDMAMUXChannelBaseAndMask
                0x0000000008001dac       0xcc ./Drivers/STM32H7xx_HAL_Driver/Src/stm32h7xx_hal_dma.o
 .text.DMA_CalcDMAMUXRequestGenBaseAndMask
                0x0000000008001e78       0x98 ./Drivers/STM32H7xx_HAL_Driver/Src/stm32h7xx_hal_dma.o
 .text.HAL_DMA_Init
                0x0000000008001f10      0x450 ./Drivers/STM32H7xx_HAL_Driver/Src/stm32h7xx_hal_dma.o
                0x0000000008001f10                HAL_DMA_Init
 .text.HAL_DMA_Start
                0x0000000008002360      0x1c0 ./Drivers/STM32H7xx_HAL_Driver/Src/stm32h7xx_hal_dma.o
                0x0000000008002360                HAL_DMA_Start
 .text.HAL_DMA_Start_IT
                0x0000000008002520      0x3c0 ./Drivers/STM32H7xx_HAL_Driver/Src/stm32h7xx_hal_dma.o
                0x0000000008002520                HAL_DMA_Start_IT
 .text.HAL_DMA_Abort
                0x00000000080028e0      0x4b4 ./Drivers/STM32H7xx_HAL_Driver/Src/stm32h7xx_hal_dma.o
                0x00000000080028e0                HAL_DMA_Abort
 .text.HAL_DMA_Abort_IT
                0x0000000008002d94      0x2e8 ./Drivers/STM32H7xx_HAL_Driver/Src/stm32h7xx_hal_dma.o
                0x0000000008002d94                HAL_DMA_Abort_IT
 .text.HAL_DMA_IRQHandler
                0x000000000800307c      0x978 ./Drivers/STM32H7xx_HAL_Driver/Src/stm32h7xx_hal_dma.o
                0x000000000800307c                HAL_DMA_IRQHandler
 .text.HAL_EXTI_RegisterCallback
                0x00000000080039f4        0xe ./Drivers/STM32H7xx_HAL_Driver/Src/stm32h7xx_hal_exti.o
                0x00000000080039f4                HAL_EXTI_RegisterCallback
 .text.HAL_EXTI_GetHandle
                0x0000000008003a02        0xc ./Drivers/STM32H7xx_HAL_Driver/Src/stm32h7xx_hal_exti.o
                0x0000000008003a02                HAL_EXTI_GetHandle
 *fill*         0x0000000008003a0e        0x2 
 .text.HAL_GPIO_Init
                0x0000000008003a10      0x208 ./Drivers/STM32H7xx_HAL_Driver/Src/stm32h7xx_hal_gpio.o
                0x0000000008003a10                HAL_GPIO_Init
 .text.HAL_GPIO_WritePin
                0x0000000008003c18        0xc ./Drivers/STM32H7xx_HAL_Driver/Src/stm32h7xx_hal_gpio.o
                0x0000000008003c18                HAL_GPIO_WritePin
 .text.HAL_GPIO_TogglePin
                0x0000000008003c24       0x12 ./Drivers/STM32H7xx_HAL_Driver/Src/stm32h7xx_hal_gpio.o
                0x0000000008003c24                HAL_GPIO_TogglePin
 .text.HAL_GPIO_EXTI_IRQHandler
                0x0000000008003c36       0x1e ./Drivers/STM32H7xx_HAL_Driver/Src/stm32h7xx_hal_gpio.o
                0x0000000008003c36                HAL_GPIO_EXTI_IRQHandler
 .text.HAL_PWREx_ConfigSupply
                0x0000000008003c54       0x50 ./Drivers/STM32H7xx_HAL_Driver/Src/stm32h7xx_hal_pwr_ex.o
                0x0000000008003c54                HAL_PWREx_ConfigSupply
 .text.HAL_RCC_OscConfig
                0x0000000008003ca4      0x648 ./Drivers/STM32H7xx_HAL_Driver/Src/stm32h7xx_hal_rcc.o
                0x0000000008003ca4                HAL_RCC_OscConfig
 .text.HAL_RCC_GetSysClockFreq
                0x00000000080042ec      0x1f4 ./Drivers/STM32H7xx_HAL_Driver/Src/stm32h7xx_hal_rcc.o
                0x00000000080042ec                HAL_RCC_GetSysClockFreq
 .text.HAL_RCC_ClockConfig
                0x00000000080044e0      0x2a8 ./Drivers/STM32H7xx_HAL_Driver/Src/stm32h7xx_hal_rcc.o
                0x00000000080044e0                HAL_RCC_ClockConfig
 .text.HAL_RCC_GetHCLKFreq
                0x0000000008004788       0x44 ./Drivers/STM32H7xx_HAL_Driver/Src/stm32h7xx_hal_rcc.o
                0x0000000008004788                HAL_RCC_GetHCLKFreq
 .text.HAL_RCC_GetPCLK1Freq
                0x00000000080047cc       0x24 ./Drivers/STM32H7xx_HAL_Driver/Src/stm32h7xx_hal_rcc.o
                0x00000000080047cc                HAL_RCC_GetPCLK1Freq
 .text.HAL_RCC_GetPCLK2Freq
                0x00000000080047f0       0x24 ./Drivers/STM32H7xx_HAL_Driver/Src/stm32h7xx_hal_rcc.o
                0x00000000080047f0                HAL_RCC_GetPCLK2Freq
 .text.RCCEx_PLL2_Config
                0x0000000008004814      0x104 ./Drivers/STM32H7xx_HAL_Driver/Src/stm32h7xx_hal_rcc_ex.o
 .text.RCCEx_PLL3_Config
                0x0000000008004918      0x104 ./Drivers/STM32H7xx_HAL_Driver/Src/stm32h7xx_hal_rcc_ex.o
 .text.HAL_RCCEx_PeriphCLKConfig
                0x0000000008004a1c      0x9c8 ./Drivers/STM32H7xx_HAL_Driver/Src/stm32h7xx_hal_rcc_ex.o
                0x0000000008004a1c                HAL_RCCEx_PeriphCLKConfig
 .text.HAL_RCCEx_GetD3PCLK1Freq
                0x00000000080053e4       0x24 ./Drivers/STM32H7xx_HAL_Driver/Src/stm32h7xx_hal_rcc_ex.o
                0x00000000080053e4                HAL_RCCEx_GetD3PCLK1Freq
 .text.HAL_RCCEx_GetPLL2ClockFreq
                0x0000000008005408      0x1fc ./Drivers/STM32H7xx_HAL_Driver/Src/stm32h7xx_hal_rcc_ex.o
                0x0000000008005408                HAL_RCCEx_GetPLL2ClockFreq
 .text.HAL_RCCEx_GetPLL3ClockFreq
                0x0000000008005604      0x1fc ./Drivers/STM32H7xx_HAL_Driver/Src/stm32h7xx_hal_rcc_ex.o
                0x0000000008005604                HAL_RCCEx_GetPLL3ClockFreq
 .text.SPI_CloseTransfer
                0x0000000008005800       0xd0 ./Drivers/STM32H7xx_HAL_Driver/Src/stm32h7xx_hal_spi.o
 .text.HAL_SPI_Init
                0x00000000080058d0      0x15c ./Drivers/STM32H7xx_HAL_Driver/Src/stm32h7xx_hal_spi.o
                0x00000000080058d0                HAL_SPI_Init
 .text.HAL_SPI_TxCpltCallback
                0x0000000008005a2c        0x2 ./Drivers/STM32H7xx_HAL_Driver/Src/stm32h7xx_hal_spi.o
                0x0000000008005a2c                HAL_SPI_TxCpltCallback
 .text.HAL_SPI_RxCpltCallback
                0x0000000008005a2e        0x2 ./Drivers/STM32H7xx_HAL_Driver/Src/stm32h7xx_hal_spi.o
                0x0000000008005a2e                HAL_SPI_RxCpltCallback
 .text.HAL_SPI_TxRxCpltCallback
                0x0000000008005a30        0x2 ./Drivers/STM32H7xx_HAL_Driver/Src/stm32h7xx_hal_spi.o
                0x0000000008005a30                HAL_SPI_TxRxCpltCallback
 *fill*         0x0000000008005a32        0x2 
 .text.HAL_SPI_IRQHandler
                0x0000000008005a34      0x28c ./Drivers/STM32H7xx_HAL_Driver/Src/stm32h7xx_hal_spi.o
                0x0000000008005a34                HAL_SPI_IRQHandler
 .text.SPI_DMAAbortOnError
                0x0000000008005cc0       0x1a ./Drivers/STM32H7xx_HAL_Driver/Src/stm32h7xx_hal_spi.o
 *fill*         0x0000000008005cda        0x2 
 .text.UART_EndRxTransfer
                0x0000000008005cdc       0x38 ./Drivers/STM32H7xx_HAL_Driver/Src/stm32h7xx_hal_uart.o
 .text.HAL_UART_Transmit_DMA
                0x0000000008005d14       0xa8 ./Drivers/STM32H7xx_HAL_Driver/Src/stm32h7xx_hal_uart.o
                0x0000000008005d14                HAL_UART_Transmit_DMA
 .text.HAL_UART_TxCpltCallback
                0x0000000008005dbc        0x2 ./Drivers/STM32H7xx_HAL_Driver/Src/stm32h7xx_hal_uart.o
                0x0000000008005dbc                HAL_UART_TxCpltCallback
 .text.UART_DMATransmitCplt
                0x0000000008005dbe       0x30 ./Drivers/STM32H7xx_HAL_Driver/Src/stm32h7xx_hal_uart.o
 .text.HAL_UART_TxHalfCpltCallback
                0x0000000008005dee        0x2 ./Drivers/STM32H7xx_HAL_Driver/Src/stm32h7xx_hal_uart.o
                0x0000000008005dee                HAL_UART_TxHalfCpltCallback
 .text.UART_DMATxHalfCplt
                0x0000000008005df0        0xa ./Drivers/STM32H7xx_HAL_Driver/Src/stm32h7xx_hal_uart.o
 .text.UART_DMAError
                0x0000000008005dfa       0x6a ./Drivers/STM32H7xx_HAL_Driver/Src/stm32h7xx_hal_uart.o
 .text.UART_DMAAbortOnError
                0x0000000008005e64       0x14 ./Drivers/STM32H7xx_HAL_Driver/Src/stm32h7xx_hal_uart.o
 .text.HAL_UARTEx_RxEventCallback
                0x0000000008005e78        0x2 ./Drivers/STM32H7xx_HAL_Driver/Src/stm32h7xx_hal_uart.o
                0x0000000008005e78                HAL_UARTEx_RxEventCallback
 *fill*         0x0000000008005e7a        0x2 
 .text.HAL_UART_IRQHandler
                0x0000000008005e7c      0x398 ./Drivers/STM32H7xx_HAL_Driver/Src/stm32h7xx_hal_uart.o
                0x0000000008005e7c                HAL_UART_IRQHandler
 .text.UART_SetConfig
                0x0000000008006214      0x63c ./Drivers/STM32H7xx_HAL_Driver/Src/stm32h7xx_hal_uart.o
                0x0000000008006214                UART_SetConfig
 .text.UART_AdvFeatureConfig
                0x0000000008006850       0xca ./Drivers/STM32H7xx_HAL_Driver/Src/stm32h7xx_hal_uart.o
                0x0000000008006850                UART_AdvFeatureConfig
 .text.UART_WaitOnFlagUntilTimeout
                0x000000000800691a       0xb2 ./Drivers/STM32H7xx_HAL_Driver/Src/stm32h7xx_hal_uart.o
                0x000000000800691a                UART_WaitOnFlagUntilTimeout
 .text.UART_CheckIdleState
                0x00000000080069cc       0x74 ./Drivers/STM32H7xx_HAL_Driver/Src/stm32h7xx_hal_uart.o
                0x00000000080069cc                UART_CheckIdleState
 .text.HAL_UART_Init
                0x0000000008006a40       0x66 ./Drivers/STM32H7xx_HAL_Driver/Src/stm32h7xx_hal_uart.o
                0x0000000008006a40                HAL_UART_Init
 *fill*         0x0000000008006aa6        0x2 
 .text.UARTEx_SetNbDataToProcess
                0x0000000008006aa8       0x4c ./Drivers/STM32H7xx_HAL_Driver/Src/stm32h7xx_hal_uart_ex.o
 .text.HAL_UARTEx_WakeupCallback
                0x0000000008006af4        0x2 ./Drivers/STM32H7xx_HAL_Driver/Src/stm32h7xx_hal_uart_ex.o
                0x0000000008006af4                HAL_UARTEx_WakeupCallback
 .text.HAL_UARTEx_RxFifoFullCallback
                0x0000000008006af6        0x2 ./Drivers/STM32H7xx_HAL_Driver/Src/stm32h7xx_hal_uart_ex.o
                0x0000000008006af6                HAL_UARTEx_RxFifoFullCallback
 .text.HAL_UARTEx_TxFifoEmptyCallback
                0x0000000008006af8        0x2 ./Drivers/STM32H7xx_HAL_Driver/Src/stm32h7xx_hal_uart_ex.o
                0x0000000008006af8                HAL_UARTEx_TxFifoEmptyCallback
 .text.HAL_UARTEx_EnableFifoMode
                0x0000000008006afa       0x48 ./Drivers/STM32H7xx_HAL_Driver/Src/stm32h7xx_hal_uart_ex.o
                0x0000000008006afa                HAL_UARTEx_EnableFifoMode
 .text.HAL_UARTEx_SetTxFifoThreshold
                0x0000000008006b42       0x4a ./Drivers/STM32H7xx_HAL_Driver/Src/stm32h7xx_hal_uart_ex.o
                0x0000000008006b42                HAL_UARTEx_SetTxFifoThreshold
 .text.HAL_UARTEx_SetRxFifoThreshold
                0x0000000008006b8c       0x4a ./Drivers/STM32H7xx_HAL_Driver/Src/stm32h7xx_hal_uart_ex.o
                0x0000000008006b8c                HAL_UARTEx_SetRxFifoThreshold
 *fill*         0x0000000008006bd6        0x2 
 .text.__libc_init_array
                0x0000000008006bd8       0x48 c:/st/stm32cubeide_1.8.0/stm32cubeide/plugins/com.st.stm32cube.ide.mcu.externaltools.gnu-tools-for-stm32.9-2020-q2-update.win32_2.0.0.202105311346/tools/bin/../lib/gcc/arm-none-eabi/9.3.1/../../../../arm-none-eabi/lib/thumb/v7e-m+dp/hard\libc_nano.a(lib_a-init.o)
                0x0000000008006bd8                __libc_init_array
 .text.memset   0x0000000008006c20       0x10 c:/st/stm32cubeide_1.8.0/stm32cubeide/plugins/com.st.stm32cube.ide.mcu.externaltools.gnu-tools-for-stm32.9-2020-q2-update.win32_2.0.0.202105311346/tools/bin/../lib/gcc/arm-none-eabi/9.3.1/../../../../arm-none-eabi/lib/thumb/v7e-m+dp/hard\libc_nano.a(lib_a-memset.o)
                0x0000000008006c20                memset
 *(.glue_7)
 .glue_7        0x0000000008006c30        0x0 linker stubs
 *(.glue_7t)
 .glue_7t       0x0000000008006c30        0x0 linker stubs
 *(.eh_frame)
 .eh_frame      0x0000000008006c30        0x0 c:/st/stm32cubeide_1.8.0/stm32cubeide/plugins/com.st.stm32cube.ide.mcu.externaltools.gnu-tools-for-stm32.9-2020-q2-update.win32_2.0.0.202105311346/tools/bin/../lib/gcc/arm-none-eabi/9.3.1/thumb/v7e-m+dp/hard/crtbegin.o
 *(.init)
 .init          0x0000000008006c30        0x4 c:/st/stm32cubeide_1.8.0/stm32cubeide/plugins/com.st.stm32cube.ide.mcu.externaltools.gnu-tools-for-stm32.9-2020-q2-update.win32_2.0.0.202105311346/tools/bin/../lib/gcc/arm-none-eabi/9.3.1/thumb/v7e-m+dp/hard/crti.o
                0x0000000008006c30                _init
 .init          0x0000000008006c34        0x8 c:/st/stm32cubeide_1.8.0/stm32cubeide/plugins/com.st.stm32cube.ide.mcu.externaltools.gnu-tools-for-stm32.9-2020-q2-update.win32_2.0.0.202105311346/tools/bin/../lib/gcc/arm-none-eabi/9.3.1/thumb/v7e-m+dp/hard/crtn.o
 *(.fini)
 .fini          0x0000000008006c3c        0x4 c:/st/stm32cubeide_1.8.0/stm32cubeide/plugins/com.st.stm32cube.ide.mcu.externaltools.gnu-tools-for-stm32.9-2020-q2-update.win32_2.0.0.202105311346/tools/bin/../lib/gcc/arm-none-eabi/9.3.1/thumb/v7e-m+dp/hard/crti.o
                0x0000000008006c3c                _fini
 .fini          0x0000000008006c40        0x8 c:/st/stm32cubeide_1.8.0/stm32cubeide/plugins/com.st.stm32cube.ide.mcu.externaltools.gnu-tools-for-stm32.9-2020-q2-update.win32_2.0.0.202105311346/tools/bin/../lib/gcc/arm-none-eabi/9.3.1/thumb/v7e-m+dp/hard/crtn.o
                0x0000000008006c48                . = ALIGN (0x4)
                0x0000000008006c48                _etext = .

.vfp11_veneer   0x0000000008006c48        0x0
 .vfp11_veneer  0x0000000008006c48        0x0 linker stubs

.v4_bx          0x0000000008006c48        0x0
 .v4_bx         0x0000000008006c48        0x0 linker stubs

.iplt           0x0000000008006c48        0x0
 .iplt          0x0000000008006c48        0x0 c:/st/stm32cubeide_1.8.0/stm32cubeide/plugins/com.st.stm32cube.ide.mcu.externaltools.gnu-tools-for-stm32.9-2020-q2-update.win32_2.0.0.202105311346/tools/bin/../lib/gcc/arm-none-eabi/9.3.1/thumb/v7e-m+dp/hard/crtbegin.o

.rodata         0x0000000008006c48       0x54
                0x0000000008006c48                . = ALIGN (0x4)
 *(.rodata)
 *(.rodata*)
 .rodata.LED_PIN
                0x0000000008006c48        0x6 ./Core/Src/stm32h7xx_nucleo.o
 *fill*         0x0000000008006c4e        0x2 
 .rodata.LED_PORT
                0x0000000008006c50        0xc ./Core/Src/stm32h7xx_nucleo.o
 .rodata.D1CorePrescTable
                0x0000000008006c5c       0x10 ./Core/Src/system_stm32h7xx.o
                0x0000000008006c5c                D1CorePrescTable
 .rodata.flagBitshiftOffset.11333
                0x0000000008006c6c        0x8 ./Drivers/STM32H7xx_HAL_Driver/Src/stm32h7xx_hal_dma.o
 .rodata.UARTPrescTable
                0x0000000008006c74       0x18 ./Drivers/STM32H7xx_HAL_Driver/Src/stm32h7xx_hal_uart.o
                0x0000000008006c74                UARTPrescTable
 .rodata.denominator.11289
                0x0000000008006c8c        0x8 ./Drivers/STM32H7xx_HAL_Driver/Src/stm32h7xx_hal_uart_ex.o
 .rodata.numerator.11288
                0x0000000008006c94        0x8 ./Drivers/STM32H7xx_HAL_Driver/Src/stm32h7xx_hal_uart_ex.o
                0x0000000008006c9c                . = ALIGN (0x4)

.ARM.extab
 *(.ARM.extab* .gnu.linkonce.armextab.*)

.ARM            0x0000000008006c9c        0x8
                0x0000000008006c9c                __exidx_start = .
 *(.ARM.exidx*)
 .ARM.exidx     0x0000000008006c9c        0x8 c:/st/stm32cubeide_1.8.0/stm32cubeide/plugins/com.st.stm32cube.ide.mcu.externaltools.gnu-tools-for-stm32.9-2020-q2-update.win32_2.0.0.202105311346/tools/bin/../lib/gcc/arm-none-eabi/9.3.1/thumb/v7e-m+dp/hard\libgcc.a(_udivmoddi4.o)
                0x0000000008006ca4                __exidx_end = .

.rel.dyn        0x0000000008006ca4        0x0
 .rel.iplt      0x0000000008006ca4        0x0 c:/st/stm32cubeide_1.8.0/stm32cubeide/plugins/com.st.stm32cube.ide.mcu.externaltools.gnu-tools-for-stm32.9-2020-q2-update.win32_2.0.0.202105311346/tools/bin/../lib/gcc/arm-none-eabi/9.3.1/thumb/v7e-m+dp/hard/crtbegin.o

.preinit_array  0x0000000008006ca4        0x0
                0x0000000008006ca4                PROVIDE (__preinit_array_start = .)
 *(.preinit_array*)
                0x0000000008006ca4                PROVIDE (__preinit_array_end = .)

.init_array     0x0000000008006ca4        0x4
                0x0000000008006ca4                PROVIDE (__init_array_start = .)
 *(SORT_BY_NAME(.init_array.*))
 *(.init_array*)
 .init_array    0x0000000008006ca4        0x4 c:/st/stm32cubeide_1.8.0/stm32cubeide/plugins/com.st.stm32cube.ide.mcu.externaltools.gnu-tools-for-stm32.9-2020-q2-update.win32_2.0.0.202105311346/tools/bin/../lib/gcc/arm-none-eabi/9.3.1/thumb/v7e-m+dp/hard/crtbegin.o
                0x0000000008006ca8                PROVIDE (__init_array_end = .)

.fini_array     0x0000000008006ca8        0x4
                [!provide]                        PROVIDE (__fini_array_start = .)
 *(SORT_BY_NAME(.fini_array.*))
 *(.fini_array*)
 .fini_array    0x0000000008006ca8        0x4 c:/st/stm32cubeide_1.8.0/stm32cubeide/plugins/com.st.stm32cube.ide.mcu.externaltools.gnu-tools-for-stm32.9-2020-q2-update.win32_2.0.0.202105311346/tools/bin/../lib/gcc/arm-none-eabi/9.3.1/thumb/v7e-m+dp/hard/crtbegin.o
                [!provide]                        PROVIDE (__fini_array_end = .)
                0x0000000008006cac                _sidata = LOADADDR (.data)

.data           0x0000000024000000       0x10 load address 0x0000000008006cac
                0x0000000024000000                . = ALIGN (0x4)
                0x0000000024000000                _sdata = .
 *(.data)
 *(.data*)
 .data.SystemCoreClock
                0x0000000024000000        0x4 ./Core/Src/system_stm32h7xx.o
                0x0000000024000000                SystemCoreClock
 .data.SystemD2Clock
                0x0000000024000004        0x4 ./Core/Src/system_stm32h7xx.o
                0x0000000024000004                SystemD2Clock
 .data.uwTickFreq
                0x0000000024000008        0x1 ./Drivers/STM32H7xx_HAL_Driver/Src/stm32h7xx_hal.o
                0x0000000024000008                uwTickFreq
 *fill*         0x0000000024000009        0x3 
 .data.uwTickPrio
                0x000000002400000c        0x4 ./Drivers/STM32H7xx_HAL_Driver/Src/stm32h7xx_hal.o
                0x000000002400000c                uwTickPrio
 *(.RamFunc)
 *(.RamFunc*)
                0x0000000024000010                . = ALIGN (0x4)
                0x0000000024000010                _edata = .

.igot.plt       0x0000000024000010        0x0 load address 0x0000000008006cbc
 .igot.plt      0x0000000024000010        0x0 c:/st/stm32cubeide_1.8.0/stm32cubeide/plugins/com.st.stm32cube.ide.mcu.externaltools.gnu-tools-for-stm32.9-2020-q2-update.win32_2.0.0.202105311346/tools/bin/../lib/gcc/arm-none-eabi/9.3.1/thumb/v7e-m+dp/hard/crtbegin.o
                0x0000000024000010                . = ALIGN (0x4)

.bss            0x0000000024000020     0x9d18 load address 0x0000000008006cbc
                0x0000000024000020                _sbss = .
                0x0000000024000020                __bss_start__ = _sbss
 *(.bss)
 .bss           0x0000000024000020       0x1c c:/st/stm32cubeide_1.8.0/stm32cubeide/plugins/com.st.stm32cube.ide.mcu.externaltools.gnu-tools-for-stm32.9-2020-q2-update.win32_2.0.0.202105311346/tools/bin/../lib/gcc/arm-none-eabi/9.3.1/thumb/v7e-m+dp/hard/crtbegin.o
 *(.bss*)
 .bss.UserButtonStatus
                0x000000002400003c        0x4 ./Core/Src/main.o
                0x000000002400003c                UserButtonStatus
 .bss.aRxBuffer
                0x0000000024000040     0x3014 ./Core/Src/main.o
                0x0000000024000040                aRxBuffer
 *fill*         0x0000000024003054        0xc 
 .bss.aTxBuffer
                0x0000000024003060      0x800 ./Core/Src/main.o
                0x0000000024003060                aTxBuffer
 .bss.wTransferState
                0x0000000024003860        0x4 ./Core/Src/main.o
                0x0000000024003860                wTransferState
 .bss.yi        0x0000000024003864     0x6028 ./Core/Src/main.o
                0x0000000024003864                yi
 *(COMMON)
 COMMON         0x000000002400988c      0x410 ./Core/Src/main.o
                0x000000002400988c                hspi2
                0x0000000024009914                huart3
                0x00000000240099a4                hdma_spi2_rx
                0x0000000024009a1c                hdma_usart3_tx
                0x0000000024009a94                hdma_usart1_tx
                0x0000000024009b0c                huart1
                0x0000000024009b9c                hspi1
                0x0000000024009c24                hdma_spi1_rx
 COMMON         0x0000000024009c9c       0x98 ./Core/Src/stm32h7xx_nucleo.o
                0x0000000024009c9c                hpb_exti
                0x0000000024009ca4                hcom_uart
 COMMON         0x0000000024009d34        0x4 ./Drivers/STM32H7xx_HAL_Driver/Src/stm32h7xx_hal.o
                0x0000000024009d34                uwTick
                0x0000000024009d38                . = ALIGN (0x4)
                0x0000000024009d38                _ebss = .
                0x0000000024009d38                __bss_end__ = _ebss

._user_heap_stack
                0x0000000024009d38      0x600 load address 0x0000000008006cbc
                0x0000000024009d38                . = ALIGN (0x8)
                [!provide]                        PROVIDE (end = .)
                0x0000000024009d38                PROVIDE (_end = .)
                0x0000000024009f38                . = (. + _Min_Heap_Size)
 *fill*         0x0000000024009d38      0x200 
                0x000000002400a338                . = (. + _Min_Stack_Size)
 *fill*         0x0000000024009f38      0x400 
                0x000000002400a338                . = ALIGN (0x8)

/DISCARD/
 libc.a(*)
 libm.a(*)
 libgcc.a(*)

.ARM.attributes
                0x0000000000000000       0x2e
 *(.ARM.attributes)
 .ARM.attributes
                0x0000000000000000       0x1e c:/st/stm32cubeide_1.8.0/stm32cubeide/plugins/com.st.stm32cube.ide.mcu.externaltools.gnu-tools-for-stm32.9-2020-q2-update.win32_2.0.0.202105311346/tools/bin/../lib/gcc/arm-none-eabi/9.3.1/thumb/v7e-m+dp/hard/crti.o
 .ARM.attributes
                0x000000000000001e       0x32 c:/st/stm32cubeide_1.8.0/stm32cubeide/plugins/com.st.stm32cube.ide.mcu.externaltools.gnu-tools-for-stm32.9-2020-q2-update.win32_2.0.0.202105311346/tools/bin/../lib/gcc/arm-none-eabi/9.3.1/thumb/v7e-m+dp/hard/crtbegin.o
 .ARM.attributes
                0x0000000000000050       0x32 ./Core/Src/main.o
 .ARM.attributes
                0x0000000000000082       0x32 ./Core/Src/stm32h7xx_hal_msp.o
 .ARM.attributes
                0x00000000000000b4       0x32 ./Core/Src/stm32h7xx_it.o
 .ARM.attributes
                0x00000000000000e6       0x32 ./Core/Src/stm32h7xx_nucleo.o
 .ARM.attributes
                0x0000000000000118       0x32 ./Core/Src/system_stm32h7xx.o
 .ARM.attributes
                0x000000000000014a       0x21 ./Core/Startup/startup_stm32h743zitx.o
 .ARM.attributes
                0x000000000000016b       0x32 ./Drivers/STM32H7xx_HAL_Driver/Src/stm32h7xx_hal.o
 .ARM.attributes
                0x000000000000019d       0x32 ./Drivers/STM32H7xx_HAL_Driver/Src/stm32h7xx_hal_cortex.o
 .ARM.attributes
                0x00000000000001cf       0x32 ./Drivers/STM32H7xx_HAL_Driver/Src/stm32h7xx_hal_dma.o
 .ARM.attributes
                0x0000000000000201       0x32 ./Drivers/STM32H7xx_HAL_Driver/Src/stm32h7xx_hal_exti.o
 .ARM.attributes
                0x0000000000000233       0x32 ./Drivers/STM32H7xx_HAL_Driver/Src/stm32h7xx_hal_gpio.o
 .ARM.attributes
                0x0000000000000265       0x32 ./Drivers/STM32H7xx_HAL_Driver/Src/stm32h7xx_hal_pwr_ex.o
 .ARM.attributes
                0x0000000000000297       0x32 ./Drivers/STM32H7xx_HAL_Driver/Src/stm32h7xx_hal_rcc.o
 .ARM.attributes
                0x00000000000002c9       0x32 ./Drivers/STM32H7xx_HAL_Driver/Src/stm32h7xx_hal_rcc_ex.o
 .ARM.attributes
                0x00000000000002fb       0x32 ./Drivers/STM32H7xx_HAL_Driver/Src/stm32h7xx_hal_spi.o
 .ARM.attributes
                0x000000000000032d       0x32 ./Drivers/STM32H7xx_HAL_Driver/Src/stm32h7xx_hal_uart.o
 .ARM.attributes
                0x000000000000035f       0x32 ./Drivers/STM32H7xx_HAL_Driver/Src/stm32h7xx_hal_uart_ex.o
 .ARM.attributes
                0x0000000000000391       0x32 c:/st/stm32cubeide_1.8.0/stm32cubeide/plugins/com.st.stm32cube.ide.mcu.externaltools.gnu-tools-for-stm32.9-2020-q2-update.win32_2.0.0.202105311346/tools/bin/../lib/gcc/arm-none-eabi/9.3.1/../../../../arm-none-eabi/lib/thumb/v7e-m+dp/hard\libc_nano.a(lib_a-init.o)
 .ARM.attributes
                0x00000000000003c3       0x32 c:/st/stm32cubeide_1.8.0/stm32cubeide/plugins/com.st.stm32cube.ide.mcu.externaltools.gnu-tools-for-stm32.9-2020-q2-update.win32_2.0.0.202105311346/tools/bin/../lib/gcc/arm-none-eabi/9.3.1/../../../../arm-none-eabi/lib/thumb/v7e-m+dp/hard\libc_nano.a(lib_a-memset.o)
 .ARM.attributes
                0x00000000000003f5       0x1e c:/st/stm32cubeide_1.8.0/stm32cubeide/plugins/com.st.stm32cube.ide.mcu.externaltools.gnu-tools-for-stm32.9-2020-q2-update.win32_2.0.0.202105311346/tools/bin/../lib/gcc/arm-none-eabi/9.3.1/thumb/v7e-m+dp/hard\libgcc.a(_aeabi_uldivmod.o)
 .ARM.attributes
                0x0000000000000413       0x32 c:/st/stm32cubeide_1.8.0/stm32cubeide/plugins/com.st.stm32cube.ide.mcu.externaltools.gnu-tools-for-stm32.9-2020-q2-update.win32_2.0.0.202105311346/tools/bin/../lib/gcc/arm-none-eabi/9.3.1/thumb/v7e-m+dp/hard\libgcc.a(_udivmoddi4.o)
 .ARM.attributes
                0x0000000000000445       0x1e c:/st/stm32cubeide_1.8.0/stm32cubeide/plugins/com.st.stm32cube.ide.mcu.externaltools.gnu-tools-for-stm32.9-2020-q2-update.win32_2.0.0.202105311346/tools/bin/../lib/gcc/arm-none-eabi/9.3.1/thumb/v7e-m+dp/hard\libgcc.a(_dvmd_tls.o)
 .ARM.attributes
                0x0000000000000463       0x1e c:/st/stm32cubeide_1.8.0/stm32cubeide/plugins/com.st.stm32cube.ide.mcu.externaltools.gnu-tools-for-stm32.9-2020-q2-update.win32_2.0.0.202105311346/tools/bin/../lib/gcc/arm-none-eabi/9.3.1/thumb/v7e-m+dp/hard/crtn.o
OUTPUT(UART_test2.elf elf32-littlearm)
LOAD linker stubs
LOAD c:/st/stm32cubeide_1.8.0/stm32cubeide/plugins/com.st.stm32cube.ide.mcu.externaltools.gnu-tools-for-stm32.9-2020-q2-update.win32_2.0.0.202105311346/tools/bin/../lib/gcc/arm-none-eabi/9.3.1/../../../../arm-none-eabi/lib/thumb/v7e-m+dp/hard\libc.a
LOAD c:/st/stm32cubeide_1.8.0/stm32cubeide/plugins/com.st.stm32cube.ide.mcu.externaltools.gnu-tools-for-stm32.9-2020-q2-update.win32_2.0.0.202105311346/tools/bin/../lib/gcc/arm-none-eabi/9.3.1/../../../../arm-none-eabi/lib/thumb/v7e-m+dp/hard\libm.a
LOAD c:/st/stm32cubeide_1.8.0/stm32cubeide/plugins/com.st.stm32cube.ide.mcu.externaltools.gnu-tools-for-stm32.9-2020-q2-update.win32_2.0.0.202105311346/tools/bin/../lib/gcc/arm-none-eabi/9.3.1/thumb/v7e-m+dp/hard\libgcc.a

.comment        0x0000000000000000       0x53
 .comment       0x0000000000000000       0x53 ./Core/Src/main.o
                                         0x54 (size before relaxing)
 .comment       0x0000000000000053       0x54 ./Core/Src/stm32h7xx_hal_msp.o
 .comment       0x0000000000000053       0x54 ./Core/Src/stm32h7xx_it.o
 .comment       0x0000000000000053       0x54 ./Core/Src/stm32h7xx_nucleo.o
 .comment       0x0000000000000053       0x54 ./Core/Src/system_stm32h7xx.o
 .comment       0x0000000000000053       0x54 ./Drivers/STM32H7xx_HAL_Driver/Src/stm32h7xx_hal.o
 .comment       0x0000000000000053       0x54 ./Drivers/STM32H7xx_HAL_Driver/Src/stm32h7xx_hal_cortex.o
 .comment       0x0000000000000053       0x54 ./Drivers/STM32H7xx_HAL_Driver/Src/stm32h7xx_hal_dma.o
 .comment       0x0000000000000053       0x54 ./Drivers/STM32H7xx_HAL_Driver/Src/stm32h7xx_hal_exti.o
 .comment       0x0000000000000053       0x54 ./Drivers/STM32H7xx_HAL_Driver/Src/stm32h7xx_hal_gpio.o
 .comment       0x0000000000000053       0x54 ./Drivers/STM32H7xx_HAL_Driver/Src/stm32h7xx_hal_pwr_ex.o
 .comment       0x0000000000000053       0x54 ./Drivers/STM32H7xx_HAL_Driver/Src/stm32h7xx_hal_rcc.o
 .comment       0x0000000000000053       0x54 ./Drivers/STM32H7xx_HAL_Driver/Src/stm32h7xx_hal_rcc_ex.o
 .comment       0x0000000000000053       0x54 ./Drivers/STM32H7xx_HAL_Driver/Src/stm32h7xx_hal_spi.o
 .comment       0x0000000000000053       0x54 ./Drivers/STM32H7xx_HAL_Driver/Src/stm32h7xx_hal_uart.o
 .comment       0x0000000000000053       0x54 ./Drivers/STM32H7xx_HAL_Driver/Src/stm32h7xx_hal_uart_ex.o

.debug_frame    0x0000000000000000       0xac
 .debug_frame   0x0000000000000000       0x2c c:/st/stm32cubeide_1.8.0/stm32cubeide/plugins/com.st.stm32cube.ide.mcu.externaltools.gnu-tools-for-stm32.9-2020-q2-update.win32_2.0.0.202105311346/tools/bin/../lib/gcc/arm-none-eabi/9.3.1/../../../../arm-none-eabi/lib/thumb/v7e-m+dp/hard\libc_nano.a(lib_a-init.o)
 .debug_frame   0x000000000000002c       0x20 c:/st/stm32cubeide_1.8.0/stm32cubeide/plugins/com.st.stm32cube.ide.mcu.externaltools.gnu-tools-for-stm32.9-2020-q2-update.win32_2.0.0.202105311346/tools/bin/../lib/gcc/arm-none-eabi/9.3.1/../../../../arm-none-eabi/lib/thumb/v7e-m+dp/hard\libc_nano.a(lib_a-memset.o)
 .debug_frame   0x000000000000004c       0x2c c:/st/stm32cubeide_1.8.0/stm32cubeide/plugins/com.st.stm32cube.ide.mcu.externaltools.gnu-tools-for-stm32.9-2020-q2-update.win32_2.0.0.202105311346/tools/bin/../lib/gcc/arm-none-eabi/9.3.1/thumb/v7e-m+dp/hard\libgcc.a(_aeabi_uldivmod.o)
 .debug_frame   0x0000000000000078       0x34 c:/st/stm32cubeide_1.8.0/stm32cubeide/plugins/com.st.stm32cube.ide.mcu.externaltools.gnu-tools-for-stm32.9-2020-q2-update.win32_2.0.0.202105311346/tools/bin/../lib/gcc/arm-none-eabi/9.3.1/thumb/v7e-m+dp/hard\libgcc.a(_udivmoddi4.o)
