main.c:90:5:main	32	static,ignoring_inline_asm
main.c:377:6:SystemClock_Config	120	static
main.c:432:13:MX_SPI1_Init	8	static
main.c:490:13:MX_SPI2_Init	8	static
main.c:548:13:MX_USART1_UART_Init	8	static
main.c:597:13:MX_USART3_UART_Init	8	static
main.c:644:13:MX_DMA_Init	16	static
main.c:672:13:MX_GPIO_Init	64	static
main.c:740:6:HAL_GPIO_EXTI_Callback	16	static
main.c:747:6:tx_h_complete	16	static
main.c:758:6:HAL_SPI_ErrorCallback	16	static
main.c:763:6:HAL_UART_ErrorCallback	16	static
main.c:772:6:Error_Handler	8	static,ignoring_inline_asm
