Archive member included to satisfy reference by file (symbol)

c:/st/stm32cubeide_1.8.0/stm32cubeide/plugins/com.st.stm32cube.ide.mcu.externaltools.gnu-tools-for-stm32.9-2020-q2-update.win32_2.0.0.202105311346/tools/bin/../lib/gcc/arm-none-eabi/9.3.1/../../../../arm-none-eabi/lib/thumb/v7e-m+dp/hard\libc_nano.a(lib_a-errno.o)
                              ./Core/Src/syscalls.o (__errno)
c:/st/stm32cubeide_1.8.0/stm32cubeide/plugins/com.st.stm32cube.ide.mcu.externaltools.gnu-tools-for-stm32.9-2020-q2-update.win32_2.0.0.202105311346/tools/bin/../lib/gcc/arm-none-eabi/9.3.1/../../../../arm-none-eabi/lib/thumb/v7e-m+dp/hard\libc_nano.a(lib_a-exit.o)
                              c:/st/stm32cubeide_1.8.0/stm32cubeide/plugins/com.st.stm32cube.ide.mcu.externaltools.gnu-tools-for-stm32.9-2020-q2-update.win32_2.0.0.202105311346/tools/bin/../lib/gcc/arm-none-eabi/9.3.1/../../../../arm-none-eabi/lib/thumb/v7e-m+dp/hard/crt0.o (exit)
c:/st/stm32cubeide_1.8.0/stm32cubeide/plugins/com.st.stm32cube.ide.mcu.externaltools.gnu-tools-for-stm32.9-2020-q2-update.win32_2.0.0.202105311346/tools/bin/../lib/gcc/arm-none-eabi/9.3.1/../../../../arm-none-eabi/lib/thumb/v7e-m+dp/hard\libc_nano.a(lib_a-impure.o)
                              c:/st/stm32cubeide_1.8.0/stm32cubeide/plugins/com.st.stm32cube.ide.mcu.externaltools.gnu-tools-for-stm32.9-2020-q2-update.win32_2.0.0.202105311346/tools/bin/../lib/gcc/arm-none-eabi/9.3.1/../../../../arm-none-eabi/lib/thumb/v7e-m+dp/hard\libc_nano.a(lib_a-exit.o) (_global_impure_ptr)
c:/st/stm32cubeide_1.8.0/stm32cubeide/plugins/com.st.stm32cube.ide.mcu.externaltools.gnu-tools-for-stm32.9-2020-q2-update.win32_2.0.0.202105311346/tools/bin/../lib/gcc/arm-none-eabi/9.3.1/../../../../arm-none-eabi/lib/thumb/v7e-m+dp/hard\libc_nano.a(lib_a-init.o)
                              c:/st/stm32cubeide_1.8.0/stm32cubeide/plugins/com.st.stm32cube.ide.mcu.externaltools.gnu-tools-for-stm32.9-2020-q2-update.win32_2.0.0.202105311346/tools/bin/../lib/gcc/arm-none-eabi/9.3.1/../../../../arm-none-eabi/lib/thumb/v7e-m+dp/hard/crt0.o (__libc_init_array)
c:/st/stm32cubeide_1.8.0/stm32cubeide/plugins/com.st.stm32cube.ide.mcu.externaltools.gnu-tools-for-stm32.9-2020-q2-update.win32_2.0.0.202105311346/tools/bin/../lib/gcc/arm-none-eabi/9.3.1/../../../../arm-none-eabi/lib/thumb/v7e-m+dp/hard\libc_nano.a(lib_a-memset.o)
                              c:/st/stm32cubeide_1.8.0/stm32cubeide/plugins/com.st.stm32cube.ide.mcu.externaltools.gnu-tools-for-stm32.9-2020-q2-update.win32_2.0.0.202105311346/tools/bin/../lib/gcc/arm-none-eabi/9.3.1/../../../../arm-none-eabi/lib/thumb/v7e-m+dp/hard/crt0.o (memset)
c:/st/stm32cubeide_1.8.0/stm32cubeide/plugins/com.st.stm32cube.ide.mcu.externaltools.gnu-tools-for-stm32.9-2020-q2-update.win32_2.0.0.202105311346/tools/bin/../lib/gcc/arm-none-eabi/9.3.1/thumb/v7e-m+dp/hard\libgcc.a(_aeabi_uldivmod.o)
                              ./Drivers/STM32H7xx_HAL_Driver/Src/stm32h7xx_hal_uart.o (__aeabi_uldivmod)
c:/st/stm32cubeide_1.8.0/stm32cubeide/plugins/com.st.stm32cube.ide.mcu.externaltools.gnu-tools-for-stm32.9-2020-q2-update.win32_2.0.0.202105311346/tools/bin/../lib/gcc/arm-none-eabi/9.3.1/thumb/v7e-m+dp/hard\libgcc.a(_udivmoddi4.o)
                              c:/st/stm32cubeide_1.8.0/stm32cubeide/plugins/com.st.stm32cube.ide.mcu.externaltools.gnu-tools-for-stm32.9-2020-q2-update.win32_2.0.0.202105311346/tools/bin/../lib/gcc/arm-none-eabi/9.3.1/thumb/v7e-m+dp/hard\libgcc.a(_aeabi_uldivmod.o) (__udivmoddi4)
c:/st/stm32cubeide_1.8.0/stm32cubeide/plugins/com.st.stm32cube.ide.mcu.externaltools.gnu-tools-for-stm32.9-2020-q2-update.win32_2.0.0.202105311346/tools/bin/../lib/gcc/arm-none-eabi/9.3.1/thumb/v7e-m+dp/hard\libgcc.a(_dvmd_tls.o)
                              c:/st/stm32cubeide_1.8.0/stm32cubeide/plugins/com.st.stm32cube.ide.mcu.externaltools.gnu-tools-for-stm32.9-2020-q2-update.win32_2.0.0.202105311346/tools/bin/../lib/gcc/arm-none-eabi/9.3.1/thumb/v7e-m+dp/hard\libgcc.a(_aeabi_uldivmod.o) (__aeabi_ldiv0)

Allocating common symbols
Common symbol       size              file

hspi2               0x88              ./Core/Src/main.o
huart3              0x90              ./Core/Src/main.o
hpcd_USB_OTG_FS     0x408             ./Core/Src/main.o
uwTick              0x4               ./Drivers/STM32H7xx_HAL_Driver/Src/stm32h7xx_hal.o
hdma_usart3_tx      0x78              ./Core/Src/main.o
pFlash              0x1c              ./Drivers/STM32H7xx_HAL_Driver/Src/stm32h7xx_hal_flash.o
hpb_exti            0x8               ./Core/Src/stm32h7xx_nucleo.o
hdma_usart1_tx      0x78              ./Core/Src/main.o
huart1              0x90              ./Core/Src/main.o
hspi1               0x88              ./Core/Src/main.o
hcom_uart           0x90              ./Core/Src/stm32h7xx_nucleo.o
hdma_spi1_rx        0x78              ./Core/Src/main.o

Discarded input sections

[...]
Memory Configuration

Name             Origin             Length             Attributes
FLASH            0x0000000008000000 0x0000000000200000 xr
DTCMRAM          0x0000000020000000 0x0000000000020000 xrw
RAM_D1           0x0000000024000000 0x0000000000080000 xrw
RAM_D2           0x0000000030000000 0x0000000000048000 xrw
RAM_D3           0x0000000038000000 0x0000000000010000 xrw
ITCMRAM          0x0000000000000000 0x0000000000010000 xrw
*default*        0x0000000000000000 0xffffffffffffffff

Linker script and memory map

LOAD c:/st/stm32cubeide_1.8.0/stm32cubeide/plugins/com.st.stm32cube.ide.mcu.externaltools.gnu-tools-for-stm32.9-2020-q2-update.win32_2.0.0.202105311346/tools/bin/../lib/gcc/arm-none-eabi/9.3.1/thumb/v7e-m+dp/hard/crti.o
LOAD c:/st/stm32cubeide_1.8.0/stm32cubeide/plugins/com.st.stm32cube.ide.mcu.externaltools.gnu-tools-for-stm32.9-2020-q2-update.win32_2.0.0.202105311346/tools/bin/../lib/gcc/arm-none-eabi/9.3.1/thumb/v7e-m+dp/hard/crtbegin.o
LOAD c:/st/stm32cubeide_1.8.0/stm32cubeide/plugins/com.st.stm32cube.ide.mcu.externaltools.gnu-tools-for-stm32.9-2020-q2-update.win32_2.0.0.202105311346/tools/bin/../lib/gcc/arm-none-eabi/9.3.1/../../../../arm-none-eabi/lib/thumb/v7e-m+dp/hard/crt0.o
LOAD ./Core/Src/main.o
LOAD ./Core/Src/stm32h7xx_hal_msp.o
LOAD ./Core/Src/stm32h7xx_it.o
LOAD ./Core/Src/stm32h7xx_nucleo.o
LOAD ./Core/Src/syscalls.o
LOAD ./Core/Src/sysmem.o
LOAD ./Core/Src/system_stm32h7xx.o
LOAD ./Core/Startup/startup_stm32h743zitx.o
LOAD ./Drivers/STM32H7xx_HAL_Driver/Src/stm32h7xx_hal.o
LOAD ./Drivers/STM32H7xx_HAL_Driver/Src/stm32h7xx_hal_cortex.o
LOAD ./Drivers/STM32H7xx_HAL_Driver/Src/stm32h7xx_hal_dma.o
LOAD ./Drivers/STM32H7xx_HAL_Driver/Src/stm32h7xx_hal_dma_ex.o
LOAD ./Drivers/STM32H7xx_HAL_Driver/Src/stm32h7xx_hal_eth.o
LOAD ./Drivers/STM32H7xx_HAL_Driver/Src/stm32h7xx_hal_eth_ex.o
LOAD ./Drivers/STM32H7xx_HAL_Driver/Src/stm32h7xx_hal_exti.o
LOAD ./Drivers/STM32H7xx_HAL_Driver/Src/stm32h7xx_hal_flash.o
LOAD ./Drivers/STM32H7xx_HAL_Driver/Src/stm32h7xx_hal_flash_ex.o
LOAD ./Drivers/STM32H7xx_HAL_Driver/Src/stm32h7xx_hal_gpio.o
LOAD ./Drivers/STM32H7xx_HAL_Driver/Src/stm32h7xx_hal_hsem.o
LOAD ./Drivers/STM32H7xx_HAL_Driver/Src/stm32h7xx_hal_i2c.o
LOAD ./Drivers/STM32H7xx_HAL_Driver/Src/stm32h7xx_hal_i2c_ex.o
LOAD ./Drivers/STM32H7xx_HAL_Driver/Src/stm32h7xx_hal_mdma.o
LOAD ./Drivers/STM32H7xx_HAL_Driver/Src/stm32h7xx_hal_pcd.o
LOAD ./Drivers/STM32H7xx_HAL_Driver/Src/stm32h7xx_hal_pcd_ex.o
LOAD ./Drivers/STM32H7xx_HAL_Driver/Src/stm32h7xx_hal_pwr.o
LOAD ./Drivers/STM32H7xx_HAL_Driver/Src/stm32h7xx_hal_pwr_ex.o
LOAD ./Drivers/STM32H7xx_HAL_Driver/Src/stm32h7xx_hal_rcc.o
LOAD ./Drivers/STM32H7xx_HAL_Driver/Src/stm32h7xx_hal_rcc_ex.o
LOAD ./Drivers/STM32H7xx_HAL_Driver/Src/stm32h7xx_hal_spi.o
LOAD ./Drivers/STM32H7xx_HAL_Driver/Src/stm32h7xx_hal_spi_ex.o
LOAD ./Drivers/STM32H7xx_HAL_Driver/Src/stm32h7xx_hal_tim.o
LOAD ./Drivers/STM32H7xx_HAL_Driver/Src/stm32h7xx_hal_tim_ex.o
LOAD ./Drivers/STM32H7xx_HAL_Driver/Src/stm32h7xx_hal_uart.o
LOAD ./Drivers/STM32H7xx_HAL_Driver/Src/stm32h7xx_hal_uart_ex.o
LOAD ./Drivers/STM32H7xx_HAL_Driver/Src/stm32h7xx_ll_usb.o
START GROUP
LOAD c:/st/stm32cubeide_1.8.0/stm32cubeide/plugins/com.st.stm32cube.ide.mcu.externaltools.gnu-tools-for-stm32.9-2020-q2-update.win32_2.0.0.202105311346/tools/bin/../lib/gcc/arm-none-eabi/9.3.1/../../../../arm-none-eabi/lib/thumb/v7e-m+dp/hard\libc_nano.a
LOAD c:/st/stm32cubeide_1.8.0/stm32cubeide/plugins/com.st.stm32cube.ide.mcu.externaltools.gnu-tools-for-stm32.9-2020-q2-update.win32_2.0.0.202105311346/tools/bin/../lib/gcc/arm-none-eabi/9.3.1/../../../../arm-none-eabi/lib/thumb/v7e-m+dp/hard\libm.a
END GROUP
START GROUP
LOAD c:/st/stm32cubeide_1.8.0/stm32cubeide/plugins/com.st.stm32cube.ide.mcu.externaltools.gnu-tools-for-stm32.9-2020-q2-update.win32_2.0.0.202105311346/tools/bin/../lib/gcc/arm-none-eabi/9.3.1/thumb/v7e-m+dp/hard\libgcc.a
LOAD c:/st/stm32cubeide_1.8.0/stm32cubeide/plugins/com.st.stm32cube.ide.mcu.externaltools.gnu-tools-for-stm32.9-2020-q2-update.win32_2.0.0.202105311346/tools/bin/../lib/gcc/arm-none-eabi/9.3.1/../../../../arm-none-eabi/lib/thumb/v7e-m+dp/hard\libc_nano.a
END GROUP
START GROUP
LOAD c:/st/stm32cubeide_1.8.0/stm32cubeide/plugins/com.st.stm32cube.ide.mcu.externaltools.gnu-tools-for-stm32.9-2020-q2-update.win32_2.0.0.202105311346/tools/bin/../lib/gcc/arm-none-eabi/9.3.1/thumb/v7e-m+dp/hard\libgcc.a
LOAD c:/st/stm32cubeide_1.8.0/stm32cubeide/plugins/com.st.stm32cube.ide.mcu.externaltools.gnu-tools-for-stm32.9-2020-q2-update.win32_2.0.0.202105311346/tools/bin/../lib/gcc/arm-none-eabi/9.3.1/../../../../arm-none-eabi/lib/thumb/v7e-m+dp/hard\libc_nano.a
LOAD c:/st/stm32cubeide_1.8.0/stm32cubeide/plugins/com.st.stm32cube.ide.mcu.externaltools.gnu-tools-for-stm32.9-2020-q2-update.win32_2.0.0.202105311346/tools/bin/../lib/gcc/arm-none-eabi/9.3.1/../../../../arm-none-eabi/lib/thumb/v7e-m+dp/hard\libnosys.a
END GROUP
START GROUP
LOAD c:/st/stm32cubeide_1.8.0/stm32cubeide/plugins/com.st.stm32cube.ide.mcu.externaltools.gnu-tools-for-stm32.9-2020-q2-update.win32_2.0.0.202105311346/tools/bin/../lib/gcc/arm-none-eabi/9.3.1/thumb/v7e-m+dp/hard\libgcc.a
LOAD c:/st/stm32cubeide_1.8.0/stm32cubeide/plugins/com.st.stm32cube.ide.mcu.externaltools.gnu-tools-for-stm32.9-2020-q2-update.win32_2.0.0.202105311346/tools/bin/../lib/gcc/arm-none-eabi/9.3.1/../../../../arm-none-eabi/lib/thumb/v7e-m+dp/hard\libc_nano.a
LOAD c:/st/stm32cubeide_1.8.0/stm32cubeide/plugins/com.st.stm32cube.ide.mcu.externaltools.gnu-tools-for-stm32.9-2020-q2-update.win32_2.0.0.202105311346/tools/bin/../lib/gcc/arm-none-eabi/9.3.1/../../../../arm-none-eabi/lib/thumb/v7e-m+dp/hard\libnosys.a
END GROUP
LOAD c:/st/stm32cubeide_1.8.0/stm32cubeide/plugins/com.st.stm32cube.ide.mcu.externaltools.gnu-tools-for-stm32.9-2020-q2-update.win32_2.0.0.202105311346/tools/bin/../lib/gcc/arm-none-eabi/9.3.1/thumb/v7e-m+dp/hard/crtend.o
LOAD c:/st/stm32cubeide_1.8.0/stm32cubeide/plugins/com.st.stm32cube.ide.mcu.externaltools.gnu-tools-for-stm32.9-2020-q2-update.win32_2.0.0.202105311346/tools/bin/../lib/gcc/arm-none-eabi/9.3.1/thumb/v7e-m+dp/hard/crtn.o
                0x0000000024080000                _estack = (ORIGIN (RAM_D1) + LENGTH (RAM_D1))
                0x0000000000000200                _Min_Heap_Size = 0x200
                0x0000000000000400                _Min_Stack_Size = 0x400

.isr_vector     0x0000000008000000      0x298
                0x0000000008000000                . = ALIGN (0x4)
 *(.isr_vector)
 .isr_vector    0x0000000008000000      0x298 ./Core/Startup/startup_stm32h743zitx.o
                0x0000000008000000                g_pfnVectors
                0x0000000008000298                . = ALIGN (0x4)

.text           0x0000000008000298     0x95fc
                0x0000000008000298                . = ALIGN (0x4)
 *(.text)
 .text          0x0000000008000298       0x40 c:/st/stm32cubeide_1.8.0/stm32cubeide/plugins/com.st.stm32cube.ide.mcu.externaltools.gnu-tools-for-stm32.9-2020-q2-update.win32_2.0.0.202105311346/tools/bin/../lib/gcc/arm-none-eabi/9.3.1/thumb/v7e-m+dp/hard/crtbegin.o
 .text          0x00000000080002d8       0x30 c:/st/stm32cubeide_1.8.0/stm32cubeide/plugins/com.st.stm32cube.ide.mcu.externaltools.gnu-tools-for-stm32.9-2020-q2-update.win32_2.0.0.202105311346/tools/bin/../lib/gcc/arm-none-eabi/9.3.1/thumb/v7e-m+dp/hard\libgcc.a(_aeabi_uldivmod.o)
                0x00000000080002d8                __aeabi_uldivmod
 .text          0x0000000008000308      0x2c4 c:/st/stm32cubeide_1.8.0/stm32cubeide/plugins/com.st.stm32cube.ide.mcu.externaltools.gnu-tools-for-stm32.9-2020-q2-update.win32_2.0.0.202105311346/tools/bin/../lib/gcc/arm-none-eabi/9.3.1/thumb/v7e-m+dp/hard\libgcc.a(_udivmoddi4.o)
                0x0000000008000308                __udivmoddi4
 .text          0x00000000080005cc        0x4 c:/st/stm32cubeide_1.8.0/stm32cubeide/plugins/com.st.stm32cube.ide.mcu.externaltools.gnu-tools-for-stm32.9-2020-q2-update.win32_2.0.0.202105311346/tools/bin/../lib/gcc/arm-none-eabi/9.3.1/thumb/v7e-m+dp/hard\libgcc.a(_dvmd_tls.o)
                0x00000000080005cc                __aeabi_idiv0
                0x00000000080005cc                __aeabi_ldiv0
 *(.text*)
 .text.main     0x00000000080005d0      0x414 ./Core/Src/main.o
                0x00000000080005d0                main
 .text.SystemClock_Config
                0x00000000080009e4      0x10c ./Core/Src/main.o
                0x00000000080009e4                SystemClock_Config
 .text.MX_SPI1_Init
                0x0000000008000af0       0xb0 ./Core/Src/main.o
 .text.MX_USART3_UART_Init
                0x0000000008000ba0       0xb4 ./Core/Src/main.o
 .text.MX_DMA_Init
                0x0000000008000c54       0x80 ./Core/Src/main.o
 .text.MX_GPIO_Init
                0x0000000008000cd4      0x184 ./Core/Src/main.o
 .text.HAL_GPIO_EXTI_Callback
                0x0000000008000e58       0x30 ./Core/Src/main.o
                0x0000000008000e58                HAL_GPIO_EXTI_Callback
 .text.HAL_SPI_RxCpltCallback
                0x0000000008000e88       0x20 ./Core/Src/main.o
                0x0000000008000e88                HAL_SPI_RxCpltCallback
 .text.tx_complete
                0x0000000008000ea8       0x20 ./Core/Src/main.o
 .text.tx_h_complete
                0x0000000008000ec8       0x20 ./Core/Src/main.o
 .text.HAL_SPI_ErrorCallback
                0x0000000008000ee8       0x20 ./Core/Src/main.o
                0x0000000008000ee8                HAL_SPI_ErrorCallback
 .text.HAL_UART_TxCpltCallback
                0x0000000008000f08       0x20 ./Core/Src/main.o
                0x0000000008000f08                HAL_UART_TxCpltCallback
 .text.HAL_UART_ErrorCallback
                0x0000000008000f28       0x1a ./Core/Src/main.o
                0x0000000008000f28                HAL_UART_ErrorCallback
 .text.Error_Handler
                0x0000000008000f42       0x16 ./Core/Src/main.o
                0x0000000008000f42                Error_Handler
 .text.HAL_MspInit
                0x0000000008000f58       0x34 ./Core/Src/stm32h7xx_hal_msp.o
                0x0000000008000f58                HAL_MspInit
 .text.HAL_SPI_MspInit
                0x0000000008000f8c      0x2d0 ./Core/Src/stm32h7xx_hal_msp.o
                0x0000000008000f8c                HAL_SPI_MspInit
 .text.HAL_UART_MspInit
                0x000000000800125c      0x2a0 ./Core/Src/stm32h7xx_hal_msp.o
                0x000000000800125c                HAL_UART_MspInit
 .text.NMI_Handler
                0x00000000080014fc        0x6 ./Core/Src/stm32h7xx_it.o
                0x00000000080014fc                NMI_Handler
 .text.HardFault_Handler
                0x0000000008001502        0x6 ./Core/Src/stm32h7xx_it.o
                0x0000000008001502                HardFault_Handler
 .text.MemManage_Handler
                0x0000000008001508        0x6 ./Core/Src/stm32h7xx_it.o
                0x0000000008001508                MemManage_Handler
 .text.BusFault_Handler
                0x000000000800150e        0x6 ./Core/Src/stm32h7xx_it.o
                0x000000000800150e                BusFault_Handler
 .text.UsageFault_Handler
                0x0000000008001514        0x6 ./Core/Src/stm32h7xx_it.o
                0x0000000008001514                UsageFault_Handler
 .text.SVC_Handler
                0x000000000800151a        0xe ./Core/Src/stm32h7xx_it.o
                0x000000000800151a                SVC_Handler
 .text.DebugMon_Handler
                0x0000000008001528        0xe ./Core/Src/stm32h7xx_it.o
                0x0000000008001528                DebugMon_Handler
 .text.PendSV_Handler
                0x0000000008001536        0xe ./Core/Src/stm32h7xx_it.o
                0x0000000008001536                PendSV_Handler
 .text.SysTick_Handler
                0x0000000008001544        0xc ./Core/Src/stm32h7xx_it.o
                0x0000000008001544                SysTick_Handler
 .text.DMA1_Stream0_IRQHandler
                0x0000000008001550       0x14 ./Core/Src/stm32h7xx_it.o
                0x0000000008001550                DMA1_Stream0_IRQHandler
 .text.DMA1_Stream1_IRQHandler
                0x0000000008001564       0x18 ./Core/Src/stm32h7xx_it.o
                0x0000000008001564                DMA1_Stream1_IRQHandler
 .text.DMA2_Stream0_IRQHandler
                0x000000000800157c       0x18 ./Core/Src/stm32h7xx_it.o
                0x000000000800157c                DMA2_Stream0_IRQHandler
 .text.EXTI15_10_IRQHandler
                0x0000000008001594       0x10 ./Core/Src/stm32h7xx_it.o
                0x0000000008001594                EXTI15_10_IRQHandler
 .text.USART3_IRQHandler
                0x00000000080015a4       0x18 ./Core/Src/stm32h7xx_it.o
                0x00000000080015a4                USART3_IRQHandler
 .text.SPI1_IRQHandler
                0x00000000080015bc       0x18 ./Core/Src/stm32h7xx_it.o
                0x00000000080015bc                SPI1_IRQHandler
 .text.BSP_LED_Init
                0x00000000080015d4       0xec ./Core/Src/stm32h7xx_nucleo.o
                0x00000000080015d4                BSP_LED_Init
 .text.BSP_LED_On
                0x00000000080016c0       0x54 ./Core/Src/stm32h7xx_nucleo.o
                0x00000000080016c0                BSP_LED_On
 .text.BSP_LED_Off
                0x0000000008001714       0x54 ./Core/Src/stm32h7xx_nucleo.o
                0x0000000008001714                BSP_LED_Off
 .text.BSP_LED_Toggle
                0x0000000008001768       0x54 ./Core/Src/stm32h7xx_nucleo.o
                0x0000000008001768                BSP_LED_Toggle
 .text.BSP_PB_Init
                0x00000000080017bc       0xe4 ./Core/Src/stm32h7xx_nucleo.o
                0x00000000080017bc                BSP_PB_Init
 .text.BSP_PB_Callback
                0x00000000080018a0       0x16 ./Core/Src/stm32h7xx_nucleo.o
                0x00000000080018a0                BSP_PB_Callback
 .text.BUTTON_USER_EXTI_Callback
                0x00000000080018b6        0xe ./Core/Src/stm32h7xx_nucleo.o
 .text.SystemInit
                0x00000000080018c4      0x118 ./Core/Src/system_stm32h7xx.o
                0x00000000080018c4                SystemInit
 .text.Reset_Handler
                0x00000000080019dc       0x50 ./Core/Startup/startup_stm32h743zitx.o
                0x00000000080019dc                Reset_Handler
 .text.Default_Handler
                0x0000000008001a2c        0x2 ./Core/Startup/startup_stm32h743zitx.o
                0x0000000008001a2c                RTC_Alarm_IRQHandler
                0x0000000008001a2c                EXTI2_IRQHandler
                0x0000000008001a2c                TIM8_CC_IRQHandler
                0x0000000008001a2c                HRTIM1_Master_IRQHandler
                0x0000000008001a2c                UART8_IRQHandler
                0x0000000008001a2c                SPI4_IRQHandler
                0x0000000008001a2c                TIM1_CC_IRQHandler
                0x0000000008001a2c                BDMA_Channel6_IRQHandler
                0x0000000008001a2c                DMA2_Stream5_IRQHandler
                0x0000000008001a2c                HRTIM1_FLT_IRQHandler
                0x0000000008001a2c                JPEG_IRQHandler
                0x0000000008001a2c                DMA1_Stream5_IRQHandler
                0x0000000008001a2c                BDMA_Channel1_IRQHandler
                0x0000000008001a2c                HRTIM1_TIMD_IRQHandler
                0x0000000008001a2c                TAMP_STAMP_IRQHandler
                0x0000000008001a2c                EXTI3_IRQHandler
                0x0000000008001a2c                LPTIM4_IRQHandler
                0x0000000008001a2c                TIM8_TRG_COM_TIM14_IRQHandler
                0x0000000008001a2c                LPTIM2_IRQHandler
                0x0000000008001a2c                DFSDM1_FLT1_IRQHandler
                0x0000000008001a2c                DMAMUX2_OVR_IRQHandler
                0x0000000008001a2c                TIM8_UP_TIM13_IRQHandler
                0x0000000008001a2c                I2C3_ER_IRQHandler
                0x0000000008001a2c                DFSDM1_FLT2_IRQHandler
                0x0000000008001a2c                MDMA_IRQHandler
                0x0000000008001a2c                LPTIM3_IRQHandler
                0x0000000008001a2c                HSEM1_IRQHandler
                0x0000000008001a2c                EXTI0_IRQHandler
                0x0000000008001a2c                I2C2_EV_IRQHandler
                0x0000000008001a2c                DMA1_Stream2_IRQHandler
                0x0000000008001a2c                FPU_IRQHandler
                0x0000000008001a2c                OTG_HS_WKUP_IRQHandler
                0x0000000008001a2c                FDCAN1_IT1_IRQHandler
                0x0000000008001a2c                LTDC_ER_IRQHandler
                0x0000000008001a2c                DMA2_Stream2_IRQHandler
                0x0000000008001a2c                HRTIM1_TIME_IRQHandler
                0x0000000008001a2c                TIM6_DAC_IRQHandler
                0x0000000008001a2c                DCMI_IRQHandler
                0x0000000008001a2c                HRTIM1_TIMC_IRQHandler
                0x0000000008001a2c                DMA2_Stream3_IRQHandler
                0x0000000008001a2c                SAI2_IRQHandler
                0x0000000008001a2c                DFSDM1_FLT3_IRQHandler
                0x0000000008001a2c                USART6_IRQHandler
                0x0000000008001a2c                TIM17_IRQHandler
                0x0000000008001a2c                BDMA_Channel7_IRQHandler
                0x0000000008001a2c                LPTIM5_IRQHandler
                0x0000000008001a2c                UART5_IRQHandler
                0x0000000008001a2c                ADC3_IRQHandler
                0x0000000008001a2c                TIM4_IRQHandler
                0x0000000008001a2c                BDMA_Channel2_IRQHandler
                0x0000000008001a2c                QUADSPI_IRQHandler
                0x0000000008001a2c                I2C1_EV_IRQHandler
                0x0000000008001a2c                DMA1_Stream6_IRQHandler
                0x0000000008001a2c                DMAMUX1_OVR_IRQHandler
                0x0000000008001a2c                TIM16_IRQHandler
                0x0000000008001a2c                UART4_IRQHandler
                0x0000000008001a2c                BDMA_Channel5_IRQHandler
                0x0000000008001a2c                TIM3_IRQHandler
                0x0000000008001a2c                RCC_IRQHandler
                0x0000000008001a2c                TIM8_BRK_TIM12_IRQHandler
                0x0000000008001a2c                TIM1_TRG_COM_IRQHandler
                0x0000000008001a2c                Default_Handler
                0x0000000008001a2c                ECC_IRQHandler
                0x0000000008001a2c                CEC_IRQHandler
                0x0000000008001a2c                BDMA_Channel0_IRQHandler
                0x0000000008001a2c                ADC_IRQHandler
                0x0000000008001a2c                DMA1_Stream7_IRQHandler
                0x0000000008001a2c                HRTIM1_TIMA_IRQHandler
                0x0000000008001a2c                SPI5_IRQHandler
                0x0000000008001a2c                TIM7_IRQHandler
                0x0000000008001a2c                SDMMC1_IRQHandler
                0x0000000008001a2c                TIM5_IRQHandler
                0x0000000008001a2c                DMA2_Stream7_IRQHandler
                0x0000000008001a2c                TIM15_IRQHandler
                0x0000000008001a2c                PVD_AVD_IRQHandler
                0x0000000008001a2c                I2C3_EV_IRQHandler
                0x0000000008001a2c                EXTI9_5_IRQHandler
                0x0000000008001a2c                RTC_WKUP_IRQHandler
                0x0000000008001a2c                LTDC_IRQHandler
                0x0000000008001a2c                SAI3_IRQHandler
                0x0000000008001a2c                ETH_WKUP_IRQHandler
                0x0000000008001a2c                SPDIF_RX_IRQHandler
                0x0000000008001a2c                SPI2_IRQHandler
                0x0000000008001a2c                OTG_HS_EP1_IN_IRQHandler
                0x0000000008001a2c                CRS_IRQHandler
                0x0000000008001a2c                EXTI4_IRQHandler
                0x0000000008001a2c                RNG_IRQHandler
                0x0000000008001a2c                HRTIM1_TIMB_IRQHandler
                0x0000000008001a2c                FDCAN2_IT1_IRQHandler
                0x0000000008001a2c                ETH_IRQHandler
                0x0000000008001a2c                TIM1_UP_IRQHandler
                0x0000000008001a2c                BDMA_Channel4_IRQHandler
                0x0000000008001a2c                OTG_HS_EP1_OUT_IRQHandler
                0x0000000008001a2c                WWDG_IRQHandler
                0x0000000008001a2c                SPI6_IRQHandler
                0x0000000008001a2c                MDIOS_IRQHandler
                0x0000000008001a2c                I2C4_EV_IRQHandler
                0x0000000008001a2c                FDCAN2_IT0_IRQHandler
                0x0000000008001a2c                LPUART1_IRQHandler
                0x0000000008001a2c                FDCAN1_IT0_IRQHandler
                0x0000000008001a2c                TIM2_IRQHandler
                0x0000000008001a2c                OTG_FS_WKUP_IRQHandler
                0x0000000008001a2c                OTG_HS_IRQHandler
                0x0000000008001a2c                DMA2D_IRQHandler
                0x0000000008001a2c                TIM1_BRK_IRQHandler
                0x0000000008001a2c                EXTI1_IRQHandler
                0x0000000008001a2c                SDMMC2_IRQHandler
                0x0000000008001a2c                OTG_FS_EP1_OUT_IRQHandler
                0x0000000008001a2c                BDMA_Channel3_IRQHandler
                0x0000000008001a2c                UART7_IRQHandler
                0x0000000008001a2c                MDIOS_WKUP_IRQHandler
                0x0000000008001a2c                USART2_IRQHandler
                0x0000000008001a2c                DFSDM1_FLT0_IRQHandler
                0x0000000008001a2c                SAI4_IRQHandler
                0x0000000008001a2c                I2C2_ER_IRQHandler
                0x0000000008001a2c                DMA2_Stream1_IRQHandler
                0x0000000008001a2c                FLASH_IRQHandler
                0x0000000008001a2c                DMA2_Stream4_IRQHandler
                0x0000000008001a2c                USART1_IRQHandler
                0x0000000008001a2c                OTG_FS_IRQHandler
                0x0000000008001a2c                SPI3_IRQHandler
                0x0000000008001a2c                WAKEUP_PIN_IRQHandler
                0x0000000008001a2c                DMA1_Stream4_IRQHandler
                0x0000000008001a2c                OTG_FS_EP1_IN_IRQHandler
                0x0000000008001a2c                I2C1_ER_IRQHandler
                0x0000000008001a2c                FMC_IRQHandler
                0x0000000008001a2c                FDCAN_CAL_IRQHandler
                0x0000000008001a2c                SWPMI1_IRQHandler
                0x0000000008001a2c                COMP1_IRQHandler
                0x0000000008001a2c                LPTIM1_IRQHandler
                0x0000000008001a2c                I2C4_ER_IRQHandler
                0x0000000008001a2c                DMA2_Stream6_IRQHandler
                0x0000000008001a2c                SAI1_IRQHandler
                0x0000000008001a2c                DMA1_Stream3_IRQHandler
 *fill*         0x0000000008001a2e        0x2 
 .text.HAL_Init
                0x0000000008001a30       0x78 ./Drivers/STM32H7xx_HAL_Driver/Src/stm32h7xx_hal.o
                0x0000000008001a30                HAL_Init
 .text.HAL_InitTick
                0x0000000008001aa8       0x6c ./Drivers/STM32H7xx_HAL_Driver/Src/stm32h7xx_hal.o
                0x0000000008001aa8                HAL_InitTick
 .text.HAL_IncTick
                0x0000000008001b14       0x28 ./Drivers/STM32H7xx_HAL_Driver/Src/stm32h7xx_hal.o
                0x0000000008001b14                HAL_IncTick
 .text.HAL_GetTick
                0x0000000008001b3c       0x18 ./Drivers/STM32H7xx_HAL_Driver/Src/stm32h7xx_hal.o
                0x0000000008001b3c                HAL_GetTick
 .text.HAL_Delay
                0x0000000008001b54       0x48 ./Drivers/STM32H7xx_HAL_Driver/Src/stm32h7xx_hal.o
                0x0000000008001b54                HAL_Delay
 .text.HAL_GetREVID
                0x0000000008001b9c       0x18 ./Drivers/STM32H7xx_HAL_Driver/Src/stm32h7xx_hal.o
                0x0000000008001b9c                HAL_GetREVID
 .text.HAL_EnableCompensationCell
                0x0000000008001bb4       0x20 ./Drivers/STM32H7xx_HAL_Driver/Src/stm32h7xx_hal.o
                0x0000000008001bb4                HAL_EnableCompensationCell
 .text.__NVIC_SetPriorityGrouping
                0x0000000008001bd4       0x48 ./Drivers/STM32H7xx_HAL_Driver/Src/stm32h7xx_hal_cortex.o
 .text.__NVIC_GetPriorityGrouping
                0x0000000008001c1c       0x1c ./Drivers/STM32H7xx_HAL_Driver/Src/stm32h7xx_hal_cortex.o
 .text.__NVIC_EnableIRQ
                0x0000000008001c38       0x3c ./Drivers/STM32H7xx_HAL_Driver/Src/stm32h7xx_hal_cortex.o
 .text.__NVIC_SetPriority
                0x0000000008001c74       0x54 ./Drivers/STM32H7xx_HAL_Driver/Src/stm32h7xx_hal_cortex.o
 .text.NVIC_EncodePriority
                0x0000000008001cc8       0x66 ./Drivers/STM32H7xx_HAL_Driver/Src/stm32h7xx_hal_cortex.o
 *fill*         0x0000000008001d2e        0x2 
 .text.SysTick_Config
                0x0000000008001d30       0x44 ./Drivers/STM32H7xx_HAL_Driver/Src/stm32h7xx_hal_cortex.o
 .text.HAL_NVIC_SetPriorityGrouping
                0x0000000008001d74       0x16 ./Drivers/STM32H7xx_HAL_Driver/Src/stm32h7xx_hal_cortex.o
                0x0000000008001d74                HAL_NVIC_SetPriorityGrouping
 .text.HAL_NVIC_SetPriority
                0x0000000008001d8a       0x34 ./Drivers/STM32H7xx_HAL_Driver/Src/stm32h7xx_hal_cortex.o
                0x0000000008001d8a                HAL_NVIC_SetPriority
 .text.HAL_NVIC_EnableIRQ
                0x0000000008001dbe       0x1c ./Drivers/STM32H7xx_HAL_Driver/Src/stm32h7xx_hal_cortex.o
                0x0000000008001dbe                HAL_NVIC_EnableIRQ
 .text.HAL_SYSTICK_Config
                0x0000000008001dda       0x18 ./Drivers/STM32H7xx_HAL_Driver/Src/stm32h7xx_hal_cortex.o
                0x0000000008001dda                HAL_SYSTICK_Config
 *fill*         0x0000000008001df2        0x2 
 .text.HAL_DMA_Init
                0x0000000008001df4      0x6b8 ./Drivers/STM32H7xx_HAL_Driver/Src/stm32h7xx_hal_dma.o
                0x0000000008001df4                HAL_DMA_Init
 .text.HAL_DMA_Start
                0x00000000080024ac      0x240 ./Drivers/STM32H7xx_HAL_Driver/Src/stm32h7xx_hal_dma.o
                0x00000000080024ac                HAL_DMA_Start
 .text.HAL_DMA_Start_IT
                0x00000000080026ec      0x4d4 ./Drivers/STM32H7xx_HAL_Driver/Src/stm32h7xx_hal_dma.o
                0x00000000080026ec                HAL_DMA_Start_IT
 .text.HAL_DMA_Abort
                0x0000000008002bc0      0x63c ./Drivers/STM32H7xx_HAL_Driver/Src/stm32h7xx_hal_dma.o
                0x0000000008002bc0                HAL_DMA_Abort
 .text.HAL_DMA_Abort_IT
                0x00000000080031fc      0x488 ./Drivers/STM32H7xx_HAL_Driver/Src/stm32h7xx_hal_dma.o
                0x00000000080031fc                HAL_DMA_Abort_IT
 .text.HAL_DMA_IRQHandler
                0x0000000008003684      0xe54 ./Drivers/STM32H7xx_HAL_Driver/Src/stm32h7xx_hal_dma.o
                0x0000000008003684                HAL_DMA_IRQHandler
 .text.DMA_SetConfig
                0x00000000080044d8      0x358 ./Drivers/STM32H7xx_HAL_Driver/Src/stm32h7xx_hal_dma.o
 .text.DMA_CalcBaseAndBitshift
                0x0000000008004830      0x164 ./Drivers/STM32H7xx_HAL_Driver/Src/stm32h7xx_hal_dma.o
 .text.DMA_CheckFifoParam
                0x0000000008004994       0xf8 ./Drivers/STM32H7xx_HAL_Driver/Src/stm32h7xx_hal_dma.o
 .text.DMA_CalcDMAMUXChannelBaseAndMask
                0x0000000008004a8c      0x134 ./Drivers/STM32H7xx_HAL_Driver/Src/stm32h7xx_hal_dma.o
 .text.DMA_CalcDMAMUXRequestGenBaseAndMask
                0x0000000008004bc0       0xe8 ./Drivers/STM32H7xx_HAL_Driver/Src/stm32h7xx_hal_dma.o
 .text.HAL_EXTI_RegisterCallback
                0x0000000008004ca8       0x3e ./Drivers/STM32H7xx_HAL_Driver/Src/stm32h7xx_hal_exti.o
                0x0000000008004ca8                HAL_EXTI_RegisterCallback
 .text.HAL_EXTI_GetHandle
                0x0000000008004ce6       0x28 ./Drivers/STM32H7xx_HAL_Driver/Src/stm32h7xx_hal_exti.o
                0x0000000008004ce6                HAL_EXTI_GetHandle
 *fill*         0x0000000008004d0e        0x2 
 .text.HAL_GPIO_Init
                0x0000000008004d10      0x360 ./Drivers/STM32H7xx_HAL_Driver/Src/stm32h7xx_hal_gpio.o
                0x0000000008004d10                HAL_GPIO_Init
 .text.HAL_GPIO_WritePin
                0x0000000008005070       0x32 ./Drivers/STM32H7xx_HAL_Driver/Src/stm32h7xx_hal_gpio.o
                0x0000000008005070                HAL_GPIO_WritePin
 .text.HAL_GPIO_TogglePin
                0x00000000080050a2       0x34 ./Drivers/STM32H7xx_HAL_Driver/Src/stm32h7xx_hal_gpio.o
                0x00000000080050a2                HAL_GPIO_TogglePin
 .text.HAL_GPIO_EXTI_IRQHandler
                0x00000000080050d6       0x34 ./Drivers/STM32H7xx_HAL_Driver/Src/stm32h7xx_hal_gpio.o
                0x00000000080050d6                HAL_GPIO_EXTI_IRQHandler
 *fill*         0x000000000800510a        0x2 
 .text.HAL_PWREx_ConfigSupply
                0x000000000800510c       0x74 ./Drivers/STM32H7xx_HAL_Driver/Src/stm32h7xx_hal_pwr_ex.o
                0x000000000800510c                HAL_PWREx_ConfigSupply
 .text.HAL_RCC_OscConfig
                0x0000000008005180      0x820 ./Drivers/STM32H7xx_HAL_Driver/Src/stm32h7xx_hal_rcc.o
                0x0000000008005180                HAL_RCC_OscConfig
 .text.HAL_RCC_ClockConfig
                0x00000000080059a0      0x36c ./Drivers/STM32H7xx_HAL_Driver/Src/stm32h7xx_hal_rcc.o
                0x00000000080059a0                HAL_RCC_ClockConfig
 .text.HAL_RCC_GetSysClockFreq
                0x0000000008005d0c      0x2f4 ./Drivers/STM32H7xx_HAL_Driver/Src/stm32h7xx_hal_rcc.o
                0x0000000008005d0c                HAL_RCC_GetSysClockFreq
 .text.HAL_RCC_GetHCLKFreq
                0x0000000008006000       0x60 ./Drivers/STM32H7xx_HAL_Driver/Src/stm32h7xx_hal_rcc.o
                0x0000000008006000                HAL_RCC_GetHCLKFreq
 .text.HAL_RCC_GetPCLK1Freq
                0x0000000008006060       0x2c ./Drivers/STM32H7xx_HAL_Driver/Src/stm32h7xx_hal_rcc.o
                0x0000000008006060                HAL_RCC_GetPCLK1Freq
 .text.HAL_RCC_GetPCLK2Freq
                0x000000000800608c       0x2c ./Drivers/STM32H7xx_HAL_Driver/Src/stm32h7xx_hal_rcc.o
                0x000000000800608c                HAL_RCC_GetPCLK2Freq
 .text.HAL_RCCEx_PeriphCLKConfig
                0x00000000080060b8      0xe80 ./Drivers/STM32H7xx_HAL_Driver/Src/stm32h7xx_hal_rcc_ex.o
                0x00000000080060b8                HAL_RCCEx_PeriphCLKConfig
 .text.HAL_RCCEx_GetD3PCLK1Freq
                0x0000000008006f38       0x2c ./Drivers/STM32H7xx_HAL_Driver/Src/stm32h7xx_hal_rcc_ex.o
                0x0000000008006f38                HAL_RCCEx_GetD3PCLK1Freq
 .text.HAL_RCCEx_GetPLL2ClockFreq
                0x0000000008006f64      0x2a8 ./Drivers/STM32H7xx_HAL_Driver/Src/stm32h7xx_hal_rcc_ex.o
                0x0000000008006f64                HAL_RCCEx_GetPLL2ClockFreq
 .text.HAL_RCCEx_GetPLL3ClockFreq
                0x000000000800720c      0x2a8 ./Drivers/STM32H7xx_HAL_Driver/Src/stm32h7xx_hal_rcc_ex.o
                0x000000000800720c                HAL_RCCEx_GetPLL3ClockFreq
 .text.RCCEx_PLL2_Config
                0x00000000080074b4      0x164 ./Drivers/STM32H7xx_HAL_Driver/Src/stm32h7xx_hal_rcc_ex.o
 .text.RCCEx_PLL3_Config
                0x0000000008007618      0x164 ./Drivers/STM32H7xx_HAL_Driver/Src/stm32h7xx_hal_rcc_ex.o
 .text.HAL_SPI_Init
                0x000000000800777c      0x204 ./Drivers/STM32H7xx_HAL_Driver/Src/stm32h7xx_hal_spi.o
                0x000000000800777c                HAL_SPI_Init
 .text.HAL_SPI_IRQHandler
                0x0000000008007980      0x3c0 ./Drivers/STM32H7xx_HAL_Driver/Src/stm32h7xx_hal_spi.o
                0x0000000008007980                HAL_SPI_IRQHandler
 .text.HAL_SPI_TxCpltCallback
                0x0000000008007d40       0x14 ./Drivers/STM32H7xx_HAL_Driver/Src/stm32h7xx_hal_spi.o
                0x0000000008007d40                HAL_SPI_TxCpltCallback
 .text.HAL_SPI_TxRxCpltCallback
                0x0000000008007d54       0x14 ./Drivers/STM32H7xx_HAL_Driver/Src/stm32h7xx_hal_spi.o
                0x0000000008007d54                HAL_SPI_TxRxCpltCallback
 .text.SPI_DMAAbortOnError
                0x0000000008007d68       0x34 ./Drivers/STM32H7xx_HAL_Driver/Src/stm32h7xx_hal_spi.o
 .text.SPI_CloseTransfer
                0x0000000008007d9c      0x140 ./Drivers/STM32H7xx_HAL_Driver/Src/stm32h7xx_hal_spi.o
 .text.SPI_GetPacketSize
                0x0000000008007edc       0x36 ./Drivers/STM32H7xx_HAL_Driver/Src/stm32h7xx_hal_spi.o
 .text.HAL_UART_Init
                0x0000000008007f12       0xa0 ./Drivers/STM32H7xx_HAL_Driver/Src/stm32h7xx_hal_uart.o
                0x0000000008007f12                HAL_UART_Init
 *fill*         0x0000000008007fb2        0x2 
 .text.HAL_UART_Transmit_DMA
                0x0000000008007fb4      0x100 ./Drivers/STM32H7xx_HAL_Driver/Src/stm32h7xx_hal_uart.o
                0x0000000008007fb4                HAL_UART_Transmit_DMA
 .text.HAL_UART_IRQHandler
                0x00000000080080b4      0x574 ./Drivers/STM32H7xx_HAL_Driver/Src/stm32h7xx_hal_uart.o
                0x00000000080080b4                HAL_UART_IRQHandler
 .text.HAL_UART_TxHalfCpltCallback
                0x0000000008008628       0x14 ./Drivers/STM32H7xx_HAL_Driver/Src/stm32h7xx_hal_uart.o
                0x0000000008008628                HAL_UART_TxHalfCpltCallback
 .text.HAL_UARTEx_RxEventCallback
                0x000000000800863c       0x18 ./Drivers/STM32H7xx_HAL_Driver/Src/stm32h7xx_hal_uart.o
                0x000000000800863c                HAL_UARTEx_RxEventCallback
 .text.UART_SetConfig
                0x0000000008008654      0xac0 ./Drivers/STM32H7xx_HAL_Driver/Src/stm32h7xx_hal_uart.o
                0x0000000008008654                UART_SetConfig
 .text.UART_AdvFeatureConfig
                0x0000000008009114      0x144 ./Drivers/STM32H7xx_HAL_Driver/Src/stm32h7xx_hal_uart.o
                0x0000000008009114                UART_AdvFeatureConfig
 .text.UART_CheckIdleState
                0x0000000008009258       0x96 ./Drivers/STM32H7xx_HAL_Driver/Src/stm32h7xx_hal_uart.o
                0x0000000008009258                UART_CheckIdleState
 .text.UART_WaitOnFlagUntilTimeout
                0x00000000080092ee      0x100 ./Drivers/STM32H7xx_HAL_Driver/Src/stm32h7xx_hal_uart.o
                0x00000000080092ee                UART_WaitOnFlagUntilTimeout
 .text.UART_EndTxTransfer
                0x00000000080093ee       0x3c ./Drivers/STM32H7xx_HAL_Driver/Src/stm32h7xx_hal_uart.o
 *fill*         0x000000000800942a        0x2 
 .text.UART_EndRxTransfer
                0x000000000800942c       0x64 ./Drivers/STM32H7xx_HAL_Driver/Src/stm32h7xx_hal_uart.o
 .text.UART_DMATransmitCplt
                0x0000000008009490       0x50 ./Drivers/STM32H7xx_HAL_Driver/Src/stm32h7xx_hal_uart.o
 .text.UART_DMATxHalfCplt
                0x00000000080094e0       0x1c ./Drivers/STM32H7xx_HAL_Driver/Src/stm32h7xx_hal_uart.o
 .text.UART_DMAError
                0x00000000080094fc       0x80 ./Drivers/STM32H7xx_HAL_Driver/Src/stm32h7xx_hal_uart.o
 .text.UART_DMAAbortOnError
                0x000000000800957c       0x2c ./Drivers/STM32H7xx_HAL_Driver/Src/stm32h7xx_hal_uart.o
 .text.UART_EndTransmit_IT
                0x00000000080095a8       0x34 ./Drivers/STM32H7xx_HAL_Driver/Src/stm32h7xx_hal_uart.o
 .text.HAL_UARTEx_WakeupCallback
                0x00000000080095dc       0x14 ./Drivers/STM32H7xx_HAL_Driver/Src/stm32h7xx_hal_uart_ex.o
                0x00000000080095dc                HAL_UARTEx_WakeupCallback
 .text.HAL_UARTEx_RxFifoFullCallback
                0x00000000080095f0       0x14 ./Drivers/STM32H7xx_HAL_Driver/Src/stm32h7xx_hal_uart_ex.o
                0x00000000080095f0                HAL_UARTEx_RxFifoFullCallback
 .text.HAL_UARTEx_TxFifoEmptyCallback
                0x0000000008009604       0x14 ./Drivers/STM32H7xx_HAL_Driver/Src/stm32h7xx_hal_uart_ex.o
                0x0000000008009604                HAL_UARTEx_TxFifoEmptyCallback
 .text.HAL_UARTEx_EnableFifoMode
                0x0000000008009618       0x76 ./Drivers/STM32H7xx_HAL_Driver/Src/stm32h7xx_hal_uart_ex.o
                0x0000000008009618                HAL_UARTEx_EnableFifoMode
 .text.HAL_UARTEx_SetTxFifoThreshold
                0x000000000800968e       0x7c ./Drivers/STM32H7xx_HAL_Driver/Src/stm32h7xx_hal_uart_ex.o
                0x000000000800968e                HAL_UARTEx_SetTxFifoThreshold
 .text.HAL_UARTEx_SetRxFifoThreshold
                0x000000000800970a       0x7c ./Drivers/STM32H7xx_HAL_Driver/Src/stm32h7xx_hal_uart_ex.o
                0x000000000800970a                HAL_UARTEx_SetRxFifoThreshold
 *fill*         0x0000000008009786        0x2 
 .text.UARTEx_SetNbDataToProcess
                0x0000000008009788       0x9c ./Drivers/STM32H7xx_HAL_Driver/Src/stm32h7xx_hal_uart_ex.o
 .text.__libc_init_array
                0x0000000008009824       0x48 c:/st/stm32cubeide_1.8.0/stm32cubeide/plugins/com.st.stm32cube.ide.mcu.externaltools.gnu-tools-for-stm32.9-2020-q2-update.win32_2.0.0.202105311346/tools/bin/../lib/gcc/arm-none-eabi/9.3.1/../../../../arm-none-eabi/lib/thumb/v7e-m+dp/hard\libc_nano.a(lib_a-init.o)
                0x0000000008009824                __libc_init_array
 .text.memset   0x000000000800986c       0x10 c:/st/stm32cubeide_1.8.0/stm32cubeide/plugins/com.st.stm32cube.ide.mcu.externaltools.gnu-tools-for-stm32.9-2020-q2-update.win32_2.0.0.202105311346/tools/bin/../lib/gcc/arm-none-eabi/9.3.1/../../../../arm-none-eabi/lib/thumb/v7e-m+dp/hard\libc_nano.a(lib_a-memset.o)
                0x000000000800986c                memset
 *(.glue_7)
 .glue_7        0x000000000800987c        0x0 linker stubs
 *(.glue_7t)
 .glue_7t       0x000000000800987c        0x0 linker stubs
 *(.eh_frame)
 .eh_frame      0x000000000800987c        0x0 c:/st/stm32cubeide_1.8.0/stm32cubeide/plugins/com.st.stm32cube.ide.mcu.externaltools.gnu-tools-for-stm32.9-2020-q2-update.win32_2.0.0.202105311346/tools/bin/../lib/gcc/arm-none-eabi/9.3.1/thumb/v7e-m+dp/hard/crtbegin.o
 *(.init)
 .init          0x000000000800987c        0x4 c:/st/stm32cubeide_1.8.0/stm32cubeide/plugins/com.st.stm32cube.ide.mcu.externaltools.gnu-tools-for-stm32.9-2020-q2-update.win32_2.0.0.202105311346/tools/bin/../lib/gcc/arm-none-eabi/9.3.1/thumb/v7e-m+dp/hard/crti.o
                0x000000000800987c                _init
 .init          0x0000000008009880        0x8 c:/st/stm32cubeide_1.8.0/stm32cubeide/plugins/com.st.stm32cube.ide.mcu.externaltools.gnu-tools-for-stm32.9-2020-q2-update.win32_2.0.0.202105311346/tools/bin/../lib/gcc/arm-none-eabi/9.3.1/thumb/v7e-m+dp/hard/crtn.o
 *(.fini)
 .fini          0x0000000008009888        0x4 c:/st/stm32cubeide_1.8.0/stm32cubeide/plugins/com.st.stm32cube.ide.mcu.externaltools.gnu-tools-for-stm32.9-2020-q2-update.win32_2.0.0.202105311346/tools/bin/../lib/gcc/arm-none-eabi/9.3.1/thumb/v7e-m+dp/hard/crti.o
                0x0000000008009888                _fini
 .fini          0x000000000800988c        0x8 c:/st/stm32cubeide_1.8.0/stm32cubeide/plugins/com.st.stm32cube.ide.mcu.externaltools.gnu-tools-for-stm32.9-2020-q2-update.win32_2.0.0.202105311346/tools/bin/../lib/gcc/arm-none-eabi/9.3.1/thumb/v7e-m+dp/hard/crtn.o
                0x0000000008009894                . = ALIGN (0x4)
                0x0000000008009894                _etext = .

.vfp11_veneer   0x0000000008009894        0x0
 .vfp11_veneer  0x0000000008009894        0x0 linker stubs

.v4_bx          0x0000000008009894        0x0
 .v4_bx         0x0000000008009894        0x0 linker stubs

.iplt           0x0000000008009894        0x0
 .iplt          0x0000000008009894        0x0 c:/st/stm32cubeide_1.8.0/stm32cubeide/plugins/com.st.stm32cube.ide.mcu.externaltools.gnu-tools-for-stm32.9-2020-q2-update.win32_2.0.0.202105311346/tools/bin/../lib/gcc/arm-none-eabi/9.3.1/thumb/v7e-m+dp/hard/crtbegin.o

.rodata         0x0000000008009894       0x4c
                0x0000000008009894                . = ALIGN (0x4)
 *(.rodata)
 *(.rodata*)
 .rodata.LED_PIN
                0x0000000008009894        0x6 ./Core/Src/stm32h7xx_nucleo.o
 *fill*         0x000000000800989a        0x2 
 .rodata.BUTTON_EXTI_LINE.11335
                0x000000000800989c        0x4 ./Core/Src/stm32h7xx_nucleo.o
 .rodata.D1CorePrescTable
                0x00000000080098a0       0x10 ./Core/Src/system_stm32h7xx.o
                0x00000000080098a0                D1CorePrescTable
 .rodata.flagBitshiftOffset.11333
                0x00000000080098b0        0x8 ./Drivers/STM32H7xx_HAL_Driver/Src/stm32h7xx_hal_dma.o
 .rodata.UARTPrescTable
                0x00000000080098b8       0x18 ./Drivers/STM32H7xx_HAL_Driver/Src/stm32h7xx_hal_uart.o
                0x00000000080098b8                UARTPrescTable
 .rodata.numerator.11288
                0x00000000080098d0        0x8 ./Drivers/STM32H7xx_HAL_Driver/Src/stm32h7xx_hal_uart_ex.o
 .rodata.denominator.11289
                0x00000000080098d8        0x8 ./Drivers/STM32H7xx_HAL_Driver/Src/stm32h7xx_hal_uart_ex.o
                0x00000000080098e0                . = ALIGN (0x4)

.ARM.extab
 *(.ARM.extab* .gnu.linkonce.armextab.*)

.ARM            0x00000000080098e0        0x8
                0x00000000080098e0                __exidx_start = .
 *(.ARM.exidx*)
 .ARM.exidx     0x00000000080098e0        0x8 c:/st/stm32cubeide_1.8.0/stm32cubeide/plugins/com.st.stm32cube.ide.mcu.externaltools.gnu-tools-for-stm32.9-2020-q2-update.win32_2.0.0.202105311346/tools/bin/../lib/gcc/arm-none-eabi/9.3.1/thumb/v7e-m+dp/hard\libgcc.a(_udivmoddi4.o)
                0x00000000080098e8                __exidx_end = .

.rel.dyn        0x00000000080098e8        0x0
 .rel.iplt      0x00000000080098e8        0x0 c:/st/stm32cubeide_1.8.0/stm32cubeide/plugins/com.st.stm32cube.ide.mcu.externaltools.gnu-tools-for-stm32.9-2020-q2-update.win32_2.0.0.202105311346/tools/bin/../lib/gcc/arm-none-eabi/9.3.1/thumb/v7e-m+dp/hard/crtbegin.o

.preinit_array  0x00000000080098e8        0x0
                0x00000000080098e8                PROVIDE (__preinit_array_start = .)
 *(.preinit_array*)
                0x00000000080098e8                PROVIDE (__preinit_array_end = .)

.init_array     0x00000000080098e8        0x4
                0x00000000080098e8                PROVIDE (__init_array_start = .)
 *(SORT_BY_NAME(.init_array.*))
 *(.init_array*)
 .init_array    0x00000000080098e8        0x4 c:/st/stm32cubeide_1.8.0/stm32cubeide/plugins/com.st.stm32cube.ide.mcu.externaltools.gnu-tools-for-stm32.9-2020-q2-update.win32_2.0.0.202105311346/tools/bin/../lib/gcc/arm-none-eabi/9.3.1/thumb/v7e-m+dp/hard/crtbegin.o
                0x00000000080098ec                PROVIDE (__init_array_end = .)

.fini_array     0x00000000080098ec        0x4
                [!provide]                        PROVIDE (__fini_array_start = .)
 *(SORT_BY_NAME(.fini_array.*))
 *(.fini_array*)
 .fini_array    0x00000000080098ec        0x4 c:/st/stm32cubeide_1.8.0/stm32cubeide/plugins/com.st.stm32cube.ide.mcu.externaltools.gnu-tools-for-stm32.9-2020-q2-update.win32_2.0.0.202105311346/tools/bin/../lib/gcc/arm-none-eabi/9.3.1/thumb/v7e-m+dp/hard/crtbegin.o
                [!provide]                        PROVIDE (__fini_array_end = .)
                0x00000000080098f0                _sidata = LOADADDR (.data)

.data           0x0000000024000000       0x28 load address 0x00000000080098f0
                0x0000000024000000                . = ALIGN (0x4)
                0x0000000024000000                _sdata = .
 *(.data)
 *(.data*)
 .data.LED_PORT
                0x0000000024000000        0xc ./Core/Src/stm32h7xx_nucleo.o
 .data.BUTTON_PORT
                0x000000002400000c        0x4 ./Core/Src/stm32h7xx_nucleo.o
 .data.ButtonCallback.11333
                0x0000000024000010        0x4 ./Core/Src/stm32h7xx_nucleo.o
 .data.BSP_BUTTON_PRIO.11334
                0x0000000024000014        0x4 ./Core/Src/stm32h7xx_nucleo.o
 .data.SystemCoreClock
                0x0000000024000018        0x4 ./Core/Src/system_stm32h7xx.o
                0x0000000024000018                SystemCoreClock
 .data.SystemD2Clock
                0x000000002400001c        0x4 ./Core/Src/system_stm32h7xx.o
                0x000000002400001c                SystemD2Clock
 .data.uwTickPrio
                0x0000000024000020        0x4 ./Drivers/STM32H7xx_HAL_Driver/Src/stm32h7xx_hal.o
                0x0000000024000020                uwTickPrio
 .data.uwTickFreq
                0x0000000024000024        0x1 ./Drivers/STM32H7xx_HAL_Driver/Src/stm32h7xx_hal.o
                0x0000000024000024                uwTickFreq
 *(.RamFunc)
 *(.RamFunc*)
                0x0000000024000028                . = ALIGN (0x4)
 *fill*         0x0000000024000025        0x3 
                0x0000000024000028                _edata = .

.igot.plt       0x0000000024000028        0x0 load address 0x0000000008009918
 .igot.plt      0x0000000024000028        0x0 c:/st/stm32cubeide_1.8.0/stm32cubeide/plugins/com.st.stm32cube.ide.mcu.externaltools.gnu-tools-for-stm32.9-2020-q2-update.win32_2.0.0.202105311346/tools/bin/../lib/gcc/arm-none-eabi/9.3.1/thumb/v7e-m+dp/hard/crtbegin.o
                0x0000000024000028                . = ALIGN (0x4)

.bss            0x0000000024000040     0x6080 load address 0x0000000008009918
                0x0000000024000040                _sbss = .
                0x0000000024000040                __bss_start__ = _sbss
 *(.bss)
 .bss           0x0000000024000040       0x1c c:/st/stm32cubeide_1.8.0/stm32cubeide/plugins/com.st.stm32cube.ide.mcu.externaltools.gnu-tools-for-stm32.9-2020-q2-update.win32_2.0.0.202105311346/tools/bin/../lib/gcc/arm-none-eabi/9.3.1/thumb/v7e-m+dp/hard/crtbegin.o
 *(.bss*)
 .bss.UartReady
                0x000000002400005c        0x1 ./Core/Src/main.o
                0x000000002400005c                UartReady
 *fill*         0x000000002400005d        0x3 
 .bss.UserButtonStatus
                0x0000000024000060        0x4 ./Core/Src/main.o
                0x0000000024000060                UserButtonStatus
 *fill*         0x0000000024000064       0x1c 
 .bss.aTxBuffer
                0x0000000024000080      0x800 ./Core/Src/main.o
                0x0000000024000080                aTxBuffer
 .bss.aRxBuffer
                0x0000000024000880     0x5000 ./Core/Src/main.o
                0x0000000024000880                aRxBuffer
 .bss.wTransferState
                0x0000000024005880        0x4 ./Core/Src/main.o
                0x0000000024005880                wTransferState
 *(COMMON)
 COMMON         0x0000000024005884      0x7a0 ./Core/Src/main.o
                0x0000000024005884                hspi2
                0x000000002400590c                huart3
                0x000000002400599c                hpcd_USB_OTG_FS
                0x0000000024005da4                hdma_usart3_tx
                0x0000000024005e1c                hdma_usart1_tx
                0x0000000024005e94                huart1
                0x0000000024005f24                hspi1
                0x0000000024005fac                hdma_spi1_rx
 COMMON         0x0000000024006024       0x98 ./Core/Src/stm32h7xx_nucleo.o
                0x0000000024006024                hpb_exti
                0x000000002400602c                hcom_uart
 COMMON         0x00000000240060bc        0x4 ./Drivers/STM32H7xx_HAL_Driver/Src/stm32h7xx_hal.o
                0x00000000240060bc                uwTick
                0x00000000240060c0                . = ALIGN (0x4)
                0x00000000240060c0                _ebss = .
                0x00000000240060c0                __bss_end__ = _ebss

._user_heap_stack
                0x00000000240060c0      0x600 load address 0x0000000008009918
                0x00000000240060c0                . = ALIGN (0x8)
                [!provide]                        PROVIDE (end = .)
                0x00000000240060c0                PROVIDE (_end = .)
                0x00000000240062c0                . = (. + _Min_Heap_Size)
 *fill*         0x00000000240060c0      0x200 
                0x00000000240066c0                . = (. + _Min_Stack_Size)
 *fill*         0x00000000240062c0      0x400 
                0x00000000240066c0                . = ALIGN (0x8)

/DISCARD/
 libc.a(*)
 libm.a(*)
 libgcc.a(*)

.ARM.attributes
                0x0000000000000000       0x2e
 *(.ARM.attributes)
 .ARM.attributes
                0x0000000000000000       0x1e c:/st/stm32cubeide_1.8.0/stm32cubeide/plugins/com.st.stm32cube.ide.mcu.externaltools.gnu-tools-for-stm32.9-2020-q2-update.win32_2.0.0.202105311346/tools/bin/../lib/gcc/arm-none-eabi/9.3.1/thumb/v7e-m+dp/hard/crti.o
 .ARM.attributes
                0x000000000000001e       0x32 c:/st/stm32cubeide_1.8.0/stm32cubeide/plugins/com.st.stm32cube.ide.mcu.externaltools.gnu-tools-for-stm32.9-2020-q2-update.win32_2.0.0.202105311346/tools/bin/../lib/gcc/arm-none-eabi/9.3.1/thumb/v7e-m+dp/hard/crtbegin.o
 .ARM.attributes
                0x0000000000000050       0x32 ./Core/Src/main.o
 .ARM.attributes
                0x0000000000000082       0x32 ./Core/Src/stm32h7xx_hal_msp.o
 .ARM.attributes
                0x00000000000000b4       0x32 ./Core/Src/stm32h7xx_it.o
 .ARM.attributes
                0x00000000000000e6       0x32 ./Core/Src/stm32h7xx_nucleo.o
 .ARM.attributes
                0x0000000000000118       0x32 ./Core/Src/system_stm32h7xx.o
 .ARM.attributes
                0x000000000000014a       0x21 ./Core/Startup/startup_stm32h743zitx.o
 .ARM.attributes
                0x000000000000016b       0x32 ./Drivers/STM32H7xx_HAL_Driver/Src/stm32h7xx_hal.o
 .ARM.attributes
                0x000000000000019d       0x32 ./Drivers/STM32H7xx_HAL_Driver/Src/stm32h7xx_hal_cortex.o
 .ARM.attributes
                0x00000000000001cf       0x32 ./Drivers/STM32H7xx_HAL_Driver/Src/stm32h7xx_hal_dma.o
 .ARM.attributes
                0x0000000000000201       0x32 ./Drivers/STM32H7xx_HAL_Driver/Src/stm32h7xx_hal_exti.o
 .ARM.attributes
                0x0000000000000233       0x32 ./Drivers/STM32H7xx_HAL_Driver/Src/stm32h7xx_hal_gpio.o
 .ARM.attributes
                0x0000000000000265       0x32 ./Drivers/STM32H7xx_HAL_Driver/Src/stm32h7xx_hal_pwr_ex.o
 .ARM.attributes
                0x0000000000000297       0x32 ./Drivers/STM32H7xx_HAL_Driver/Src/stm32h7xx_hal_rcc.o
 .ARM.attributes
                0x00000000000002c9       0x32 ./Drivers/STM32H7xx_HAL_Driver/Src/stm32h7xx_hal_rcc_ex.o
 .ARM.attributes
                0x00000000000002fb       0x32 ./Drivers/STM32H7xx_HAL_Driver/Src/stm32h7xx_hal_spi.o
 .ARM.attributes
                0x000000000000032d       0x32 ./Drivers/STM32H7xx_HAL_Driver/Src/stm32h7xx_hal_uart.o
 .ARM.attributes
                0x000000000000035f       0x32 ./Drivers/STM32H7xx_HAL_Driver/Src/stm32h7xx_hal_uart_ex.o
 .ARM.attributes
                0x0000000000000391       0x32 c:/st/stm32cubeide_1.8.0/stm32cubeide/plugins/com.st.stm32cube.ide.mcu.externaltools.gnu-tools-for-stm32.9-2020-q2-update.win32_2.0.0.202105311346/tools/bin/../lib/gcc/arm-none-eabi/9.3.1/../../../../arm-none-eabi/lib/thumb/v7e-m+dp/hard\libc_nano.a(lib_a-init.o)
 .ARM.attributes
                0x00000000000003c3       0x32 c:/st/stm32cubeide_1.8.0/stm32cubeide/plugins/com.st.stm32cube.ide.mcu.externaltools.gnu-tools-for-stm32.9-2020-q2-update.win32_2.0.0.202105311346/tools/bin/../lib/gcc/arm-none-eabi/9.3.1/../../../../arm-none-eabi/lib/thumb/v7e-m+dp/hard\libc_nano.a(lib_a-memset.o)
 .ARM.attributes
                0x00000000000003f5       0x1e c:/st/stm32cubeide_1.8.0/stm32cubeide/plugins/com.st.stm32cube.ide.mcu.externaltools.gnu-tools-for-stm32.9-2020-q2-update.win32_2.0.0.202105311346/tools/bin/../lib/gcc/arm-none-eabi/9.3.1/thumb/v7e-m+dp/hard\libgcc.a(_aeabi_uldivmod.o)
 .ARM.attributes
                0x0000000000000413       0x32 c:/st/stm32cubeide_1.8.0/stm32cubeide/plugins/com.st.stm32cube.ide.mcu.externaltools.gnu-tools-for-stm32.9-2020-q2-update.win32_2.0.0.202105311346/tools/bin/../lib/gcc/arm-none-eabi/9.3.1/thumb/v7e-m+dp/hard\libgcc.a(_udivmoddi4.o)
 .ARM.attributes
                0x0000000000000445       0x1e c:/st/stm32cubeide_1.8.0/stm32cubeide/plugins/com.st.stm32cube.ide.mcu.externaltools.gnu-tools-for-stm32.9-2020-q2-update.win32_2.0.0.202105311346/tools/bin/../lib/gcc/arm-none-eabi/9.3.1/thumb/v7e-m+dp/hard\libgcc.a(_dvmd_tls.o)
 .ARM.attributes
                0x0000000000000463       0x1e c:/st/stm32cubeide_1.8.0/stm32cubeide/plugins/com.st.stm32cube.ide.mcu.externaltools.gnu-tools-for-stm32.9-2020-q2-update.win32_2.0.0.202105311346/tools/bin/../lib/gcc/arm-none-eabi/9.3.1/thumb/v7e-m+dp/hard/crtn.o
OUTPUT(UART_test2.elf elf32-littlearm)
LOAD linker stubs
LOAD c:/st/stm32cubeide_1.8.0/stm32cubeide/plugins/com.st.stm32cube.ide.mcu.externaltools.gnu-tools-for-stm32.9-2020-q2-update.win32_2.0.0.202105311346/tools/bin/../lib/gcc/arm-none-eabi/9.3.1/../../../../arm-none-eabi/lib/thumb/v7e-m+dp/hard\libc.a
LOAD c:/st/stm32cubeide_1.8.0/stm32cubeide/plugins/com.st.stm32cube.ide.mcu.externaltools.gnu-tools-for-stm32.9-2020-q2-update.win32_2.0.0.202105311346/tools/bin/../lib/gcc/arm-none-eabi/9.3.1/../../../../arm-none-eabi/lib/thumb/v7e-m+dp/hard\libm.a
LOAD c:/st/stm32cubeide_1.8.0/stm32cubeide/plugins/com.st.stm32cube.ide.mcu.externaltools.gnu-tools-for-stm32.9-2020-q2-update.win32_2.0.0.202105311346/tools/bin/../lib/gcc/arm-none-eabi/9.3.1/thumb/v7e-m+dp/hard\libgcc.a

.debug_info     0x0000000000000000    0x1dabc
 .debug_info    0x0000000000000000     0x3255 ./Core/Src/main.o
 .debug_info    0x0000000000003255     0x24c3 ./Core/Src/stm32h7xx_hal_msp.o
 .debug_info    0x0000000000005718     0x1786 ./Core/Src/stm32h7xx_it.o
 .debug_info    0x0000000000006e9e     0x2303 ./Core/Src/stm32h7xx_nucleo.o
 .debug_info    0x00000000000091a1     0x1787 ./Core/Src/system_stm32h7xx.o
 .debug_info    0x000000000000a928       0x22 ./Core/Startup/startup_stm32h743zitx.o
 .debug_info    0x000000000000a94a     0x1f9d ./Drivers/STM32H7xx_HAL_Driver/Src/stm32h7xx_hal.o
 .debug_info    0x000000000000c8e7     0x1c13 ./Drivers/STM32H7xx_HAL_Driver/Src/stm32h7xx_hal_cortex.o
 .debug_info    0x000000000000e4fa     0x174c ./Drivers/STM32H7xx_HAL_Driver/Src/stm32h7xx_hal_dma.o
 .debug_info    0x000000000000fc46     0x146d ./Drivers/STM32H7xx_HAL_Driver/Src/stm32h7xx_hal_exti.o
 .debug_info    0x00000000000110b3     0x17e6 ./Drivers/STM32H7xx_HAL_Driver/Src/stm32h7xx_hal_gpio.o
 .debug_info    0x0000000000012899     0x1b45 ./Drivers/STM32H7xx_HAL_Driver/Src/stm32h7xx_hal_pwr_ex.o
 .debug_info    0x00000000000143de     0x1951 ./Drivers/STM32H7xx_HAL_Driver/Src/stm32h7xx_hal_rcc.o
 .debug_info    0x0000000000015d2f     0x1d01 ./Drivers/STM32H7xx_HAL_Driver/Src/stm32h7xx_hal_rcc_ex.o
 .debug_info    0x0000000000017a30     0x1fc7 ./Drivers/STM32H7xx_HAL_Driver/Src/stm32h7xx_hal_spi.o
 .debug_info    0x00000000000199f7     0x2937 ./Drivers/STM32H7xx_HAL_Driver/Src/stm32h7xx_hal_uart.o
 .debug_info    0x000000000001c32e     0x178e ./Drivers/STM32H7xx_HAL_Driver/Src/stm32h7xx_hal_uart_ex.o

.debug_abbrev   0x0000000000000000     0x2fb9
 .debug_abbrev  0x0000000000000000      0x36e ./Core/Src/main.o
 .debug_abbrev  0x000000000000036e      0x2ac ./Core/Src/stm32h7xx_hal_msp.o
 .debug_abbrev  0x000000000000061a      0x21d ./Core/Src/stm32h7xx_it.o
 .debug_abbrev  0x0000000000000837      0x35d ./Core/Src/stm32h7xx_nucleo.o
 .debug_abbrev  0x0000000000000b94      0x262 ./Core/Src/system_stm32h7xx.o
 .debug_abbrev  0x0000000000000df6       0x12 ./Core/Startup/startup_stm32h743zitx.o
 .debug_abbrev  0x0000000000000e08      0x31b ./Drivers/STM32H7xx_HAL_Driver/Src/stm32h7xx_hal.o
 .debug_abbrev  0x0000000000001123      0x409 ./Drivers/STM32H7xx_HAL_Driver/Src/stm32h7xx_hal_cortex.o
 .debug_abbrev  0x000000000000152c      0x2c1 ./Drivers/STM32H7xx_HAL_Driver/Src/stm32h7xx_hal_dma.o
 .debug_abbrev  0x00000000000017ed      0x2b1 ./Drivers/STM32H7xx_HAL_Driver/Src/stm32h7xx_hal_exti.o
 .debug_abbrev  0x0000000000001a9e      0x2cb ./Drivers/STM32H7xx_HAL_Driver/Src/stm32h7xx_hal_gpio.o
 .debug_abbrev  0x0000000000001d69      0x350 ./Drivers/STM32H7xx_HAL_Driver/Src/stm32h7xx_hal_pwr_ex.o
 .debug_abbrev  0x00000000000020b9      0x322 ./Drivers/STM32H7xx_HAL_Driver/Src/stm32h7xx_hal_rcc.o
 .debug_abbrev  0x00000000000023db      0x31d ./Drivers/STM32H7xx_HAL_Driver/Src/stm32h7xx_hal_rcc_ex.o
 .debug_abbrev  0x00000000000026f8      0x313 ./Drivers/STM32H7xx_HAL_Driver/Src/stm32h7xx_hal_spi.o
 .debug_abbrev  0x0000000000002a0b      0x309 ./Drivers/STM32H7xx_HAL_Driver/Src/stm32h7xx_hal_uart.o
 .debug_abbrev  0x0000000000002d14      0x2a5 ./Drivers/STM32H7xx_HAL_Driver/Src/stm32h7xx_hal_uart_ex.o

.debug_aranges  0x0000000000000000      0xdd0
 .debug_aranges
                0x0000000000000000       0x98 ./Core/Src/main.o
 .debug_aranges
                0x0000000000000098       0x40 ./Core/Src/stm32h7xx_hal_msp.o
 .debug_aranges
                0x00000000000000d8       0x90 ./Core/Src/stm32h7xx_it.o
 .debug_aranges
                0x0000000000000168       0xa8 ./Core/Src/stm32h7xx_nucleo.o
 .debug_aranges
                0x0000000000000210       0x28 ./Core/Src/system_stm32h7xx.o
 .debug_aranges
                0x0000000000000238       0x28 ./Core/Startup/startup_stm32h743zitx.o
 .debug_aranges
                0x0000000000000260      0x198 ./Drivers/STM32H7xx_HAL_Driver/Src/stm32h7xx_hal.o
 .debug_aranges
                0x00000000000003f8      0x120 ./Drivers/STM32H7xx_HAL_Driver/Src/stm32h7xx_hal_cortex.o
 .debug_aranges
                0x0000000000000518       0xa0 ./Drivers/STM32H7xx_HAL_Driver/Src/stm32h7xx_hal_dma.o
 .debug_aranges
                0x00000000000005b8       0x60 ./Drivers/STM32H7xx_HAL_Driver/Src/stm32h7xx_hal_exti.o
 .debug_aranges
                0x0000000000000618       0x58 ./Drivers/STM32H7xx_HAL_Driver/Src/stm32h7xx_hal_gpio.o
 .debug_aranges
                0x0000000000000670      0x158 ./Drivers/STM32H7xx_HAL_Driver/Src/stm32h7xx_hal_pwr_ex.o
 .debug_aranges
                0x00000000000007c8       0x88 ./Drivers/STM32H7xx_HAL_Driver/Src/stm32h7xx_hal_rcc.o
 .debug_aranges
                0x0000000000000850       0xf8 ./Drivers/STM32H7xx_HAL_Driver/Src/stm32h7xx_hal_rcc_ex.o
 .debug_aranges
                0x0000000000000948      0x1a0 ./Drivers/STM32H7xx_HAL_Driver/Src/stm32h7xx_hal_spi.o
 .debug_aranges
                0x0000000000000ae8      0x248 ./Drivers/STM32H7xx_HAL_Driver/Src/stm32h7xx_hal_uart.o
 .debug_aranges
                0x0000000000000d30       0xa0 ./Drivers/STM32H7xx_HAL_Driver/Src/stm32h7xx_hal_uart_ex.o

.debug_ranges   0x0000000000000000      0xcf8
 .debug_ranges  0x0000000000000000       0x88 ./Core/Src/main.o
 .debug_ranges  0x0000000000000088       0x30 ./Core/Src/stm32h7xx_hal_msp.o
 .debug_ranges  0x00000000000000b8       0x80 ./Core/Src/stm32h7xx_it.o
 .debug_ranges  0x0000000000000138       0x98 ./Core/Src/stm32h7xx_nucleo.o
 .debug_ranges  0x00000000000001d0       0x18 ./Core/Src/system_stm32h7xx.o
 .debug_ranges  0x00000000000001e8       0x20 ./Core/Startup/startup_stm32h743zitx.o
 .debug_ranges  0x0000000000000208      0x188 ./Drivers/STM32H7xx_HAL_Driver/Src/stm32h7xx_hal.o
 .debug_ranges  0x0000000000000390      0x110 ./Drivers/STM32H7xx_HAL_Driver/Src/stm32h7xx_hal_cortex.o
 .debug_ranges  0x00000000000004a0       0x90 ./Drivers/STM32H7xx_HAL_Driver/Src/stm32h7xx_hal_dma.o
 .debug_ranges  0x0000000000000530       0x50 ./Drivers/STM32H7xx_HAL_Driver/Src/stm32h7xx_hal_exti.o
 .debug_ranges  0x0000000000000580       0x48 ./Drivers/STM32H7xx_HAL_Driver/Src/stm32h7xx_hal_gpio.o
 .debug_ranges  0x00000000000005c8      0x148 ./Drivers/STM32H7xx_HAL_Driver/Src/stm32h7xx_hal_pwr_ex.o
 .debug_ranges  0x0000000000000710       0x78 ./Drivers/STM32H7xx_HAL_Driver/Src/stm32h7xx_hal_rcc.o
 .debug_ranges  0x0000000000000788       0xe8 ./Drivers/STM32H7xx_HAL_Driver/Src/stm32h7xx_hal_rcc_ex.o
 .debug_ranges  0x0000000000000870      0x190 ./Drivers/STM32H7xx_HAL_Driver/Src/stm32h7xx_hal_spi.o
 .debug_ranges  0x0000000000000a00      0x268 ./Drivers/STM32H7xx_HAL_Driver/Src/stm32h7xx_hal_uart.o
 .debug_ranges  0x0000000000000c68       0x90 ./Drivers/STM32H7xx_HAL_Driver/Src/stm32h7xx_hal_uart_ex.o

.debug_macro    0x0000000000000000    0x374ed
 .debug_macro   0x0000000000000000      0x345 ./Core/Src/main.o
 .debug_macro   0x0000000000000345      0xac0 ./Core/Src/main.o
 .debug_macro   0x0000000000000e05      0x244 ./Core/Src/main.o
 .debug_macro   0x0000000000001049       0x2e ./Core/Src/main.o
 .debug_macro   0x0000000000001077       0x3b ./Core/Src/main.o
 .debug_macro   0x00000000000010b2       0x22 ./Core/Src/main.o
 .debug_macro   0x00000000000010d4       0x8e ./Core/Src/main.o
 .debug_macro   0x0000000000001162       0x51 ./Core/Src/main.o
 .debug_macro   0x00000000000011b3      0x103 ./Core/Src/main.o
 .debug_macro   0x00000000000012b6       0x6a ./Core/Src/main.o
 .debug_macro   0x0000000000001320      0x1df ./Core/Src/main.o
 .debug_macro   0x00000000000014ff       0x1c ./Core/Src/main.o
 .debug_macro   0x000000000000151b       0x22 ./Core/Src/main.o
 .debug_macro   0x000000000000153d      0x101 ./Core/Src/main.o
 .debug_macro   0x000000000000163e     0x1305 ./Core/Src/main.o
 .debug_macro   0x0000000000002943      0x11f ./Core/Src/main.o
 .debug_macro   0x0000000000002a62       0x27 ./Core/Src/main.o
 .debug_macro   0x0000000000002a89    0x253d1 ./Core/Src/main.o
 .debug_macro   0x0000000000027e5a       0x43 ./Core/Src/main.o
 .debug_macro   0x0000000000027e9d     0x3cd3 ./Core/Src/main.o
 .debug_macro   0x000000000002bb70      0x174 ./Core/Src/main.o
 .debug_macro   0x000000000002bce4       0x52 ./Core/Src/main.o
 .debug_macro   0x000000000002bd36       0x17 ./Core/Src/main.o
 .debug_macro   0x000000000002bd4d       0x3c ./Core/Src/main.o
 .debug_macro   0x000000000002bd89       0x34 ./Core/Src/main.o
 .debug_macro   0x000000000002bdbd       0x16 ./Core/Src/main.o
 .debug_macro   0x000000000002bdd3       0x43 ./Core/Src/main.o
 .debug_macro   0x000000000002be16       0x34 ./Core/Src/main.o
 .debug_macro   0x000000000002be4a       0x10 ./Core/Src/main.o
 .debug_macro   0x000000000002be5a       0x58 ./Core/Src/main.o
 .debug_macro   0x000000000002beb2       0x71 ./Core/Src/main.o
 .debug_macro   0x000000000002bf23       0x1c ./Core/Src/main.o
 .debug_macro   0x000000000002bf3f      0x12a ./Core/Src/main.o
 .debug_macro   0x000000000002c069      0x333 ./Core/Src/main.o
 .debug_macro   0x000000000002c39c      0x1a9 ./Core/Src/main.o
 .debug_macro   0x000000000002c545       0x5d ./Core/Src/main.o
 .debug_macro   0x000000000002c5a2     0x2382 ./Core/Src/main.o
 .debug_macro   0x000000000002e924     0x1002 ./Core/Src/main.o
 .debug_macro   0x000000000002f926      0x14d ./Core/Src/main.o
 .debug_macro   0x000000000002fa73      0x117 ./Core/Src/main.o
 .debug_macro   0x000000000002fb8a      0x3b2 ./Core/Src/main.o
 .debug_macro   0x000000000002ff3c       0x27 ./Core/Src/main.o
 .debug_macro   0x000000000002ff63      0x72d ./Core/Src/main.o
 .debug_macro   0x0000000000030690      0x229 ./Core/Src/main.o
 .debug_macro   0x00000000000308b9       0x66 ./Core/Src/main.o
 .debug_macro   0x000000000003091f      0x3bb ./Core/Src/main.o
 .debug_macro   0x0000000000030cda      0xa59 ./Core/Src/main.o
 .debug_macro   0x0000000000031733      0x129 ./Core/Src/main.o
 .debug_macro   0x000000000003185c      0x3e5 ./Core/Src/main.o
 .debug_macro   0x0000000000031c41      0x275 ./Core/Src/main.o
 .debug_macro   0x0000000000031eb6      0x3cb ./Core/Src/main.o
 .debug_macro   0x0000000000032281      0x408 ./Core/Src/main.o
 .debug_macro   0x0000000000032689       0x51 ./Core/Src/main.o
 .debug_macro   0x00000000000326da       0x4a ./Core/Src/main.o
 .debug_macro   0x0000000000032724      0x22c ./Core/Src/main.o
 .debug_macro   0x0000000000032950       0x67 ./Core/Src/main.o
 .debug_macro   0x00000000000329b7       0xa5 ./Core/Src/main.o
 .debug_macro   0x0000000000032a5c      0x1c5 ./Core/Src/main.o
 .debug_macro   0x0000000000032c21      0x25f ./Core/Src/main.o
 .debug_macro   0x0000000000032e80       0x35 ./Core/Src/main.o
 .debug_macro   0x0000000000032eb5      0x5dd ./Core/Src/main.o
 .debug_macro   0x0000000000033492       0x9e ./Core/Src/main.o
 .debug_macro   0x0000000000033530      0x67e ./Core/Src/main.o
 .debug_macro   0x0000000000033bae       0xa6 ./Core/Src/main.o
 .debug_macro   0x0000000000033c54      0x21e ./Core/Src/main.o
 .debug_macro   0x0000000000033e72       0x90 ./Core/Src/main.o
 .debug_macro   0x0000000000033f02      0x5a0 ./Core/Src/main.o
 .debug_macro   0x00000000000344a2       0x2e ./Core/Src/main.o
 .debug_macro   0x00000000000344d0       0x52 ./Core/Src/main.o
 .debug_macro   0x0000000000034522      0x137 ./Core/Src/main.o
 .debug_macro   0x0000000000034659       0x76 ./Core/Src/main.o
 .debug_macro   0x00000000000346cf       0x16 ./Core/Src/main.o
 .debug_macro   0x00000000000346e5       0x35 ./Core/Src/main.o
 .debug_macro   0x000000000003471a       0x20 ./Core/Src/main.o
 .debug_macro   0x000000000003473a      0x315 ./Core/Src/stm32h7xx_hal_msp.o
 .debug_macro   0x0000000000034a4f      0x31f ./Core/Src/stm32h7xx_it.o
 .debug_macro   0x0000000000034d6e      0x30c ./Core/Src/stm32h7xx_nucleo.o
 .debug_macro   0x000000000003507a       0x28 ./Core/Src/stm32h7xx_nucleo.o
 .debug_macro   0x00000000000350a2      0x2eb ./Core/Src/system_stm32h7xx.o
 .debug_macro   0x000000000003538d      0x30f ./Drivers/STM32H7xx_HAL_Driver/Src/stm32h7xx_hal.o
 .debug_macro   0x000000000003569c      0x2e5 ./Drivers/STM32H7xx_HAL_Driver/Src/stm32h7xx_hal_cortex.o
 .debug_macro   0x0000000000035981      0x339 ./Drivers/STM32H7xx_HAL_Driver/Src/stm32h7xx_hal_dma.o
 .debug_macro   0x0000000000035cba      0x2f3 ./Drivers/STM32H7xx_HAL_Driver/Src/stm32h7xx_hal_exti.o
 .debug_macro   0x0000000000035fad      0x321 ./Drivers/STM32H7xx_HAL_Driver/Src/stm32h7xx_hal_gpio.o
 .debug_macro   0x00000000000362ce      0x31e ./Drivers/STM32H7xx_HAL_Driver/Src/stm32h7xx_hal_pwr_ex.o
 .debug_macro   0x00000000000365ec      0x309 ./Drivers/STM32H7xx_HAL_Driver/Src/stm32h7xx_hal_rcc.o
 .debug_macro   0x00000000000368f5      0x303 ./Drivers/STM32H7xx_HAL_Driver/Src/stm32h7xx_hal_rcc_ex.o
 .debug_macro   0x0000000000036bf8      0x2f4 ./Drivers/STM32H7xx_HAL_Driver/Src/stm32h7xx_hal_spi.o
 .debug_macro   0x0000000000036eec      0x310 ./Drivers/STM32H7xx_HAL_Driver/Src/stm32h7xx_hal_uart.o
 .debug_macro   0x00000000000371fc      0x2f1 ./Drivers/STM32H7xx_HAL_Driver/Src/stm32h7xx_hal_uart_ex.o

.debug_line     0x0000000000000000    0x130d5
 .debug_line    0x0000000000000000      0xf6f ./Core/Src/main.o
 .debug_line    0x0000000000000f6f      0xb92 ./Core/Src/stm32h7xx_hal_msp.o
 .debug_line    0x0000000000001b01      0xad3 ./Core/Src/stm32h7xx_it.o
 .debug_line    0x00000000000025d4      0xc93 ./Core/Src/stm32h7xx_nucleo.o
 .debug_line    0x0000000000003267      0xa88 ./Core/Src/system_stm32h7xx.o
 .debug_line    0x0000000000003cef       0x88 ./Core/Startup/startup_stm32h743zitx.o
 .debug_line    0x0000000000003d77      0xe7f ./Drivers/STM32H7xx_HAL_Driver/Src/stm32h7xx_hal.o
 .debug_line    0x0000000000004bf6      0xe85 ./Drivers/STM32H7xx_HAL_Driver/Src/stm32h7xx_hal_cortex.o
 .debug_line    0x0000000000005a7b     0x27c3 ./Drivers/STM32H7xx_HAL_Driver/Src/stm32h7xx_hal_dma.o
 .debug_line    0x000000000000823e      0xd5c ./Drivers/STM32H7xx_HAL_Driver/Src/stm32h7xx_hal_exti.o
 .debug_line    0x0000000000008f9a      0xd4a ./Drivers/STM32H7xx_HAL_Driver/Src/stm32h7xx_hal_gpio.o
 .debug_line    0x0000000000009ce4      0xf99 ./Drivers/STM32H7xx_HAL_Driver/Src/stm32h7xx_hal_pwr_ex.o
 .debug_line    0x000000000000ac7d     0x13cb ./Drivers/STM32H7xx_HAL_Driver/Src/stm32h7xx_hal_rcc.o
 .debug_line    0x000000000000c048     0x1b98 ./Drivers/STM32H7xx_HAL_Driver/Src/stm32h7xx_hal_rcc_ex.o
 .debug_line    0x000000000000dbe0     0x21cb ./Drivers/STM32H7xx_HAL_Driver/Src/stm32h7xx_hal_spi.o
 .debug_line    0x000000000000fdab     0x24bd ./Drivers/STM32H7xx_HAL_Driver/Src/stm32h7xx_hal_uart.o
 .debug_line    0x0000000000012268      0xe6d ./Drivers/STM32H7xx_HAL_Driver/Src/stm32h7xx_hal_uart_ex.o

.debug_str      0x0000000000000000   0x15f74f
 .debug_str     0x0000000000000000   0x15b547 ./Core/Src/main.o
                                     0x15bba0 (size before relaxing)
 .debug_str     0x000000000015b547      0x3b9 ./Core/Src/stm32h7xx_hal_msp.o
                                     0x15b5b5 (size before relaxing)
 .debug_str     0x000000000015b900      0x13c ./Core/Src/stm32h7xx_it.o
                                     0x15a853 (size before relaxing)
 .debug_str     0x000000000015ba3c      0x365 ./Core/Src/stm32h7xx_nucleo.o
                                     0x15b0db (size before relaxing)
 .debug_str     0x000000000015bda1      0x225 ./Core/Src/system_stm32h7xx.o
                                     0x159987 (size before relaxing)
 .debug_str     0x000000000015bfc6       0x36 ./Core/Startup/startup_stm32h743zitx.o
                                         0x73 (size before relaxing)
 .debug_str     0x000000000015bffc      0x73b ./Drivers/STM32H7xx_HAL_Driver/Src/stm32h7xx_hal.o
                                     0x15a798 (size before relaxing)
 .debug_str     0x000000000015c737      0x389 ./Drivers/STM32H7xx_HAL_Driver/Src/stm32h7xx_hal_cortex.o
                                     0x15a2a0 (size before relaxing)
 .debug_str     0x000000000015cac0      0x87e ./Drivers/STM32H7xx_HAL_Driver/Src/stm32h7xx_hal_dma.o
                                     0x15a080 (size before relaxing)
 .debug_str     0x000000000015d33e      0x1c5 ./Drivers/STM32H7xx_HAL_Driver/Src/stm32h7xx_hal_exti.o
                                     0x1597bc (size before relaxing)
 .debug_str     0x000000000015d503      0x1df ./Drivers/STM32H7xx_HAL_Driver/Src/stm32h7xx_hal_gpio.o
                                     0x159a23 (size before relaxing)
 .debug_str     0x000000000015d6e2      0x63e ./Drivers/STM32H7xx_HAL_Driver/Src/stm32h7xx_hal_pwr_ex.o
                                     0x159df1 (size before relaxing)
 .debug_str     0x000000000015dd20      0x26c ./Drivers/STM32H7xx_HAL_Driver/Src/stm32h7xx_hal_rcc.o
                                     0x159cb2 (size before relaxing)
 .debug_str     0x000000000015df8c      0x665 ./Drivers/STM32H7xx_HAL_Driver/Src/stm32h7xx_hal_rcc_ex.o
                                     0x15a178 (size before relaxing)
 .debug_str     0x000000000015e5f1      0x515 ./Drivers/STM32H7xx_HAL_Driver/Src/stm32h7xx_hal_spi.o
                                     0x159fa2 (size before relaxing)
 .debug_str     0x000000000015eb06      0x962 ./Drivers/STM32H7xx_HAL_Driver/Src/stm32h7xx_hal_uart.o
                                     0x15a6aa (size before relaxing)
 .debug_str     0x000000000015f468      0x2e7 ./Drivers/STM32H7xx_HAL_Driver/Src/stm32h7xx_hal_uart_ex.o
                                     0x159cd2 (size before relaxing)

.comment        0x0000000000000000       0x53
 .comment       0x0000000000000000       0x53 ./Core/Src/main.o
                                         0x54 (size before relaxing)
 .comment       0x0000000000000053       0x54 ./Core/Src/stm32h7xx_hal_msp.o
 .comment       0x0000000000000053       0x54 ./Core/Src/stm32h7xx_it.o
 .comment       0x0000000000000053       0x54 ./Core/Src/stm32h7xx_nucleo.o
 .comment       0x0000000000000053       0x54 ./Core/Src/system_stm32h7xx.o
 .comment       0x0000000000000053       0x54 ./Drivers/STM32H7xx_HAL_Driver/Src/stm32h7xx_hal.o
 .comment       0x0000000000000053       0x54 ./Drivers/STM32H7xx_HAL_Driver/Src/stm32h7xx_hal_cortex.o
 .comment       0x0000000000000053       0x54 ./Drivers/STM32H7xx_HAL_Driver/Src/stm32h7xx_hal_dma.o
 .comment       0x0000000000000053       0x54 ./Drivers/STM32H7xx_HAL_Driver/Src/stm32h7xx_hal_exti.o
 .comment       0x0000000000000053       0x54 ./Drivers/STM32H7xx_HAL_Driver/Src/stm32h7xx_hal_gpio.o
 .comment       0x0000000000000053       0x54 ./Drivers/STM32H7xx_HAL_Driver/Src/stm32h7xx_hal_pwr_ex.o
 .comment       0x0000000000000053       0x54 ./Drivers/STM32H7xx_HAL_Driver/Src/stm32h7xx_hal_rcc.o
 .comment       0x0000000000000053       0x54 ./Drivers/STM32H7xx_HAL_Driver/Src/stm32h7xx_hal_rcc_ex.o
 .comment       0x0000000000000053       0x54 ./Drivers/STM32H7xx_HAL_Driver/Src/stm32h7xx_hal_spi.o
 .comment       0x0000000000000053       0x54 ./Drivers/STM32H7xx_HAL_Driver/Src/stm32h7xx_hal_uart.o
 .comment       0x0000000000000053       0x54 ./Drivers/STM32H7xx_HAL_Driver/Src/stm32h7xx_hal_uart_ex.o

.debug_frame    0x0000000000000000     0x38fc
 .debug_frame   0x0000000000000000      0x234 ./Core/Src/main.o
 .debug_frame   0x0000000000000234       0xd0 ./Core/Src/stm32h7xx_hal_msp.o
 .debug_frame   0x0000000000000304      0x1ac ./Core/Src/stm32h7xx_it.o
 .debug_frame   0x00000000000004b0      0x290 ./Core/Src/stm32h7xx_nucleo.o
 .debug_frame   0x0000000000000740       0x58 ./Core/Src/system_stm32h7xx.o
 .debug_frame   0x0000000000000798      0x690 ./Drivers/STM32H7xx_HAL_Driver/Src/stm32h7xx_hal.o
 .debug_frame   0x0000000000000e28      0x4b8 ./Drivers/STM32H7xx_HAL_Driver/Src/stm32h7xx_hal_cortex.o
 .debug_frame   0x00000000000012e0      0x2b4 ./Drivers/STM32H7xx_HAL_Driver/Src/stm32h7xx_hal_dma.o
 .debug_frame   0x0000000000001594      0x174 ./Drivers/STM32H7xx_HAL_Driver/Src/stm32h7xx_hal_exti.o
 .debug_frame   0x0000000000001708      0x14c ./Drivers/STM32H7xx_HAL_Driver/Src/stm32h7xx_hal_gpio.o
 .debug_frame   0x0000000000001854      0x580 ./Drivers/STM32H7xx_HAL_Driver/Src/stm32h7xx_hal_pwr_ex.o
 .debug_frame   0x0000000000001dd4      0x1f8 ./Drivers/STM32H7xx_HAL_Driver/Src/stm32h7xx_hal_rcc.o
 .debug_frame   0x0000000000001fcc      0x3f4 ./Drivers/STM32H7xx_HAL_Driver/Src/stm32h7xx_hal_rcc_ex.o
 .debug_frame   0x00000000000023c0      0x778 ./Drivers/STM32H7xx_HAL_Driver/Src/stm32h7xx_hal_spi.o
 .debug_frame   0x0000000000002b38      0xa7c ./Drivers/STM32H7xx_HAL_Driver/Src/stm32h7xx_hal_uart.o
 .debug_frame   0x00000000000035b4      0x29c ./Drivers/STM32H7xx_HAL_Driver/Src/stm32h7xx_hal_uart_ex.o
 .debug_frame   0x0000000000003850       0x2c c:/st/stm32cubeide_1.8.0/stm32cubeide/plugins/com.st.stm32cube.ide.mcu.externaltools.gnu-tools-for-stm32.9-2020-q2-update.win32_2.0.0.202105311346/tools/bin/../lib/gcc/arm-none-eabi/9.3.1/../../../../arm-none-eabi/lib/thumb/v7e-m+dp/hard\libc_nano.a(lib_a-init.o)
 .debug_frame   0x000000000000387c       0x20 c:/st/stm32cubeide_1.8.0/stm32cubeide/plugins/com.st.stm32cube.ide.mcu.externaltools.gnu-tools-for-stm32.9-2020-q2-update.win32_2.0.0.202105311346/tools/bin/../lib/gcc/arm-none-eabi/9.3.1/../../../../arm-none-eabi/lib/thumb/v7e-m+dp/hard\libc_nano.a(lib_a-memset.o)
 .debug_frame   0x000000000000389c       0x2c c:/st/stm32cubeide_1.8.0/stm32cubeide/plugins/com.st.stm32cube.ide.mcu.externaltools.gnu-tools-for-stm32.9-2020-q2-update.win32_2.0.0.202105311346/tools/bin/../lib/gcc/arm-none-eabi/9.3.1/thumb/v7e-m+dp/hard\libgcc.a(_aeabi_uldivmod.o)
 .debug_frame   0x00000000000038c8       0x34 c:/st/stm32cubeide_1.8.0/stm32cubeide/plugins/com.st.stm32cube.ide.mcu.externaltools.gnu-tools-for-stm32.9-2020-q2-update.win32_2.0.0.202105311346/tools/bin/../lib/gcc/arm-none-eabi/9.3.1/thumb/v7e-m+dp/hard\libgcc.a(_udivmoddi4.o)
