main.c:77:5:main	40	static,ignoring_inline_asm
main.c:324:6:SystemClock_Config	120	static
main.c:379:13:MX_SPI1_Init	8	static
main.c:437:13:MX_SPI2_Init	8	static
main.c:495:13:MX_USART1_UART_Init	8	static
main.c:544:13:MX_USART3_UART_Init	8	static
main.c:591:13:MX_DMA_Init	16	static
main.c:619:13:MX_GPIO_Init	64	static
main.c:687:6:HAL_GPIO_EXTI_Callback	16	static
main.c:694:6:tx_h_complete	16	static
main.c:705:6:HAL_SPI_ErrorCallback	16	static
main.c:710:6:HAL_UART_ErrorCallback	16	static
main.c:719:6:Error_Handler	8	static,ignoring_inline_asm
