stm32h7xx_it.c:44:6:NMI_Handler	4	static
stm32h7xx_it.c:57:6:HardFault_Handler	4	static
stm32h7xx_it.c:70:6:MemManage_Handler	4	static
stm32h7xx_it.c:83:6:BusFault_Handler	4	static
stm32h7xx_it.c:96:6:UsageFault_Handler	4	static
stm32h7xx_it.c:109:6:SVC_Handler	4	static
stm32h7xx_it.c:121:6:DebugMon_Handler	4	static
stm32h7xx_it.c:133:6:PendSV_Handler	4	static
stm32h7xx_it.c:145:6:SysTick_Handler	8	static
stm32h7xx_it.c:165:6:DMA1_Stream0_IRQHandler	8	static
stm32h7xx_it.c:175:6:DMA1_Stream1_IRQHandler	8	static
stm32h7xx_it.c:185:6:DMA2_Stream0_IRQHandler	8	static
stm32h7xx_it.c:195:6:DMA2_Stream1_IRQHandler	8	static
stm32h7xx_it.c:205:6:EXTI15_10_IRQHandler	8	static
stm32h7xx_it.c:214:6:USART1_IRQHandler	8	static
stm32h7xx_it.c:224:6:USART3_IRQHandler	8	static
stm32h7xx_it.c:234:6:SPI1_IRQHandler	8	static
stm32h7xx_it.c:244:6:SPI2_IRQHandler	8	static
