stm32h7xx_it.c:74:6:NMI_Handler	0	static
stm32h7xx_it.c:89:6:HardFault_Handler	0	static
stm32h7xx_it.c:104:6:MemManage_Handler	0	static
stm32h7xx_it.c:119:6:BusFault_Handler	0	static
stm32h7xx_it.c:134:6:UsageFault_Handler	0	static
stm32h7xx_it.c:149:6:SVC_Handler	0	static
stm32h7xx_it.c:162:6:DebugMon_Handler	0	static
stm32h7xx_it.c:175:6:PendSV_Handler	0	static
stm32h7xx_it.c:188:6:SysTick_Handler	0	static
stm32h7xx_it.c:209:6:DMA1_Stream0_IRQHandler	0	static
stm32h7xx_it.c:223:6:DMA1_Stream1_IRQHandler	8	static
stm32h7xx_it.c:235:6:DMA2_Stream0_IRQHandler	8	static
stm32h7xx_it.c:246:6:EXTI15_10_IRQHandler	0	static
stm32h7xx_it.c:251:6:USART3_IRQHandler	8	static
stm32h7xx_it.c:257:6:SPI1_IRQHandler	8	static
